[2026-07-28 04:28:37] [rank0] ======================================================================
[2026-07-28 04:28:37] [rank0] Infinite World - Training - [sekai-game-walking-352_192_30fps]-shift3-[East_Maddon_Park]-[sunny]-chunks3-07_28-04:28:36
[2026-07-28 04:28:37] [rank0] ======================================================================
[2026-07-28 04:28:37] [rank0] Data: preprocessed/sekai-game-walking-352_192_30fps
[2026-07-28 04:28:37] [rank0] Device: cuda:0, World Size: 4
[2026-07-28 04:28:37] [rank0] ======================================================================
[2026-07-28 04:28:42] [rank0] Config saved: logs/train_log/[sekai-game-walking-352_192_30fps]-shift3-[East_Maddon_Park]-[sunny]-chunks3-07_28-04:28:36/config.json
[2026-07-28 04:29:11] [rank0] Validation: 4 videos x 10 timestep buckets
[2026-07-28 04:29:11] [rank0] Starting training loop...
[2026-07-28 04:29:11] [rank0] === Epoch 1/20 ===
[2026-07-28 04:29:15] [rank0] step 1: loss=0.025912, grad_norm=0.834277, lr=0.000010, video=case430, num_chunks=3, step_second=3.791120
[2026-07-28 04:29:18] [rank0] step 2: loss=0.077915, grad_norm=0.731679, lr=0.000010, video=case9, num_chunks=3, step_second=2.684521
[2026-07-28 04:29:21] [rank0] step 3: loss=0.116522, grad_norm=0.421043, lr=0.000010, video=case1365, num_chunks=3, step_second=2.779701
[2026-07-28 04:29:24] [rank0] step 4: loss=0.106564, grad_norm=0.640594, lr=0.000010, video=case478, num_chunks=3, step_second=2.744836
[2026-07-28 04:29:26] [rank0] step 5: loss=0.084679, grad_norm=0.453050, lr=0.000010, video=case1261, num_chunks=3, step_second=2.661345
[2026-07-28 04:29:29] [rank0] step 6: loss=0.063673, grad_norm=0.386212, lr=0.000010, video=case476, num_chunks=3, step_second=2.764655
[2026-07-28 04:29:32] [rank0] step 7: loss=0.104509, grad_norm=0.663780, lr=0.000010, video=case1613, num_chunks=3, step_second=2.760412
[2026-07-28 04:29:35] [rank0] step 8: loss=0.108811, grad_norm=0.769197, lr=0.000010, video=case567, num_chunks=3, step_second=2.744819
[2026-07-28 04:29:37] [rank0] step 9: loss=0.227015, grad_norm=0.797215, lr=0.000010, video=case122, num_chunks=3, step_second=2.662962
[2026-07-28 04:29:40] [rank0] step 10: loss=0.111013, grad_norm=0.412594, lr=0.000010, video=case944, num_chunks=3, step_second=2.766537
[2026-07-28 04:29:43] [rank0] step 11: loss=0.094395, grad_norm=0.625667, lr=0.000010, video=case880, num_chunks=3, step_second=2.839761
[2026-07-28 04:29:46] [rank0] step 12: loss=0.066381, grad_norm=0.301972, lr=0.000010, video=case41, num_chunks=3, step_second=2.846156
[2026-07-28 04:29:49] [rank0] step 13: loss=0.113810, grad_norm=0.273100, lr=0.000010, video=case909, num_chunks=3, step_second=2.724102
[2026-07-28 04:29:51] [rank0] step 14: loss=0.120887, grad_norm=0.665890, lr=0.000010, video=case18, num_chunks=3, step_second=2.826867
[2026-07-28 04:29:54] [rank0] step 15: loss=0.372657, grad_norm=0.308322, lr=0.000010, video=case679, num_chunks=3, step_second=2.838547
[2026-07-28 04:29:57] [rank0] step 16: loss=0.107351, grad_norm=0.386388, lr=0.000010, video=case270, num_chunks=3, step_second=2.850935
[2026-07-28 04:30:04] [rank0] step 16: val_loss_t50=0.578685, val_loss_t150=0.260718, val_loss_t250=0.163237, val_loss_t350=0.117696, val_loss_t450=0.092638, val_loss_t550=0.076669, val_loss_t650=0.066654, val_loss_t750=0.061980, val_loss_t850=0.061976, val_loss_t950=0.081966, val_loss_mean=0.156222
[2026-07-28 04:30:04] [rank0] === Epoch 2/20 ===
[2026-07-28 04:30:07] [rank0] step 17: loss=0.066301, grad_norm=0.471205, lr=0.000010, video=case96, num_chunks=3, step_second=2.840745
[2026-07-28 04:30:10] [rank0] step 18: loss=0.075652, grad_norm=0.478015, lr=0.000010, video=case608, num_chunks=3, step_second=2.773647
[2026-07-28 04:30:13] [rank0] step 19: loss=0.156821, grad_norm=0.283076, lr=0.000010, video=case674, num_chunks=3, step_second=2.933646
[2026-07-28 04:30:16] [rank0] step 20: loss=0.089193, grad_norm=0.323151, lr=0.000010, video=case444, num_chunks=3, step_second=2.795407
[2026-07-28 04:30:19] [rank0] step 21: loss=0.105359, grad_norm=0.267442, lr=0.000010, video=case389, num_chunks=3, step_second=2.742137
[2026-07-28 04:30:21] [rank0] step 22: loss=0.124294, grad_norm=0.215431, lr=0.000010, video=case618, num_chunks=3, step_second=2.687721
[2026-07-28 04:30:24] [rank0] step 23: loss=0.095604, grad_norm=0.247036, lr=0.000010, video=case1487, num_chunks=3, step_second=2.733088
[2026-07-28 04:30:27] [rank0] step 24: loss=0.063295, grad_norm=0.332550, lr=0.000010, video=case1325, num_chunks=3, step_second=2.749593
[2026-07-28 04:30:30] [rank0] step 25: loss=0.237514, grad_norm=0.191598, lr=0.000010, video=case1429, num_chunks=3, step_second=2.737046
[2026-07-28 04:30:32] [rank0] step 26: loss=0.101902, grad_norm=0.592070, lr=0.000010, video=case1084, num_chunks=3, step_second=2.755407
[2026-07-28 04:30:35] [rank0] step 27: loss=0.108015, grad_norm=0.265322, lr=0.000010, video=case567, num_chunks=3, step_second=2.776327
[2026-07-28 04:30:38] [rank0] step 28: loss=0.177447, grad_norm=0.438811, lr=0.000010, video=case889, num_chunks=3, step_second=2.730008
[2026-07-28 04:30:41] [rank0] step 29: loss=0.095643, grad_norm=0.282788, lr=0.000010, video=case880, num_chunks=3, step_second=2.795408
[2026-07-28 04:30:44] [rank0] step 30: loss=0.092909, grad_norm=0.167899, lr=0.000010, video=case602, num_chunks=3, step_second=2.816477
[2026-07-28 04:30:46] [rank0] step 31: loss=0.081057, grad_norm=0.284693, lr=0.000010, video=case1350, num_chunks=3, step_second=2.655954
[2026-07-28 04:30:49] [rank0] step 32: loss=0.105242, grad_norm=0.194031, lr=0.000010, video=case1470, num_chunks=3, step_second=2.759673
[2026-07-28 04:30:56] [rank0] step 32: val_loss_t50=0.578131, val_loss_t150=0.256864, val_loss_t250=0.160096, val_loss_t350=0.115000, val_loss_t450=0.090052, val_loss_t550=0.074307, val_loss_t650=0.064342, val_loss_t750=0.058193, val_loss_t850=0.057899, val_loss_t950=0.071907, val_loss_mean=0.152679
[2026-07-28 04:30:56] [rank0] === Epoch 3/20 ===
[2026-07-28 04:30:59] [rank0] step 33: loss=0.146830, grad_norm=0.482084, lr=0.000010, video=case9, num_chunks=3, step_second=2.847604
[2026-07-28 04:31:02] [rank0] step 34: loss=0.067953, grad_norm=0.290250, lr=0.000010, video=case203, num_chunks=3, step_second=2.778968
[2026-07-28 04:31:04] [rank0] step 35: loss=0.144579, grad_norm=0.380799, lr=0.000010, video=case476, num_chunks=3, step_second=2.692332
[2026-07-28 04:31:07] [rank0] step 36: loss=0.073094, grad_norm=0.127657, lr=0.000010, video=case1003, num_chunks=3, step_second=2.804706
[2026-07-28 04:31:10] [rank0] step 37: loss=0.097306, grad_norm=0.721224, lr=0.000010, video=case48, num_chunks=3, step_second=2.824545
[2026-07-28 04:31:13] [rank0] step 38: loss=0.108459, grad_norm=0.460626, lr=0.000010, video=case973, num_chunks=3, step_second=2.772006
[2026-07-28 04:31:16] [rank0] step 39: loss=0.087332, grad_norm=0.193280, lr=0.000010, video=case1613, num_chunks=3, step_second=2.706789
[2026-07-28 04:31:18] [rank0] step 40: loss=0.081363, grad_norm=0.456523, lr=0.000010, video=case1558, num_chunks=3, step_second=2.716717
[2026-07-28 04:31:21] [rank0] step 41: loss=0.107556, grad_norm=0.511040, lr=0.000010, video=case122, num_chunks=3, step_second=2.841039
[2026-07-28 04:31:24] [rank0] step 42: loss=0.067929, grad_norm=0.450896, lr=0.000010, video=case1015, num_chunks=3, step_second=2.759212
[2026-07-28 04:31:27] [rank0] step 43: loss=0.094726, grad_norm=0.205790, lr=0.000010, video=case478, num_chunks=3, step_second=2.758616
[2026-07-28 04:31:29] [rank0] step 44: loss=0.085467, grad_norm=0.329605, lr=0.000010, video=case1485, num_chunks=3, step_second=2.687302
[2026-07-28 04:31:32] [rank0] step 45: loss=0.186434, grad_norm=0.189528, lr=0.000010, video=case674, num_chunks=3, step_second=2.757088
[2026-07-28 04:31:35] [rank0] step 46: loss=0.093351, grad_norm=0.269961, lr=0.000010, video=case880, num_chunks=3, step_second=2.767763
[2026-07-28 04:31:38] [rank0] step 47: loss=0.343767, grad_norm=0.260603, lr=0.000010, video=case889, num_chunks=3, step_second=2.749963
[2026-07-28 04:31:40] [rank0] step 48: loss=0.186453, grad_norm=0.422612, lr=0.000010, video=case1365, num_chunks=3, step_second=2.669029
[2026-07-28 04:31:47] [rank0] step 48: val_loss_t50=0.572652, val_loss_t150=0.255610, val_loss_t250=0.158930, val_loss_t350=0.113835, val_loss_t450=0.088897, val_loss_t550=0.072998, val_loss_t650=0.063039, val_loss_t750=0.057019, val_loss_t850=0.054587, val_loss_t950=0.074103, val_loss_mean=0.151167
[2026-07-28 04:31:47] [rank0] === Epoch 4/20 ===
[2026-07-28 04:31:50] [rank0] step 49: loss=0.050430, grad_norm=0.270482, lr=0.000010, video=case889, num_chunks=3, step_second=2.822697
[2026-07-28 04:31:53] [rank0] step 50: loss=0.211570, grad_norm=0.307529, lr=0.000010, video=case672, num_chunks=3, step_second=2.823752
[2026-07-28 04:31:56] [rank0] step 51: loss=0.093501, grad_norm=0.282759, lr=0.000010, video=case674, num_chunks=3, step_second=2.848904
[2026-07-28 04:31:59] [rank0] step 52: loss=0.096426, grad_norm=0.198586, lr=0.000010, video=case602, num_chunks=3, step_second=2.774412
[2026-07-28 04:32:02] [rank0] step 53: loss=0.061061, grad_norm=0.391527, lr=0.000010, video=case679, num_chunks=3, step_second=2.735126
[2026-07-28 04:32:04] [rank0] step 54: loss=0.060986, grad_norm=0.165419, lr=0.000010, video=case1558, num_chunks=3, step_second=2.845242
[2026-07-28 04:32:07] [rank0] step 55: loss=0.095650, grad_norm=0.367257, lr=0.000010, video=case618, num_chunks=3, step_second=2.763485
[2026-07-28 04:32:10] [rank0] step 56: loss=0.096710, grad_norm=0.218002, lr=0.000010, video=case453, num_chunks=3, step_second=2.785859
[2026-07-28 04:32:13] [rank0] step 57: loss=0.138222, grad_norm=0.336947, lr=0.000010, video=case1470, num_chunks=3, step_second=2.765592
[2026-07-28 04:32:16] [rank0] step 58: loss=0.056304, grad_norm=0.299616, lr=0.000010, video=case96, num_chunks=3, step_second=2.857493
[2026-07-28 04:32:19] [rank0] step 59: loss=0.161888, grad_norm=0.353226, lr=0.000010, video=case209, num_chunks=3, step_second=2.804201
[2026-07-28 04:32:21] [rank0] step 60: loss=0.062368, grad_norm=0.189953, lr=0.000010, video=case41, num_chunks=3, step_second=2.844712
[2026-07-28 04:32:24] [rank0] step 61: loss=0.088868, grad_norm=0.259279, lr=0.000010, video=case48, num_chunks=3, step_second=2.814246
[2026-07-28 04:32:27] [rank0] step 62: loss=0.039397, grad_norm=0.221333, lr=0.000010, video=case430, num_chunks=3, step_second=2.831097
[2026-07-28 04:32:30] [rank0] step 63: loss=0.200335, grad_norm=0.138744, lr=0.000010, video=case839, num_chunks=3, step_second=2.849751
[2026-07-28 04:32:33] [rank0] step 64: loss=0.099674, grad_norm=0.503972, lr=0.000010, video=case1365, num_chunks=3, step_second=2.870907
[2026-07-28 04:32:40] [rank0] step 64: val_loss_t50=0.569484, val_loss_t150=0.254202, val_loss_t250=0.157739, val_loss_t350=0.112711, val_loss_t450=0.088089, val_loss_t550=0.072269, val_loss_t650=0.062149, val_loss_t750=0.056074, val_loss_t850=0.054083, val_loss_t950=0.067560, val_loss_mean=0.149436
[2026-07-28 04:32:40] [rank0] === Epoch 5/20 ===
[2026-07-28 04:32:43] [rank0] step 65: loss=0.110334, grad_norm=0.178446, lr=0.000010, video=case935, num_chunks=3, step_second=2.852000
[2026-07-28 04:32:46] [rank0] step 66: loss=0.074082, grad_norm=0.243797, lr=0.000010, video=case1485, num_chunks=3, step_second=2.831464
[2026-07-28 04:32:49] [rank0] step 67: loss=0.075779, grad_norm=0.247013, lr=0.000010, video=case608, num_chunks=3, step_second=2.853096
[2026-07-28 04:32:51] [rank0] step 68: loss=0.082317, grad_norm=0.237444, lr=0.000010, video=case96, num_chunks=3, step_second=2.843971
[2026-07-28 04:32:54] [rank0] step 69: loss=0.219898, grad_norm=0.444304, lr=0.000010, video=case1533, num_chunks=3, step_second=2.807188
[2026-07-28 04:32:57] [rank0] step 70: loss=0.078661, grad_norm=0.227727, lr=0.000010, video=case1365, num_chunks=3, step_second=2.724572
[2026-07-28 04:33:00] [rank0] step 71: loss=0.074633, grad_norm=0.526132, lr=0.000010, video=case1487, num_chunks=3, step_second=2.731570
[2026-07-28 04:33:03] [rank0] step 72: loss=0.066498, grad_norm=0.334172, lr=0.000010, video=case203, num_chunks=3, step_second=2.772859
[2026-07-28 04:33:06] [rank0] step 73: loss=0.082431, grad_norm=0.255097, lr=0.000010, video=case674, num_chunks=3, step_second=2.987568
[2026-07-28 04:33:08] [rank0] step 74: loss=0.093753, grad_norm=0.369648, lr=0.000010, video=case751, num_chunks=3, step_second=2.703584
[2026-07-28 04:33:11] [rank0] step 75: loss=0.096693, grad_norm=0.568347, lr=0.000010, video=case389, num_chunks=3, step_second=2.797036
[2026-07-28 04:33:14] [rank0] step 76: loss=0.067151, grad_norm=0.256508, lr=0.000010, video=case444, num_chunks=3, step_second=2.815170
[2026-07-28 04:33:17] [rank0] step 77: loss=0.070536, grad_norm=0.144419, lr=0.000010, video=case679, num_chunks=3, step_second=2.853479
[2026-07-28 04:33:20] [rank0] step 78: loss=0.191891, grad_norm=0.162641, lr=0.000010, video=case278, num_chunks=3, step_second=2.786273
[2026-07-28 04:33:22] [rank0] step 79: loss=0.064259, grad_norm=0.161980, lr=0.000010, video=case60, num_chunks=3, step_second=2.819404
[2026-07-28 04:33:25] [rank0] step 80: loss=0.052161, grad_norm=0.229322, lr=0.000010, video=case1015, num_chunks=3, step_second=2.839250
[2026-07-28 04:33:32] [rank0] step 80: val_loss_t50=0.563983, val_loss_t150=0.253370, val_loss_t250=0.158034, val_loss_t350=0.113271, val_loss_t450=0.088371, val_loss_t550=0.072606, val_loss_t650=0.062549, val_loss_t750=0.055986, val_loss_t850=0.054646, val_loss_t950=0.072649, val_loss_mean=0.149547
[2026-07-28 04:33:32] [rank0] === Epoch 6/20 ===
[2026-07-28 04:33:35] [rank0] step 81: loss=0.069653, grad_norm=0.225013, lr=0.000010, video=case8, num_chunks=3, step_second=2.822284
[2026-07-28 04:33:38] [rank0] step 82: loss=0.125836, grad_norm=0.418889, lr=0.000010, video=case973, num_chunks=3, step_second=2.860301
[2026-07-28 04:33:41] [rank0] step 83: loss=0.054328, grad_norm=0.195191, lr=0.000010, video=case608, num_chunks=3, step_second=2.778879
[2026-07-28 04:33:44] [rank0] step 84: loss=0.045113, grad_norm=0.168978, lr=0.000010, video=case430, num_chunks=3, step_second=2.866821
[2026-07-28 04:33:47] [rank0] step 85: loss=0.089231, grad_norm=0.241855, lr=0.000010, video=case839, num_chunks=3, step_second=2.865046
[2026-07-28 04:33:50] [rank0] step 86: loss=0.114931, grad_norm=0.353380, lr=0.000010, video=case1245, num_chunks=3, step_second=2.896804
[2026-07-28 04:33:52] [rank0] step 87: loss=0.070394, grad_norm=0.271627, lr=0.000010, video=case880, num_chunks=3, step_second=2.843778
[2026-07-28 04:33:55] [rank0] step 88: loss=0.069965, grad_norm=0.238805, lr=0.000010, video=case1277, num_chunks=3, step_second=2.917196
[2026-07-28 04:33:58] [rank0] step 89: loss=0.118056, grad_norm=0.255021, lr=0.000010, video=case1470, num_chunks=3, step_second=2.875119
[2026-07-28 04:34:01] [rank0] step 90: loss=0.148943, grad_norm=0.181743, lr=0.000010, video=case18, num_chunks=3, step_second=2.853703
[2026-07-28 04:34:04] [rank0] step 91: loss=0.183316, grad_norm=0.192400, lr=0.000010, video=case567, num_chunks=3, step_second=2.785152
[2026-07-28 04:34:07] [rank0] step 92: loss=0.059035, grad_norm=0.192160, lr=0.000010, video=case1084, num_chunks=3, step_second=2.872560
[2026-07-28 04:34:10] [rank0] step 93: loss=0.098580, grad_norm=0.349732, lr=0.000010, video=case508, num_chunks=3, step_second=2.864100
[2026-07-28 04:34:13] [rank0] step 94: loss=0.083481, grad_norm=0.259405, lr=0.000010, video=case1350, num_chunks=3, step_second=2.934853
[2026-07-28 04:34:16] [rank0] step 95: loss=0.247301, grad_norm=0.296578, lr=0.000010, video=case1003, num_chunks=3, step_second=2.903733
[2026-07-28 04:34:18] [rank0] step 96: loss=0.107145, grad_norm=0.253103, lr=0.000010, video=case48, num_chunks=3, step_second=2.725565
[2026-07-28 04:34:25] [rank0] step 96: val_loss_t50=0.564170, val_loss_t150=0.252236, val_loss_t250=0.157009, val_loss_t350=0.112430, val_loss_t450=0.087663, val_loss_t550=0.072100, val_loss_t650=0.061734, val_loss_t750=0.055185, val_loss_t850=0.054006, val_loss_t950=0.071227, val_loss_mean=0.148776
[2026-07-28 04:34:25] [rank0] === Epoch 7/20 ===
[2026-07-28 04:34:28] [rank0] step 97: loss=0.093068, grad_norm=0.211327, lr=0.000010, video=case9, num_chunks=3, step_second=2.845489
[2026-07-28 04:34:31] [rank0] step 98: loss=0.147836, grad_norm=0.310093, lr=0.000010, video=case751, num_chunks=3, step_second=2.799537
[2026-07-28 04:34:34] [rank0] step 99: loss=0.099703, grad_norm=0.140468, lr=0.000010, video=case909, num_chunks=3, step_second=2.819812
[2026-07-28 04:34:37] [rank0] step 100: loss=0.086971, grad_norm=0.106696, lr=0.000010, video=case93, num_chunks=3, step_second=2.795012
[2026-07-28 04:35:48] [rank0] step 101: loss=0.145186, grad_norm=0.293012, lr=0.000010, video=case1245, num_chunks=3, step_second=2.811448
[2026-07-28 04:35:51] [rank0] step 102: loss=0.130525, grad_norm=0.207183, lr=0.000010, video=case1596, num_chunks=3, step_second=2.804180
[2026-07-28 04:35:54] [rank0] step 103: loss=0.078497, grad_norm=0.798580, lr=0.000010, video=case1325, num_chunks=3, step_second=2.857672
[2026-07-28 04:35:56] [rank0] step 104: loss=0.132852, grad_norm=0.258356, lr=0.000010, video=case600, num_chunks=3, step_second=2.770276
[2026-07-28 04:35:59] [rank0] step 105: loss=0.119538, grad_norm=0.338610, lr=0.000010, video=case679, num_chunks=3, step_second=2.878438
[2026-07-28 04:36:02] [rank0] step 106: loss=0.178910, grad_norm=0.375946, lr=0.000010, video=case1223, num_chunks=3, step_second=2.814584
[2026-07-28 04:36:05] [rank0] step 107: loss=0.083273, grad_norm=0.161680, lr=0.000010, video=case672, num_chunks=3, step_second=2.866994
[2026-07-28 04:36:08] [rank0] step 108: loss=0.065215, grad_norm=0.459961, lr=0.000010, video=case1277, num_chunks=3, step_second=2.862412
[2026-07-28 04:36:11] [rank0] step 109: loss=0.117040, grad_norm=0.200518, lr=0.000010, video=case453, num_chunks=3, step_second=2.786891
[2026-07-28 04:36:14] [rank0] step 110: loss=0.318722, grad_norm=0.337554, lr=0.000010, video=case608, num_chunks=3, step_second=2.804194
[2026-07-28 04:36:16] [rank0] step 111: loss=0.088103, grad_norm=0.291233, lr=0.000010, video=case674, num_chunks=3, step_second=2.851118
[2026-07-28 04:36:19] [rank0] step 112: loss=0.076476, grad_norm=0.521602, lr=0.000010, video=case1350, num_chunks=3, step_second=2.843006
[2026-07-28 04:36:26] [rank0] step 112: val_loss_t50=0.565446, val_loss_t150=0.252586, val_loss_t250=0.156723, val_loss_t350=0.111821, val_loss_t450=0.087288, val_loss_t550=0.071605, val_loss_t650=0.061408, val_loss_t750=0.054570, val_loss_t850=0.053790, val_loss_t950=0.066332, val_loss_mean=0.148157
[2026-07-28 04:36:26] [rank0] === Epoch 8/20 ===
[2026-07-28 04:36:29] [rank0] step 113: loss=0.314036, grad_norm=0.164371, lr=0.000010, video=case18, num_chunks=3, step_second=2.816630
[2026-07-28 04:36:32] [rank0] step 114: loss=0.220020, grad_norm=0.170363, lr=0.000010, video=case1325, num_chunks=3, step_second=2.847487
[2026-07-28 04:36:35] [rank0] step 115: loss=0.110874, grad_norm=0.211051, lr=0.000010, video=case602, num_chunks=3, step_second=2.835044
[2026-07-28 04:36:38] [rank0] step 116: loss=0.192346, grad_norm=0.284254, lr=0.000010, video=case1223, num_chunks=3, step_second=2.879111
[2026-07-28 04:36:41] [rank0] step 117: loss=0.093017, grad_norm=0.581060, lr=0.000010, video=case889, num_chunks=3, step_second=2.841314
[2026-07-28 04:36:43] [rank0] step 118: loss=0.093214, grad_norm=0.223077, lr=0.000010, video=case1084, num_chunks=3, step_second=2.830022
[2026-07-28 04:36:46] [rank0] step 119: loss=0.085247, grad_norm=0.261097, lr=0.000010, video=case1558, num_chunks=3, step_second=2.851573
[2026-07-28 04:36:49] [rank0] step 120: loss=0.098310, grad_norm=0.310810, lr=0.000010, video=case944, num_chunks=3, step_second=2.885932
[2026-07-28 04:36:52] [rank0] step 121: loss=0.195136, grad_norm=0.162534, lr=0.000010, video=case478, num_chunks=3, step_second=2.875935
[2026-07-28 04:36:55] [rank0] step 122: loss=0.217017, grad_norm=0.231205, lr=0.000010, video=case476, num_chunks=3, step_second=2.834765
[2026-07-28 04:36:58] [rank0] step 123: loss=0.132738, grad_norm=0.443759, lr=0.000010, video=case444, num_chunks=3, step_second=2.880700
[2026-07-28 04:37:01] [rank0] step 124: loss=0.124323, grad_norm=0.199833, lr=0.000010, video=case1261, num_chunks=3, step_second=2.858276
[2026-07-28 04:37:04] [rank0] step 125: loss=0.069457, grad_norm=0.303374, lr=0.000010, video=case600, num_chunks=3, step_second=2.862178
[2026-07-28 04:37:06] [rank0] step 126: loss=0.387446, grad_norm=0.793244, lr=0.000010, video=case60, num_chunks=3, step_second=2.739101
[2026-07-28 04:37:09] [rank0] step 127: loss=0.423713, grad_norm=0.528307, lr=0.000010, video=case1245, num_chunks=3, step_second=2.856123
[2026-07-28 04:37:12] [rank0] step 128: loss=0.087222, grad_norm=0.405573, lr=0.000010, video=case672, num_chunks=3, step_second=2.899679
[2026-07-28 04:37:19] [rank0] step 128: val_loss_t50=0.569586, val_loss_t150=0.251226, val_loss_t250=0.155907, val_loss_t350=0.111623, val_loss_t450=0.087001, val_loss_t550=0.071509, val_loss_t650=0.061189, val_loss_t750=0.054672, val_loss_t850=0.054129, val_loss_t950=0.066509, val_loss_mean=0.148335
[2026-07-28 04:37:19] [rank0] === Epoch 9/20 ===
[2026-07-28 04:37:22] [rank0] step 129: loss=0.114592, grad_norm=0.334062, lr=0.000010, video=case880, num_chunks=3, step_second=2.917113
[2026-07-28 04:37:25] [rank0] step 130: loss=0.076032, grad_norm=0.264706, lr=0.000010, video=case1487, num_chunks=3, step_second=2.813231
[2026-07-28 04:37:28] [rank0] step 131: loss=0.059838, grad_norm=0.277363, lr=0.000010, video=case1325, num_chunks=3, step_second=2.806457
[2026-07-28 04:37:31] [rank0] step 132: loss=0.101918, grad_norm=0.750063, lr=0.000010, video=case278, num_chunks=3, step_second=2.835770
[2026-07-28 04:37:34] [rank0] step 133: loss=0.067006, grad_norm=0.520236, lr=0.000010, video=case476, num_chunks=3, step_second=2.894317
[2026-07-28 04:37:36] [rank0] step 134: loss=0.128889, grad_norm=0.678981, lr=0.000010, video=case122, num_chunks=3, step_second=2.810178
[2026-07-28 04:37:39] [rank0] step 135: loss=0.022887, grad_norm=0.319636, lr=0.000010, video=case430, num_chunks=3, step_second=2.860886
[2026-07-28 04:37:42] [rank0] step 136: loss=0.072487, grad_norm=0.204708, lr=0.000010, video=case9, num_chunks=3, step_second=2.896448
[2026-07-28 04:37:45] [rank0] step 137: loss=0.078794, grad_norm=0.223180, lr=0.000010, video=case839, num_chunks=3, step_second=2.947795
[2026-07-28 04:37:48] [rank0] step 138: loss=0.096037, grad_norm=0.305565, lr=0.000010, video=case1003, num_chunks=3, step_second=2.892775
[2026-07-28 04:37:51] [rank0] step 139: loss=0.153618, grad_norm=0.319989, lr=0.000010, video=case864, num_chunks=3, step_second=2.864673
[2026-07-28 04:37:54] [rank0] step 140: loss=0.131078, grad_norm=0.312557, lr=0.000010, video=case909, num_chunks=3, step_second=2.898567
[2026-07-28 04:37:57] [rank0] step 141: loss=0.090928, grad_norm=0.138235, lr=0.000010, video=case751, num_chunks=3, step_second=2.928740
[2026-07-28 04:38:00] [rank0] step 142: loss=0.052263, grad_norm=0.864408, lr=0.000010, video=case926, num_chunks=3, step_second=2.913469
[2026-07-28 04:38:03] [rank0] step 143: loss=0.066381, grad_norm=0.409923, lr=0.000010, video=case203, num_chunks=3, step_second=2.815968
[2026-07-28 04:38:05] [rank0] step 144: loss=0.109237, grad_norm=0.229874, lr=0.000010, video=case600, num_chunks=3, step_second=2.817170
[2026-07-28 04:38:12] [rank0] step 144: val_loss_t50=0.566207, val_loss_t150=0.252532, val_loss_t250=0.156695, val_loss_t350=0.111918, val_loss_t450=0.087418, val_loss_t550=0.071839, val_loss_t650=0.061718, val_loss_t750=0.054967, val_loss_t850=0.053825, val_loss_t950=0.066535, val_loss_mean=0.148365
[2026-07-28 04:38:12] [rank0] === Epoch 10/20 ===
[2026-07-28 04:38:16] [rank0] step 145: loss=0.092927, grad_norm=0.352829, lr=0.000010, video=case1365, num_chunks=3, step_second=2.930950
[2026-07-28 04:38:18] [rank0] step 146: loss=0.028959, grad_norm=0.589290, lr=0.000010, video=case430, num_chunks=3, step_second=2.878778
[2026-07-28 04:38:21] [rank0] step 147: loss=0.141732, grad_norm=0.410174, lr=0.000010, video=case453, num_chunks=3, step_second=2.798761
[2026-07-28 04:38:24] [rank0] step 148: loss=0.109727, grad_norm=0.689316, lr=0.000010, video=case278, num_chunks=3, step_second=2.770349
[2026-07-28 04:38:27] [rank0] step 149: loss=0.053915, grad_norm=0.271470, lr=0.000010, video=case926, num_chunks=3, step_second=2.874441
[2026-07-28 04:38:30] [rank0] step 150: loss=0.095422, grad_norm=0.284867, lr=0.000010, video=case751, num_chunks=3, step_second=2.858248
[2026-07-28 04:38:33] [rank0] step 151: loss=0.366382, grad_norm=0.493976, lr=0.000010, video=case270, num_chunks=3, step_second=2.819442
[2026-07-28 04:38:35] [rank0] step 152: loss=0.052774, grad_norm=0.650253, lr=0.000010, video=case1429, num_chunks=3, step_second=2.752584
[2026-07-28 04:38:38] [rank0] step 153: loss=0.072722, grad_norm=0.238762, lr=0.000010, video=case122, num_chunks=3, step_second=2.897547
[2026-07-28 04:38:41] [rank0] step 154: loss=0.317710, grad_norm=0.235671, lr=0.000010, video=case889, num_chunks=3, step_second=2.885573
[2026-07-28 04:38:44] [rank0] step 155: loss=0.062258, grad_norm=0.363295, lr=0.000010, video=case1046, num_chunks=3, step_second=2.788535
[2026-07-28 04:38:47] [rank0] step 156: loss=0.111726, grad_norm=0.279145, lr=0.000010, video=case1487, num_chunks=3, step_second=2.791376
[2026-07-28 04:38:50] [rank0] step 157: loss=0.194491, grad_norm=0.542743, lr=0.000010, video=case864, num_chunks=3, step_second=2.798680
[2026-07-28 04:38:53] [rank0] step 158: loss=0.255857, grad_norm=0.930577, lr=0.000010, video=case203, num_chunks=3, step_second=2.856467
[2026-07-28 04:38:55] [rank0] step 159: loss=0.073875, grad_norm=0.267807, lr=0.000010, video=case1558, num_chunks=3, step_second=2.846592
[2026-07-28 04:38:58] [rank0] step 160: loss=0.075631, grad_norm=0.328623, lr=0.000010, video=case1485, num_chunks=3, step_second=2.782379
[2026-07-28 04:39:05] [rank0] step 160: val_loss_t50=0.565216, val_loss_t150=0.252184, val_loss_t250=0.156701, val_loss_t350=0.111843, val_loss_t450=0.086972, val_loss_t550=0.071506, val_loss_t650=0.061130, val_loss_t750=0.054525, val_loss_t850=0.053078, val_loss_t950=0.067517, val_loss_mean=0.148067
[2026-07-28 04:39:05] [rank0] === Epoch 11/20 ===
[2026-07-28 04:39:08] [rank0] step 161: loss=0.096279, grad_norm=0.344315, lr=0.000010, video=case444, num_chunks=3, step_second=2.722409
[2026-07-28 04:39:11] [rank0] step 162: loss=0.094468, grad_norm=0.113173, lr=0.000010, video=case478, num_chunks=3, step_second=2.902076
[2026-07-28 04:39:14] [rank0] step 163: loss=0.266683, grad_norm=0.218645, lr=0.000010, video=case1365, num_chunks=3, step_second=2.901411
[2026-07-28 04:39:17] [rank0] step 164: loss=0.089120, grad_norm=0.356794, lr=0.000010, video=case1487, num_chunks=3, step_second=2.817116
[2026-07-28 04:39:19] [rank0] step 165: loss=0.111729, grad_norm=0.469375, lr=0.000010, video=case864, num_chunks=3, step_second=2.763491
[2026-07-28 04:39:22] [rank0] step 166: loss=0.204889, grad_norm=0.138347, lr=0.000010, video=case93, num_chunks=3, step_second=2.883852
[2026-07-28 04:39:25] [rank0] step 167: loss=0.049321, grad_norm=0.177575, lr=0.000010, video=case8, num_chunks=3, step_second=2.873555
[2026-07-28 04:39:28] [rank0] step 168: loss=0.214723, grad_norm=0.125520, lr=0.000010, video=case48, num_chunks=3, step_second=2.829480
[2026-07-28 04:39:31] [rank0] step 169: loss=0.048516, grad_norm=0.171753, lr=0.000010, video=case889, num_chunks=3, step_second=2.815681
[2026-07-28 04:39:34] [rank0] step 170: loss=0.219610, grad_norm=0.403779, lr=0.000010, video=case1470, num_chunks=3, step_second=2.782584
[2026-07-28 04:39:37] [rank0] step 171: loss=0.483033, grad_norm=0.310944, lr=0.000010, video=case122, num_chunks=3, step_second=2.832012
[2026-07-28 04:39:40] [rank0] step 172: loss=0.064768, grad_norm=0.321923, lr=0.000010, video=case880, num_chunks=3, step_second=2.862743
[2026-07-28 04:39:42] [rank0] step 173: loss=0.110958, grad_norm=0.364383, lr=0.000010, video=case1485, num_chunks=3, step_second=2.811707
[2026-07-28 04:39:45] [rank0] step 174: loss=0.072489, grad_norm=0.148293, lr=0.000010, video=case672, num_chunks=3, step_second=2.807404
[2026-07-28 04:39:48] [rank0] step 175: loss=0.118810, grad_norm=0.253484, lr=0.000010, video=case944, num_chunks=3, step_second=2.878217
[2026-07-28 04:39:51] [rank0] step 176: loss=0.182423, grad_norm=0.809344, lr=0.000010, video=case1429, num_chunks=3, step_second=2.851738
[2026-07-28 04:39:58] [rank0] step 176: val_loss_t50=0.567121, val_loss_t150=0.252296, val_loss_t250=0.156408, val_loss_t350=0.111862, val_loss_t450=0.087321, val_loss_t550=0.071481, val_loss_t650=0.060885, val_loss_t750=0.055074, val_loss_t850=0.053295, val_loss_t950=0.068931, val_loss_mean=0.148467
[2026-07-28 04:39:58] [rank0] === Epoch 12/20 ===
[2026-07-28 04:40:01] [rank0] step 177: loss=0.064139, grad_norm=0.099713, lr=0.000010, video=case96, num_chunks=3, step_second=2.863962
[2026-07-28 04:40:04] [rank0] step 178: loss=0.067541, grad_norm=0.170401, lr=0.000010, video=case674, num_chunks=3, step_second=2.725166
[2026-07-28 04:40:07] [rank0] step 179: loss=0.114855, grad_norm=0.387847, lr=0.000010, video=case389, num_chunks=3, step_second=2.868387
[2026-07-28 04:40:10] [rank0] step 180: loss=0.099261, grad_norm=0.414284, lr=0.000010, video=case1196, num_chunks=3, step_second=2.864212
[2026-07-28 04:40:12] [rank0] step 181: loss=0.090272, grad_norm=0.322928, lr=0.000010, video=case1470, num_chunks=3, step_second=2.830929
[2026-07-28 04:40:15] [rank0] step 182: loss=0.086646, grad_norm=1.234359, lr=0.000010, video=case1308, num_chunks=3, step_second=2.719553
[2026-07-28 04:40:18] [rank0] step 183: loss=0.077671, grad_norm=0.382886, lr=0.000010, video=case1003, num_chunks=3, step_second=2.822689
[2026-07-28 04:40:21] [rank0] step 184: loss=0.084025, grad_norm=0.220287, lr=0.000010, video=case880, num_chunks=3, step_second=2.818520
[2026-07-28 04:40:24] [rank0] step 185: loss=0.087277, grad_norm=0.334888, lr=0.000010, video=case1596, num_chunks=3, step_second=2.882303
[2026-07-28 04:40:27] [rank0] step 186: loss=0.082160, grad_norm=0.196442, lr=0.000010, video=case909, num_chunks=3, step_second=2.830148
[2026-07-28 04:40:29] [rank0] step 187: loss=0.031863, grad_norm=0.244492, lr=0.000010, video=case430, num_chunks=3, step_second=2.768953
[2026-07-28 04:40:32] [rank0] step 188: loss=0.081130, grad_norm=0.221917, lr=0.000010, video=case839, num_chunks=3, step_second=2.862201
[2026-07-28 04:40:35] [rank0] step 189: loss=0.121808, grad_norm=0.502821, lr=0.000010, video=case973, num_chunks=3, step_second=2.880146
[2026-07-28 04:40:38] [rank0] step 190: loss=0.086136, grad_norm=0.156110, lr=0.000010, video=case935, num_chunks=3, step_second=2.836466
[2026-07-28 04:40:41] [rank0] step 191: loss=0.341694, grad_norm=0.419720, lr=0.000010, video=case1533, num_chunks=3, step_second=2.776662
[2026-07-28 04:40:44] [rank0] step 192: loss=0.086169, grad_norm=0.703916, lr=0.000010, video=case453, num_chunks=3, step_second=2.870317
[2026-07-28 04:40:50] [rank0] step 192: val_loss_t50=0.561956, val_loss_t150=0.251750, val_loss_t250=0.156676, val_loss_t350=0.112259, val_loss_t450=0.087656, val_loss_t550=0.072020, val_loss_t650=0.061734, val_loss_t750=0.054938, val_loss_t850=0.054167, val_loss_t950=0.068306, val_loss_mean=0.148146
[2026-07-28 04:40:50] [rank0] === Epoch 13/20 ===
[2026-07-28 04:40:54] [rank0] step 193: loss=0.056179, grad_norm=0.467505, lr=0.000010, video=case679, num_chunks=3, step_second=2.907432
[2026-07-28 04:40:56] [rank0] step 194: loss=0.090493, grad_norm=0.177176, lr=0.000010, video=case48, num_chunks=3, step_second=2.799891
[2026-07-28 04:40:59] [rank0] step 195: loss=0.082645, grad_norm=0.283591, lr=0.000010, video=case973, num_chunks=3, step_second=2.743854
[2026-07-28 04:41:02] [rank0] step 196: loss=0.093460, grad_norm=0.180995, lr=0.000010, video=case278, num_chunks=3, step_second=2.860988
[2026-07-28 04:41:05] [rank0] step 197: loss=0.081782, grad_norm=0.399819, lr=0.000010, video=case9, num_chunks=3, step_second=2.792227
[2026-07-28 04:41:08] [rank0] step 198: loss=0.073034, grad_norm=0.199938, lr=0.000010, video=case839, num_chunks=3, step_second=2.870568
[2026-07-28 04:41:11] [rank0] step 199: loss=0.303289, grad_norm=0.199696, lr=0.000010, video=case944, num_chunks=3, step_second=2.780168
[2026-07-28 04:41:13] [rank0] step 200: loss=0.075895, grad_norm=0.196344, lr=0.000010, video=case476, num_chunks=3, step_second=2.800212
[2026-07-28 04:42:28] [rank0] step 201: loss=0.070609, grad_norm=0.232056, lr=0.000010, video=case8, num_chunks=3, step_second=2.702594
[2026-07-28 04:42:30] [rank0] step 202: loss=0.018872, grad_norm=0.165616, lr=0.000010, video=case430, num_chunks=3, step_second=2.869453
[2026-07-28 04:42:33] [rank0] step 203: loss=0.119267, grad_norm=0.369875, lr=0.000010, video=case209, num_chunks=3, step_second=2.816600
[2026-07-28 04:42:36] [rank0] step 204: loss=0.085493, grad_norm=0.265269, lr=0.000010, video=case600, num_chunks=3, step_second=2.745502
[2026-07-28 04:42:39] [rank0] step 205: loss=0.225021, grad_norm=0.215217, lr=0.000010, video=case1261, num_chunks=3, step_second=2.806270
[2026-07-28 04:42:42] [rank0] step 206: loss=0.114547, grad_norm=0.285885, lr=0.000010, video=case1196, num_chunks=3, step_second=2.818120
[2026-07-28 04:42:45] [rank0] step 207: loss=0.125634, grad_norm=0.162426, lr=0.000010, video=case602, num_chunks=3, step_second=2.830242
[2026-07-28 04:42:47] [rank0] step 208: loss=0.127835, grad_norm=0.302175, lr=0.000010, video=case453, num_chunks=3, step_second=2.709212
[2026-07-28 04:42:54] [rank0] step 208: val_loss_t50=0.561243, val_loss_t150=0.250972, val_loss_t250=0.155540, val_loss_t350=0.111116, val_loss_t450=0.086606, val_loss_t550=0.070784, val_loss_t650=0.060256, val_loss_t750=0.053884, val_loss_t850=0.052338, val_loss_t950=0.072552, val_loss_mean=0.147529
[2026-07-28 04:42:54] [rank0] === Epoch 14/20 ===
[2026-07-28 04:42:57] [rank0] step 209: loss=0.134595, grad_norm=0.297066, lr=0.000010, video=case1485, num_chunks=3, step_second=2.829593
[2026-07-28 04:43:00] [rank0] step 210: loss=0.129365, grad_norm=0.152222, lr=0.000010, video=case1365, num_chunks=3, step_second=2.900491
[2026-07-28 04:43:03] [rank0] step 211: loss=0.068955, grad_norm=0.176840, lr=0.000010, video=case1084, num_chunks=3, step_second=2.850275
[2026-07-28 04:43:06] [rank0] step 212: loss=0.067823, grad_norm=0.686594, lr=0.000010, video=case880, num_chunks=3, step_second=2.799146
[2026-07-28 04:43:09] [rank0] step 213: loss=0.103018, grad_norm=0.207035, lr=0.000010, video=case201, num_chunks=3, step_second=2.800252
[2026-07-28 04:43:11] [rank0] step 214: loss=0.159297, grad_norm=0.436436, lr=0.000010, video=case453, num_chunks=3, step_second=2.829903
[2026-07-28 04:43:14] [rank0] step 215: loss=0.075763, grad_norm=0.170449, lr=0.000010, video=case973, num_chunks=3, step_second=2.852124
[2026-07-28 04:43:17] [rank0] step 216: loss=0.131699, grad_norm=0.166879, lr=0.000010, video=case389, num_chunks=3, step_second=2.785748
[2026-07-28 04:43:20] [rank0] step 217: loss=0.121670, grad_norm=0.300815, lr=0.000010, video=case1533, num_chunks=3, step_second=2.828372
[2026-07-28 04:43:23] [rank0] step 218: loss=0.063704, grad_norm=0.240286, lr=0.000010, video=case616, num_chunks=3, step_second=2.835967
[2026-07-28 04:43:26] [rank0] step 219: loss=0.101079, grad_norm=0.176494, lr=0.000010, video=case1003, num_chunks=3, step_second=2.831642
[2026-07-28 04:43:29] [rank0] step 220: loss=0.056381, grad_norm=0.157248, lr=0.000010, video=case1277, num_chunks=3, step_second=2.936032
[2026-07-28 04:43:31] [rank0] step 221: loss=0.245154, grad_norm=0.131137, lr=0.000010, video=case602, num_chunks=3, step_second=2.717007
[2026-07-28 04:43:34] [rank0] step 222: loss=0.064588, grad_norm=0.145770, lr=0.000010, video=case672, num_chunks=3, step_second=2.879993
[2026-07-28 04:43:37] [rank0] step 223: loss=0.119064, grad_norm=0.555474, lr=0.000010, video=case478, num_chunks=3, step_second=2.810289
[2026-07-28 04:43:40] [rank0] step 224: loss=0.132375, grad_norm=0.135634, lr=0.000010, video=case60, num_chunks=3, step_second=2.827769
[2026-07-28 04:43:47] [rank0] step 224: val_loss_t50=0.561652, val_loss_t150=0.249869, val_loss_t250=0.154901, val_loss_t350=0.110551, val_loss_t450=0.086071, val_loss_t550=0.070387, val_loss_t650=0.059813, val_loss_t750=0.053150, val_loss_t850=0.051545, val_loss_t950=0.064435, val_loss_mean=0.146237
[2026-07-28 04:43:47] [rank0] === Epoch 15/20 ===
[2026-07-28 04:43:50] [rank0] step 225: loss=0.115892, grad_norm=0.343771, lr=0.000010, video=case674, num_chunks=3, step_second=2.770815
[2026-07-28 04:43:53] [rank0] step 226: loss=0.130012, grad_norm=0.283457, lr=0.000010, video=case1365, num_chunks=3, step_second=2.865042
[2026-07-28 04:43:56] [rank0] step 227: loss=0.130382, grad_norm=0.458868, lr=0.000010, video=case41, num_chunks=3, step_second=2.819854
[2026-07-28 04:43:58] [rank0] step 228: loss=0.200370, grad_norm=0.406572, lr=0.000010, video=case1485, num_chunks=3, step_second=2.845718
[2026-07-28 04:44:01] [rank0] step 229: loss=0.146952, grad_norm=0.180554, lr=0.000010, video=case1015, num_chunks=3, step_second=2.805212
[2026-07-28 04:44:04] [rank0] step 230: loss=0.087233, grad_norm=0.166392, lr=0.000010, video=case751, num_chunks=3, step_second=2.872162
[2026-07-28 04:44:07] [rank0] step 231: loss=0.074727, grad_norm=0.161002, lr=0.000010, video=case1533, num_chunks=3, step_second=2.833377
[2026-07-28 04:44:10] [rank0] step 232: loss=0.114166, grad_norm=0.205143, lr=0.000010, video=case909, num_chunks=3, step_second=2.889389
[2026-07-28 04:44:13] [rank0] step 233: loss=0.050818, grad_norm=0.132794, lr=0.000010, video=case679, num_chunks=3, step_second=2.845533
[2026-07-28 04:44:16] [rank0] step 234: loss=0.088241, grad_norm=0.162053, lr=0.000010, video=case1613, num_chunks=3, step_second=2.806529
[2026-07-28 04:44:18] [rank0] step 235: loss=0.136159, grad_norm=0.205442, lr=0.000010, video=case209, num_chunks=3, step_second=2.840147
[2026-07-28 04:44:21] [rank0] step 236: loss=0.066691, grad_norm=0.208125, lr=0.000010, video=case618, num_chunks=3, step_second=2.892337
[2026-07-28 04:44:24] [rank0] step 237: loss=0.159573, grad_norm=0.768074, lr=0.000010, video=case1223, num_chunks=3, step_second=2.885000
[2026-07-28 04:44:27] [rank0] step 238: loss=0.096613, grad_norm=0.157778, lr=0.000010, video=case973, num_chunks=3, step_second=2.797966
[2026-07-28 04:44:30] [rank0] step 239: loss=0.144172, grad_norm=0.150266, lr=0.000010, video=case1470, num_chunks=3, step_second=2.804756
[2026-07-28 04:44:33] [rank0] step 240: loss=0.175948, grad_norm=0.403656, lr=0.000010, video=case444, num_chunks=3, step_second=2.838046
[2026-07-28 04:44:39] [rank0] step 240: val_loss_t50=0.558208, val_loss_t150=0.249220, val_loss_t250=0.154605, val_loss_t350=0.110617, val_loss_t450=0.086263, val_loss_t550=0.070627, val_loss_t650=0.060201, val_loss_t750=0.054038, val_loss_t850=0.052806, val_loss_t950=0.071319, val_loss_mean=0.146790
[2026-07-28 04:44:40] [rank0] === Epoch 16/20 ===
[2026-07-28 04:44:43] [rank0] step 241: loss=0.081478, grad_norm=0.324242, lr=0.000010, video=case476, num_chunks=3, step_second=2.852499
[2026-07-28 04:44:46] [rank0] step 242: loss=0.212527, grad_norm=0.424200, lr=0.000010, video=case1223, num_chunks=3, step_second=2.880769
[2026-07-28 04:44:48] [rank0] step 243: loss=0.153225, grad_norm=0.138082, lr=0.000010, video=case270, num_chunks=3, step_second=2.858078
[2026-07-28 04:44:51] [rank0] step 244: loss=0.077927, grad_norm=0.123125, lr=0.000010, video=case1429, num_chunks=3, step_second=2.887621
[2026-07-28 04:44:54] [rank0] step 245: loss=0.076548, grad_norm=0.209164, lr=0.000010, video=case1245, num_chunks=3, step_second=2.902385
[2026-07-28 04:44:57] [rank0] step 246: loss=0.085111, grad_norm=0.240406, lr=0.000010, video=case48, num_chunks=3, step_second=2.859699
[2026-07-28 04:45:00] [rank0] step 247: loss=0.115603, grad_norm=0.237275, lr=0.000010, video=case935, num_chunks=3, step_second=2.811428
[2026-07-28 04:45:03] [rank0] step 248: loss=0.114964, grad_norm=0.323155, lr=0.000010, video=case8, num_chunks=3, step_second=2.864553
[2026-07-28 04:45:06] [rank0] step 249: loss=0.077728, grad_norm=0.164843, lr=0.000010, video=case1533, num_chunks=3, step_second=2.949545
[2026-07-28 04:45:09] [rank0] step 250: loss=0.062753, grad_norm=0.399764, lr=0.000010, video=case1558, num_chunks=3, step_second=2.833257
[2026-07-28 04:45:12] [rank0] step 251: loss=0.064297, grad_norm=0.248233, lr=0.000010, video=case60, num_chunks=3, step_second=2.816711
[2026-07-28 04:45:14] [rank0] step 252: loss=0.078339, grad_norm=0.134426, lr=0.000010, video=case41, num_chunks=3, step_second=2.863567
[2026-07-28 04:45:17] [rank0] step 253: loss=0.132191, grad_norm=0.417968, lr=0.000010, video=case209, num_chunks=3, step_second=2.887487
[2026-07-28 04:45:20] [rank0] step 254: loss=0.098716, grad_norm=0.200045, lr=0.000010, video=case96, num_chunks=3, step_second=2.860726
[2026-07-28 04:45:23] [rank0] step 255: loss=0.070080, grad_norm=0.284094, lr=0.000010, video=case1261, num_chunks=3, step_second=2.836399
[2026-07-28 04:45:26] [rank0] step 256: loss=0.157216, grad_norm=0.620202, lr=0.000010, video=case1365, num_chunks=3, step_second=2.801144
[2026-07-28 04:45:33] [rank0] step 256: val_loss_t50=0.561562, val_loss_t150=0.249482, val_loss_t250=0.154449, val_loss_t350=0.110079, val_loss_t450=0.085582, val_loss_t550=0.069966, val_loss_t650=0.059323, val_loss_t750=0.052954, val_loss_t850=0.051866, val_loss_t950=0.071026, val_loss_mean=0.146629
[2026-07-28 04:45:33] [rank0] === Epoch 17/20 ===
[2026-07-28 04:45:36] [rank0] step 257: loss=0.108258, grad_norm=0.105777, lr=0.000010, video=case476, num_chunks=3, step_second=2.812473
[2026-07-28 04:45:39] [rank0] step 258: loss=0.141679, grad_norm=0.291786, lr=0.000010, video=case672, num_chunks=3, step_second=2.880834
[2026-07-28 04:45:41] [rank0] step 259: loss=0.062013, grad_norm=0.183172, lr=0.000010, video=case616, num_chunks=3, step_second=2.852798
[2026-07-28 04:45:44] [rank0] step 260: loss=0.094719, grad_norm=0.233349, lr=0.000010, video=case1196, num_chunks=3, step_second=2.873695
[2026-07-28 04:45:47] [rank0] step 261: loss=0.083045, grad_norm=0.184842, lr=0.000010, video=case508, num_chunks=3, step_second=2.843886
[2026-07-28 04:45:50] [rank0] step 262: loss=0.104267, grad_norm=0.306010, lr=0.000010, video=case1245, num_chunks=3, step_second=2.913896
[2026-07-28 04:45:53] [rank0] step 263: loss=0.160846, grad_norm=0.545654, lr=0.000010, video=case1365, num_chunks=3, step_second=2.870142
[2026-07-28 04:45:56] [rank0] step 264: loss=0.134211, grad_norm=0.321267, lr=0.000010, video=case1596, num_chunks=3, step_second=2.850799
[2026-07-28 04:45:59] [rank0] step 265: loss=0.148027, grad_norm=0.234392, lr=0.000010, video=case1487, num_chunks=3, step_second=2.774455
[2026-07-28 04:46:02] [rank0] step 266: loss=0.245209, grad_norm=0.383700, lr=0.000010, video=case389, num_chunks=3, step_second=2.910879
[2026-07-28 04:46:05] [rank0] step 267: loss=0.085479, grad_norm=0.268046, lr=0.000010, video=case1308, num_chunks=3, step_second=2.821559
[2026-07-28 04:46:07] [rank0] step 268: loss=0.151806, grad_norm=0.201030, lr=0.000010, video=case270, num_chunks=3, step_second=2.851493
[2026-07-28 04:46:10] [rank0] step 269: loss=0.196813, grad_norm=0.205354, lr=0.000010, video=case880, num_chunks=3, step_second=2.783136
[2026-07-28 04:46:13] [rank0] step 270: loss=0.053383, grad_norm=0.164298, lr=0.000010, video=case8, num_chunks=3, step_second=2.862082
[2026-07-28 04:46:16] [rank0] step 271: loss=0.076073, grad_norm=0.302783, lr=0.000010, video=case1003, num_chunks=3, step_second=2.790925
[2026-07-28 04:46:19] [rank0] step 272: loss=0.108778, grad_norm=0.195194, lr=0.000010, video=case48, num_chunks=3, step_second=2.912996
[2026-07-28 04:46:26] [rank0] step 272: val_loss_t50=0.565714, val_loss_t150=0.252480, val_loss_t250=0.156266, val_loss_t350=0.111636, val_loss_t450=0.086847, val_loss_t550=0.070719, val_loss_t650=0.060415, val_loss_t750=0.053974, val_loss_t850=0.050362, val_loss_t950=0.069589, val_loss_mean=0.147800
[2026-07-28 04:46:26] [rank0] === Epoch 18/20 ===
[2026-07-28 04:46:29] [rank0] step 273: loss=0.065599, grad_norm=0.173551, lr=0.000010, video=case618, num_chunks=3, step_second=2.898486
[2026-07-28 04:46:32] [rank0] step 274: loss=0.089606, grad_norm=0.202890, lr=0.000010, video=case1613, num_chunks=3, step_second=2.877970
[2026-07-28 04:46:35] [rank0] step 275: loss=0.090216, grad_norm=0.269640, lr=0.000010, video=case389, num_chunks=3, step_second=2.841184
[2026-07-28 04:46:37] [rank0] step 276: loss=0.062887, grad_norm=0.222381, lr=0.000010, video=case1277, num_chunks=3, step_second=2.868300
[2026-07-28 04:46:40] [rank0] step 277: loss=0.066829, grad_norm=0.189978, lr=0.000010, video=case674, num_chunks=3, step_second=2.832809
[2026-07-28 04:46:43] [rank0] step 278: loss=0.047226, grad_norm=0.428597, lr=0.000010, video=case608, num_chunks=3, step_second=2.805539
[2026-07-28 04:46:46] [rank0] step 279: loss=0.081886, grad_norm=0.198728, lr=0.000010, video=case1365, num_chunks=3, step_second=2.908483
[2026-07-28 04:46:49] [rank0] step 280: loss=0.069253, grad_norm=0.265326, lr=0.000010, video=case1084, num_chunks=3, step_second=2.773091
[2026-07-28 04:46:52] [rank0] step 281: loss=0.103439, grad_norm=0.151452, lr=0.000010, video=case270, num_chunks=3, step_second=2.837527
[2026-07-28 04:46:55] [rank0] step 282: loss=0.066000, grad_norm=0.267164, lr=0.000010, video=case1308, num_chunks=3, step_second=2.788482
[2026-07-28 04:46:57] [rank0] step 283: loss=0.157252, grad_norm=0.360712, lr=0.000010, video=case18, num_chunks=3, step_second=2.889778
[2026-07-28 04:47:00] [rank0] step 284: loss=0.088839, grad_norm=0.301127, lr=0.000010, video=case567, num_chunks=3, step_second=2.840902
[2026-07-28 04:47:03] [rank0] step 285: loss=0.106151, grad_norm=0.507568, lr=0.000010, video=case203, num_chunks=3, step_second=2.887663
[2026-07-28 04:47:06] [rank0] step 286: loss=0.091659, grad_norm=0.317041, lr=0.000010, video=case1003, num_chunks=3, step_second=2.836712
[2026-07-28 04:47:09] [rank0] step 287: loss=0.127313, grad_norm=0.183099, lr=0.000010, video=case880, num_chunks=3, step_second=2.902587
[2026-07-28 04:47:12] [rank0] step 288: loss=0.107734, grad_norm=0.187526, lr=0.000010, video=case1245, num_chunks=3, step_second=2.874363
[2026-07-28 04:47:19] [rank0] step 288: val_loss_t50=0.564781, val_loss_t150=0.251029, val_loss_t250=0.155157, val_loss_t350=0.110694, val_loss_t450=0.086062, val_loss_t550=0.070125, val_loss_t650=0.060131, val_loss_t750=0.053292, val_loss_t850=0.051667, val_loss_t950=0.072717, val_loss_mean=0.147565
[2026-07-28 04:47:19] [rank0] === Epoch 19/20 ===
[2026-07-28 04:47:22] [rank0] step 289: loss=0.326958, grad_norm=0.425933, lr=0.000010, video=case1325, num_chunks=3, step_second=3.039127
[2026-07-28 04:47:25] [rank0] step 290: loss=0.062960, grad_norm=0.279356, lr=0.000010, video=case880, num_chunks=3, step_second=2.859885
[2026-07-28 04:47:28] [rank0] step 291: loss=0.080259, grad_norm=0.263881, lr=0.000010, video=case1084, num_chunks=3, step_second=2.832004
[2026-07-28 04:47:31] [rank0] step 292: loss=0.088768, grad_norm=0.451502, lr=0.000010, video=case8, num_chunks=3, step_second=2.926184
[2026-07-28 04:47:34] [rank0] step 293: loss=0.118024, grad_norm=0.404498, lr=0.000010, video=case674, num_chunks=3, step_second=2.838307
[2026-07-28 04:47:36] [rank0] step 294: loss=0.075322, grad_norm=0.234666, lr=0.000010, video=case1487, num_chunks=3, step_second=2.843777
[2026-07-28 04:47:39] [rank0] step 295: loss=0.116119, grad_norm=0.165715, lr=0.000010, video=case1558, num_chunks=3, step_second=2.787446
[2026-07-28 04:47:42] [rank0] step 296: loss=0.043335, grad_norm=0.226580, lr=0.000010, video=case616, num_chunks=3, step_second=2.926540
[2026-07-28 04:47:45] [rank0] step 297: loss=0.056437, grad_norm=0.409577, lr=0.000010, video=case1261, num_chunks=3, step_second=2.869979
[2026-07-28 04:47:48] [rank0] step 298: loss=0.107171, grad_norm=0.461362, lr=0.000010, video=case944, num_chunks=3, step_second=2.936023
[2026-07-28 04:47:51] [rank0] step 299: loss=0.051987, grad_norm=0.371252, lr=0.000010, video=case608, num_chunks=3, step_second=2.861013
[2026-07-28 04:47:54] [rank0] step 300: loss=0.105382, grad_norm=0.200894, lr=0.000010, video=case1485, num_chunks=3, step_second=2.932734
[2026-07-28 04:48:58] [rank0] step 301: loss=0.065410, grad_norm=0.286643, lr=0.000010, video=case679, num_chunks=3, step_second=2.856122
[2026-07-28 04:49:01] [rank0] step 302: loss=0.070944, grad_norm=0.141454, lr=0.000010, video=case93, num_chunks=3, step_second=2.876351
[2026-07-28 04:49:04] [rank0] step 303: loss=0.076625, grad_norm=0.205053, lr=0.000010, video=case889, num_chunks=3, step_second=2.827873
[2026-07-28 04:49:07] [rank0] step 304: loss=0.043115, grad_norm=0.163858, lr=0.000010, video=case430, num_chunks=3, step_second=2.789883
[2026-07-28 04:49:13] [rank0] step 304: val_loss_t50=0.570565, val_loss_t150=0.251924, val_loss_t250=0.155455, val_loss_t350=0.110695, val_loss_t450=0.085969, val_loss_t550=0.070108, val_loss_t650=0.059550, val_loss_t750=0.052284, val_loss_t850=0.050414, val_loss_t950=0.060421, val_loss_mean=0.146739
[2026-07-28 04:49:13] [rank0] === Epoch 20/20 ===
[2026-07-28 04:49:16] [rank0] step 305: loss=0.145714, grad_norm=0.179332, lr=0.000010, video=case9, num_chunks=3, step_second=2.802931
[2026-07-28 04:49:19] [rank0] step 306: loss=0.090175, grad_norm=0.265298, lr=0.000010, video=case944, num_chunks=3, step_second=2.935482
[2026-07-28 04:49:22] [rank0] step 307: loss=0.069159, grad_norm=0.297073, lr=0.000010, video=case674, num_chunks=3, step_second=2.812198
[2026-07-28 04:49:25] [rank0] step 308: loss=0.090764, grad_norm=0.156642, lr=0.000010, video=case751, num_chunks=3, step_second=2.753469
[2026-07-28 04:49:28] [rank0] step 309: loss=0.058831, grad_norm=0.285786, lr=0.000010, video=case1429, num_chunks=3, step_second=2.900332
[2026-07-28 04:49:31] [rank0] step 310: loss=0.218966, grad_norm=0.305477, lr=0.000010, video=case270, num_chunks=3, step_second=2.860528
[2026-07-28 04:49:34] [rank0] step 311: loss=0.092357, grad_norm=0.370123, lr=0.000010, video=case8, num_chunks=3, step_second=2.870851
[2026-07-28 04:49:37] [rank0] step 312: loss=0.048463, grad_norm=0.142642, lr=0.000010, video=case1015, num_chunks=3, step_second=2.833926
[2026-07-28 04:49:39] [rank0] step 313: loss=0.135713, grad_norm=0.322312, lr=0.000010, video=case209, num_chunks=3, step_second=2.902321
[2026-07-28 04:49:42] [rank0] step 314: loss=0.081404, grad_norm=0.235111, lr=0.000010, video=case1245, num_chunks=3, step_second=2.916272
[2026-07-28 04:49:45] [rank0] step 315: loss=0.069341, grad_norm=0.236263, lr=0.000010, video=case1487, num_chunks=3, step_second=2.879565
[2026-07-28 04:49:48] [rank0] step 316: loss=0.081828, grad_norm=0.279586, lr=0.000010, video=case1485, num_chunks=3, step_second=2.840978
[2026-07-28 04:49:51] [rank0] step 317: loss=0.090580, grad_norm=0.268178, lr=0.000010, video=case1277, num_chunks=3, step_second=2.812149
[2026-07-28 04:49:54] [rank0] step 318: loss=0.112363, grad_norm=0.164819, lr=0.000010, video=case18, num_chunks=3, step_second=2.913733
[2026-07-28 04:49:57] [rank0] step 319: loss=0.011337, grad_norm=0.188317, lr=0.000010, video=case430, num_chunks=3, step_second=2.828663
[2026-07-28 04:50:00] [rank0] step 320: loss=0.107616, grad_norm=0.317070, lr=0.000010, video=case478, num_chunks=3, step_second=2.855799
[2026-07-28 04:50:07] [rank0] step 320: val_loss_t50=0.561386, val_loss_t150=0.250051, val_loss_t250=0.154889, val_loss_t350=0.110285, val_loss_t450=0.085833, val_loss_t550=0.070200, val_loss_t650=0.059541, val_loss_t750=0.052537, val_loss_t850=0.050595, val_loss_t950=0.061393, val_loss_mean=0.145671
[2026-07-28 04:50:07] [rank0] Training complete, saving final checkpoint...
[2026-07-28 04:50:59] [rank0] Training finished!
