[2026-07-28 04:28:37] [rank1] ======================================================================
[2026-07-28 04:28:37] [rank1] Infinite World - Training - [sekai-game-walking-352_192_30fps]-shift3-[East_Maddon_Park]-[sunny]-chunks3-07_28-04:28:36
[2026-07-28 04:28:37] [rank1] ======================================================================
[2026-07-28 04:28:37] [rank1] Data: preprocessed/sekai-game-walking-352_192_30fps
[2026-07-28 04:28:37] [rank1] Device: cuda:1, World Size: 4
[2026-07-28 04:28:37] [rank1] ======================================================================
[2026-07-28 04:29:09] [rank1] Starting training loop...
[2026-07-28 04:29:09] [rank1] === Epoch 1/20 ===
[2026-07-28 04:29:57] [rank1] === Epoch 2/20 ===
[2026-07-28 04:30:49] [rank1] === Epoch 3/20 ===
[2026-07-28 04:31:41] [rank1] === Epoch 4/20 ===
[2026-07-28 04:32:33] [rank1] === Epoch 5/20 ===
[2026-07-28 04:33:25] [rank1] === Epoch 6/20 ===
[2026-07-28 04:34:18] [rank1] === Epoch 7/20 ===
[2026-07-28 04:36:19] [rank1] === Epoch 8/20 ===
[2026-07-28 04:37:12] [rank1] === Epoch 9/20 ===
[2026-07-28 04:38:06] [rank1] === Epoch 10/20 ===
[2026-07-28 04:38:58] [rank1] === Epoch 11/20 ===
[2026-07-28 04:39:51] [rank1] === Epoch 12/20 ===
[2026-07-28 04:40:44] [rank1] === Epoch 13/20 ===
[2026-07-28 04:42:47] [rank1] === Epoch 14/20 ===
[2026-07-28 04:43:40] [rank1] === Epoch 15/20 ===
[2026-07-28 04:44:33] [rank1] === Epoch 16/20 ===
[2026-07-28 04:45:26] [rank1] === Epoch 17/20 ===
[2026-07-28 04:46:19] [rank1] === Epoch 18/20 ===
[2026-07-28 04:47:12] [rank1] === Epoch 19/20 ===
[2026-07-28 04:49:07] [rank1] === Epoch 20/20 ===
[2026-07-28 04:50:00] [rank1] Training complete, saving final checkpoint...
[2026-07-28 04:50:00] [rank1] Training finished!
