2026-07-27 15:21:33 [rank4] INFO: Device: cuda:4 (rank 4)
2026-07-27 15:21:33 [rank4] INFO: [LOAD] VAE...
2026-07-27 15:21:33 [rank4] INFO: [LOAD] Text Encoder...
2026-07-27 15:21:45 [rank4] INFO: [DISTRIBUTE] Rank 4 assigned 202/1618 cases
2026-07-27 15:21:45 [rank4] INFO: [SKIP] case4: already preprocessed
2026-07-27 15:21:45 [rank4] INFO: [SKIP] case12: already preprocessed
2026-07-27 15:21:45 [rank4] INFO: [PROCESS] case20
2026-07-27 15:23:28 [rank4] INFO:   case20: 1797 frames, 192x352
2026-07-27 15:23:46 [rank4] INFO:   ✓ case20: 22 chunks saved in 121.4s
2026-07-27 15:23:46 [rank4] INFO: [PROCESS] case28
2026-07-27 15:25:29 [rank4] INFO:   case28: 1797 frames, 192x352
2026-07-27 15:25:46 [rank4] INFO:   ✓ case28: 22 chunks saved in 119.8s
2026-07-27 15:25:46 [rank4] INFO: [PROCESS] case36
2026-07-27 15:26:46 [rank4] INFO:   case36: 1797 frames, 192x352
2026-07-27 15:27:03 [rank4] INFO:   ✓ case36: 22 chunks saved in 77.2s
2026-07-27 15:27:03 [rank4] INFO: [PROCESS] case44
2026-07-27 15:28:48 [rank4] INFO:   case44: 1797 frames, 192x352
2026-07-27 15:29:05 [rank4] INFO:   ✓ case44: 22 chunks saved in 121.8s
2026-07-27 15:29:05 [rank4] INFO: [PROCESS] case52
2026-07-27 15:30:45 [rank4] INFO:   case52: 1797 frames, 192x352
2026-07-27 15:31:02 [rank4] INFO:   ✓ case52: 22 chunks saved in 116.4s
2026-07-27 15:31:02 [rank4] INFO: [PROCESS] case60
2026-07-27 15:33:04 [rank4] INFO:   case60: 1797 frames, 192x352
2026-07-27 15:33:21 [rank4] INFO:   ✓ case60: 22 chunks saved in 138.9s
2026-07-27 15:33:21 [rank4] INFO: [PROCESS] case68
2026-07-27 15:34:31 [rank4] INFO:   case68: 1797 frames, 192x352
2026-07-27 15:34:48 [rank4] INFO:   ✓ case68: 22 chunks saved in 87.5s
2026-07-27 15:34:48 [rank4] INFO: [PROCESS] case76
2026-07-27 15:36:57 [rank4] INFO:   case76: 1797 frames, 192x352
2026-07-27 15:37:14 [rank4] INFO:   ✓ case76: 22 chunks saved in 146.0s
2026-07-27 15:37:14 [rank4] INFO: [PROCESS] case84
2026-07-27 15:38:19 [rank4] INFO:   case84: 1797 frames, 192x352
2026-07-27 15:38:56 [rank4] INFO: Device: cuda:4 (rank 4)
2026-07-27 15:38:57 [rank4] INFO: [LOAD] VAE...
2026-07-27 15:38:57 [rank4] INFO: [LOAD] Text Encoder...
2026-07-27 15:39:11 [rank4] INFO: [DISTRIBUTE] Rank 4 assigned 202/1618 cases
2026-07-27 15:39:11 [rank4] INFO: [SKIP] case4: already preprocessed
2026-07-27 15:39:11 [rank4] INFO: [SKIP] case12: already preprocessed
2026-07-27 15:39:11 [rank4] INFO: [SKIP] case20: already preprocessed
2026-07-27 15:39:11 [rank4] INFO: [SKIP] case28: already preprocessed
2026-07-27 15:39:11 [rank4] INFO: [SKIP] case36: already preprocessed
2026-07-27 15:39:11 [rank4] INFO: [SKIP] case44: already preprocessed
2026-07-27 15:39:11 [rank4] INFO: [SKIP] case52: already preprocessed
2026-07-27 15:39:11 [rank4] INFO: [SKIP] case60: already preprocessed
2026-07-27 15:39:11 [rank4] INFO: [SKIP] case68: already preprocessed
2026-07-27 15:39:11 [rank4] INFO: [SKIP] case76: already preprocessed
2026-07-27 15:39:11 [rank4] INFO: [PROCESS] case84
2026-07-27 15:39:15 [rank4] INFO:   case84: 1797 frames, 192x352
2026-07-27 15:39:34 [rank4] INFO:   ✓ case84: 22 chunks saved in 22.9s
2026-07-27 15:39:34 [rank4] INFO: [PROCESS] case92
2026-07-27 15:39:38 [rank4] INFO:   case92: 1797 frames, 192x352
2026-07-27 15:39:55 [rank4] INFO:   ✓ case92: 22 chunks saved in 20.7s
2026-07-27 15:39:55 [rank4] INFO: [PROCESS] case100
2026-07-27 15:39:59 [rank4] INFO:   case100: 1797 frames, 192x352
2026-07-27 15:40:15 [rank4] INFO:   ✓ case100: 22 chunks saved in 20.3s
2026-07-27 15:40:15 [rank4] INFO: [PROCESS] case108
2026-07-27 15:40:19 [rank4] INFO:   case108: 1797 frames, 192x352
2026-07-27 15:40:36 [rank4] INFO:   ✓ case108: 22 chunks saved in 20.4s
2026-07-27 15:40:36 [rank4] INFO: [PROCESS] case116
2026-07-27 15:40:40 [rank4] INFO:   case116: 1797 frames, 192x352
2026-07-27 15:40:56 [rank4] INFO:   ✓ case116: 22 chunks saved in 20.7s
2026-07-27 15:40:57 [rank4] INFO: [PROCESS] case124
2026-07-27 15:41:00 [rank4] INFO:   case124: 1797 frames, 192x352
2026-07-27 15:41:17 [rank4] INFO:   ✓ case124: 22 chunks saved in 20.4s
2026-07-27 15:41:17 [rank4] INFO: [PROCESS] case132
2026-07-27 15:41:21 [rank4] INFO:   case132: 1797 frames, 192x352
2026-07-27 15:41:38 [rank4] INFO:   ✓ case132: 22 chunks saved in 20.5s
2026-07-27 15:41:38 [rank4] INFO: [PROCESS] case140
2026-07-27 15:41:42 [rank4] INFO:   case140: 1797 frames, 192x352
2026-07-27 15:41:58 [rank4] INFO:   ✓ case140: 22 chunks saved in 20.7s
2026-07-27 15:41:59 [rank4] INFO: [PROCESS] case148
2026-07-27 15:42:02 [rank4] INFO:   case148: 1797 frames, 192x352
2026-07-27 15:42:19 [rank4] INFO:   ✓ case148: 22 chunks saved in 20.3s
2026-07-27 15:42:19 [rank4] INFO: [PROCESS] case156
2026-07-27 15:42:23 [rank4] INFO:   case156: 1797 frames, 192x352
2026-07-27 15:42:39 [rank4] INFO:   ✓ case156: 22 chunks saved in 20.4s
2026-07-27 15:42:39 [rank4] INFO: [PROCESS] case164
2026-07-27 15:42:43 [rank4] INFO:   case164: 1797 frames, 192x352
2026-07-27 15:43:00 [rank4] INFO:   ✓ case164: 22 chunks saved in 20.4s
2026-07-27 15:43:00 [rank4] INFO: [PROCESS] case172
2026-07-27 15:43:04 [rank4] INFO:   case172: 1797 frames, 192x352
2026-07-27 15:43:20 [rank4] INFO:   ✓ case172: 22 chunks saved in 20.3s
2026-07-27 15:43:20 [rank4] INFO: [PROCESS] case180
2026-07-27 15:43:24 [rank4] INFO:   case180: 1797 frames, 192x352
2026-07-27 15:43:41 [rank4] INFO:   ✓ case180: 22 chunks saved in 20.8s
2026-07-27 15:43:41 [rank4] INFO: [PROCESS] case188
2026-07-27 15:43:45 [rank4] INFO:   case188: 1797 frames, 192x352
2026-07-27 15:44:02 [rank4] INFO:   ✓ case188: 22 chunks saved in 20.7s
2026-07-27 15:44:02 [rank4] INFO: [PROCESS] case196
2026-07-27 15:44:06 [rank4] INFO:   case196: 1797 frames, 192x352
2026-07-27 15:44:23 [rank4] INFO:   ✓ case196: 22 chunks saved in 20.6s
2026-07-27 15:44:23 [rank4] INFO: [PROCESS] case204
2026-07-27 15:44:27 [rank4] INFO:   case204: 1797 frames, 192x352
2026-07-27 15:44:43 [rank4] INFO:   ✓ case204: 22 chunks saved in 20.3s
2026-07-27 15:44:43 [rank4] INFO: [PROCESS] case212
2026-07-27 15:44:47 [rank4] INFO:   case212: 1797 frames, 192x352
2026-07-27 15:45:04 [rank4] INFO:   ✓ case212: 22 chunks saved in 20.7s
2026-07-27 15:45:04 [rank4] INFO: [PROCESS] case220
2026-07-27 15:45:08 [rank4] INFO:   case220: 1797 frames, 192x352
2026-07-27 15:45:24 [rank4] INFO:   ✓ case220: 22 chunks saved in 20.2s
2026-07-27 15:45:24 [rank4] INFO: [PROCESS] case228
2026-07-27 15:45:28 [rank4] INFO:   case228: 1797 frames, 192x352
2026-07-27 15:45:45 [rank4] INFO:   ✓ case228: 22 chunks saved in 20.4s
2026-07-27 15:45:45 [rank4] INFO: [PROCESS] case236
2026-07-27 15:45:49 [rank4] INFO:   case236: 1797 frames, 192x352
2026-07-27 15:46:05 [rank4] INFO:   ✓ case236: 22 chunks saved in 20.3s
2026-07-27 15:46:05 [rank4] INFO: [PROCESS] case244
2026-07-27 15:46:09 [rank4] INFO:   case244: 1797 frames, 192x352
2026-07-27 15:46:26 [rank4] INFO:   ✓ case244: 22 chunks saved in 20.6s
2026-07-27 15:46:26 [rank4] INFO: [PROCESS] case252
2026-07-27 15:46:30 [rank4] INFO:   case252: 1797 frames, 192x352
2026-07-27 15:46:47 [rank4] INFO:   ✓ case252: 22 chunks saved in 20.5s
2026-07-27 15:46:47 [rank4] INFO: [PROCESS] case260
2026-07-27 15:46:51 [rank4] INFO:   case260: 1797 frames, 192x352
2026-07-27 15:47:07 [rank4] INFO:   ✓ case260: 22 chunks saved in 20.8s
2026-07-27 15:47:08 [rank4] INFO: [PROCESS] case268
2026-07-27 15:47:12 [rank4] INFO:   case268: 1797 frames, 192x352
2026-07-27 15:47:29 [rank4] INFO:   ✓ case268: 22 chunks saved in 21.1s
2026-07-27 15:47:29 [rank4] INFO: [PROCESS] case276
2026-07-27 15:47:33 [rank4] INFO:   case276: 1797 frames, 192x352
2026-07-27 15:47:49 [rank4] INFO:   ✓ case276: 22 chunks saved in 20.5s
2026-07-27 15:47:49 [rank4] INFO: [PROCESS] case284
2026-07-27 15:47:53 [rank4] INFO:   case284: 1797 frames, 192x352
2026-07-27 15:48:10 [rank4] INFO:   ✓ case284: 22 chunks saved in 20.5s
2026-07-27 15:48:10 [rank4] INFO: [PROCESS] case292
2026-07-27 15:48:14 [rank4] INFO:   case292: 1797 frames, 192x352
2026-07-27 15:48:31 [rank4] INFO:   ✓ case292: 22 chunks saved in 20.7s
2026-07-27 15:48:31 [rank4] INFO: [PROCESS] case300
2026-07-27 15:48:35 [rank4] INFO:   case300: 1797 frames, 192x352
2026-07-27 15:48:51 [rank4] INFO:   ✓ case300: 22 chunks saved in 20.6s
2026-07-27 15:48:52 [rank4] INFO: [PROCESS] case308
2026-07-27 15:48:55 [rank4] INFO:   case308: 1797 frames, 192x352
2026-07-27 15:49:12 [rank4] INFO:   ✓ case308: 22 chunks saved in 20.3s
2026-07-27 15:49:12 [rank4] INFO: [PROCESS] case316
2026-07-27 15:49:16 [rank4] INFO:   case316: 1797 frames, 192x352
2026-07-27 15:49:33 [rank4] INFO:   ✓ case316: 22 chunks saved in 20.8s
2026-07-27 15:49:33 [rank4] INFO: [PROCESS] case324
2026-07-27 15:49:37 [rank4] INFO:   case324: 1797 frames, 192x352
2026-07-27 15:49:54 [rank4] INFO:   ✓ case324: 22 chunks saved in 20.7s
2026-07-27 15:49:54 [rank4] INFO: [PROCESS] case332
2026-07-27 15:49:58 [rank4] INFO:   case332: 1797 frames, 192x352
2026-07-27 15:50:14 [rank4] INFO:   ✓ case332: 22 chunks saved in 20.3s
2026-07-27 15:50:14 [rank4] INFO: [PROCESS] case340
2026-07-27 15:50:18 [rank4] INFO:   case340: 1797 frames, 192x352
2026-07-27 15:50:34 [rank4] INFO:   ✓ case340: 22 chunks saved in 20.3s
2026-07-27 15:50:35 [rank4] INFO: [PROCESS] case348
2026-07-27 15:50:39 [rank4] INFO:   case348: 1797 frames, 192x352
2026-07-27 15:50:55 [rank4] INFO:   ✓ case348: 22 chunks saved in 20.8s
2026-07-27 15:50:56 [rank4] INFO: [PROCESS] case356
2026-07-27 15:50:59 [rank4] INFO:   case356: 1797 frames, 192x352
2026-07-27 15:51:16 [rank4] INFO:   ✓ case356: 22 chunks saved in 20.4s
2026-07-27 15:51:16 [rank4] INFO: [PROCESS] case364
2026-07-27 15:51:20 [rank4] INFO:   case364: 1797 frames, 192x352
2026-07-27 15:51:37 [rank4] INFO:   ✓ case364: 22 chunks saved in 20.6s
2026-07-27 15:51:37 [rank4] INFO: [PROCESS] case372
2026-07-27 15:51:41 [rank4] INFO:   case372: 1797 frames, 192x352
2026-07-27 15:51:58 [rank4] INFO:   ✓ case372: 22 chunks saved in 20.8s
2026-07-27 15:51:58 [rank4] INFO: [PROCESS] case380
2026-07-27 15:52:01 [rank4] INFO:   case380: 1797 frames, 192x352
2026-07-27 15:52:18 [rank4] INFO:   ✓ case380: 22 chunks saved in 20.5s
2026-07-27 15:52:18 [rank4] INFO: [PROCESS] case388
2026-07-27 15:52:23 [rank4] INFO:   case388: 1797 frames, 192x352
2026-07-27 15:52:39 [rank4] INFO:   ✓ case388: 22 chunks saved in 20.7s
2026-07-27 15:52:39 [rank4] INFO: [PROCESS] case396
2026-07-27 15:52:43 [rank4] INFO:   case396: 1797 frames, 192x352
2026-07-27 15:53:00 [rank4] INFO:   ✓ case396: 22 chunks saved in 20.5s
2026-07-27 15:53:00 [rank4] INFO: [PROCESS] case404
2026-07-27 15:53:04 [rank4] INFO:   case404: 1797 frames, 192x352
2026-07-27 15:53:21 [rank4] INFO:   ✓ case404: 22 chunks saved in 20.9s
2026-07-27 15:53:21 [rank4] INFO: [PROCESS] case412
2026-07-27 15:53:25 [rank4] INFO:   case412: 1797 frames, 192x352
2026-07-27 15:53:41 [rank4] INFO:   ✓ case412: 22 chunks saved in 20.4s
2026-07-27 15:53:41 [rank4] INFO: [PROCESS] case420
2026-07-27 15:53:45 [rank4] INFO:   case420: 1797 frames, 192x352
2026-07-27 15:54:02 [rank4] INFO:   ✓ case420: 22 chunks saved in 20.5s
2026-07-27 15:54:02 [rank4] INFO: [PROCESS] case428
2026-07-27 15:54:06 [rank4] INFO:   case428: 1797 frames, 192x352
2026-07-27 15:54:22 [rank4] INFO:   ✓ case428: 22 chunks saved in 20.4s
2026-07-27 15:54:22 [rank4] INFO: [PROCESS] case436
2026-07-27 15:54:26 [rank4] INFO:   case436: 1797 frames, 192x352
2026-07-27 15:54:43 [rank4] INFO:   ✓ case436: 22 chunks saved in 20.3s
2026-07-27 15:54:43 [rank4] INFO: [PROCESS] case444
2026-07-27 15:54:47 [rank4] INFO:   case444: 1797 frames, 192x352
2026-07-27 15:55:03 [rank4] INFO:   ✓ case444: 22 chunks saved in 20.5s
2026-07-27 15:55:03 [rank4] INFO: [PROCESS] case452
2026-07-27 15:55:08 [rank4] INFO:   case452: 1797 frames, 192x352
2026-07-27 15:55:24 [rank4] INFO:   ✓ case452: 22 chunks saved in 20.7s
2026-07-27 15:55:24 [rank4] INFO: [PROCESS] case460
2026-07-27 15:55:28 [rank4] INFO:   case460: 1797 frames, 192x352
2026-07-27 15:55:45 [rank4] INFO:   ✓ case460: 22 chunks saved in 20.3s
2026-07-27 15:55:45 [rank4] INFO: [PROCESS] case468
2026-07-27 15:55:49 [rank4] INFO:   case468: 1797 frames, 192x352
2026-07-27 15:56:05 [rank4] INFO:   ✓ case468: 22 chunks saved in 20.4s
2026-07-27 15:56:05 [rank4] INFO: [PROCESS] case476
2026-07-27 15:56:09 [rank4] INFO:   case476: 1797 frames, 192x352
2026-07-27 15:56:26 [rank4] INFO:   ✓ case476: 22 chunks saved in 20.6s
2026-07-27 15:56:26 [rank4] INFO: [PROCESS] case484
2026-07-27 15:56:30 [rank4] INFO:   case484: 1797 frames, 192x352
2026-07-27 15:56:46 [rank4] INFO:   ✓ case484: 22 chunks saved in 20.6s
2026-07-27 15:56:47 [rank4] INFO: [PROCESS] case492
2026-07-27 15:56:50 [rank4] INFO:   case492: 1797 frames, 192x352
2026-07-27 15:57:07 [rank4] INFO:   ✓ case492: 22 chunks saved in 20.3s
2026-07-27 15:57:07 [rank4] INFO: [PROCESS] case500
2026-07-27 15:57:11 [rank4] INFO:   case500: 1797 frames, 192x352
2026-07-27 15:57:28 [rank4] INFO:   ✓ case500: 22 chunks saved in 20.6s
2026-07-27 15:57:28 [rank4] INFO: [PROCESS] case508
2026-07-27 15:57:32 [rank4] INFO:   case508: 1797 frames, 192x352
2026-07-27 15:57:49 [rank4] INFO:   ✓ case508: 22 chunks saved in 20.8s
2026-07-27 15:57:49 [rank4] INFO: [PROCESS] case516
2026-07-27 15:57:53 [rank4] INFO:   case516: 1797 frames, 192x352
2026-07-27 15:58:09 [rank4] INFO:   ✓ case516: 22 chunks saved in 20.4s
2026-07-27 15:58:09 [rank4] INFO: [PROCESS] case524
2026-07-27 15:58:14 [rank4] INFO:   case524: 1797 frames, 192x352
2026-07-27 15:58:30 [rank4] INFO:   ✓ case524: 22 chunks saved in 20.8s
2026-07-27 15:58:30 [rank4] INFO: [PROCESS] case532
2026-07-27 15:58:34 [rank4] INFO:   case532: 1797 frames, 192x352
2026-07-27 15:58:51 [rank4] INFO:   ✓ case532: 22 chunks saved in 20.8s
2026-07-27 15:58:51 [rank4] INFO: [PROCESS] case540
2026-07-27 15:58:55 [rank4] INFO:   case540: 1797 frames, 192x352
2026-07-27 15:59:11 [rank4] INFO:   ✓ case540: 22 chunks saved in 20.5s
2026-07-27 15:59:12 [rank4] INFO: [PROCESS] case548
2026-07-27 15:59:16 [rank4] INFO:   case548: 1797 frames, 192x352
2026-07-27 15:59:32 [rank4] INFO:   ✓ case548: 22 chunks saved in 20.5s
2026-07-27 15:59:32 [rank4] INFO: [PROCESS] case556
2026-07-27 15:59:36 [rank4] INFO:   case556: 1797 frames, 192x352
2026-07-27 15:59:52 [rank4] INFO:   ✓ case556: 22 chunks saved in 20.2s
2026-07-27 15:59:53 [rank4] INFO: [PROCESS] case564
2026-07-27 15:59:56 [rank4] INFO:   case564: 1797 frames, 192x352
2026-07-27 16:00:13 [rank4] INFO:   ✓ case564: 22 chunks saved in 20.4s
2026-07-27 16:00:13 [rank4] INFO: [PROCESS] case572
2026-07-27 16:00:17 [rank4] INFO:   case572: 1797 frames, 192x352
2026-07-27 16:00:34 [rank4] INFO:   ✓ case572: 22 chunks saved in 20.7s
2026-07-27 16:00:34 [rank4] INFO: [PROCESS] case580
2026-07-27 16:00:38 [rank4] INFO:   case580: 1797 frames, 192x352
2026-07-27 16:00:55 [rank4] INFO:   ✓ case580: 22 chunks saved in 20.7s
2026-07-27 16:00:55 [rank4] INFO: [PROCESS] case588
2026-07-27 16:00:59 [rank4] INFO:   case588: 1797 frames, 192x352
2026-07-27 16:01:15 [rank4] INFO:   ✓ case588: 22 chunks saved in 20.6s
2026-07-27 16:01:15 [rank4] INFO: [PROCESS] case596
2026-07-27 16:01:19 [rank4] INFO:   case596: 1797 frames, 192x352
2026-07-27 16:01:36 [rank4] INFO:   ✓ case596: 22 chunks saved in 20.4s
2026-07-27 16:01:36 [rank4] INFO: [PROCESS] case604
2026-07-27 16:01:40 [rank4] INFO:   case604: 1797 frames, 192x352
2026-07-27 16:01:56 [rank4] INFO:   ✓ case604: 22 chunks saved in 20.2s
2026-07-27 16:01:56 [rank4] INFO: [PROCESS] case612
2026-07-27 16:02:00 [rank4] INFO:   case612: 1797 frames, 192x352
2026-07-27 16:02:17 [rank4] INFO:   ✓ case612: 22 chunks saved in 20.3s
2026-07-27 16:02:17 [rank4] INFO: [PROCESS] case620
2026-07-27 16:02:21 [rank4] INFO:   case620: 1797 frames, 192x352
2026-07-27 16:02:37 [rank4] INFO:   ✓ case620: 22 chunks saved in 20.5s
2026-07-27 16:02:37 [rank4] INFO: [PROCESS] case628
2026-07-27 16:02:41 [rank4] INFO:   case628: 1797 frames, 192x352
2026-07-27 16:02:58 [rank4] INFO:   ✓ case628: 22 chunks saved in 20.3s
2026-07-27 16:02:58 [rank4] INFO: [PROCESS] case636
2026-07-27 16:03:02 [rank4] INFO:   case636: 1797 frames, 192x352
2026-07-27 16:03:18 [rank4] INFO:   ✓ case636: 22 chunks saved in 20.3s
2026-07-27 16:03:18 [rank4] INFO: [PROCESS] case644
2026-07-27 16:03:22 [rank4] INFO:   case644: 1797 frames, 192x352
2026-07-27 16:03:39 [rank4] INFO:   ✓ case644: 22 chunks saved in 20.6s
2026-07-27 16:03:39 [rank4] INFO: [PROCESS] case652
2026-07-27 16:03:43 [rank4] INFO:   case652: 1797 frames, 192x352
2026-07-27 16:04:00 [rank4] INFO:   ✓ case652: 22 chunks saved in 20.6s
2026-07-27 16:04:00 [rank4] INFO: [PROCESS] case660
2026-07-27 16:04:04 [rank4] INFO:   case660: 1797 frames, 192x352
2026-07-27 16:04:20 [rank4] INFO:   ✓ case660: 22 chunks saved in 20.8s
2026-07-27 16:04:21 [rank4] INFO: [PROCESS] case668
2026-07-27 16:04:25 [rank4] INFO:   case668: 1797 frames, 192x352
2026-07-27 16:04:42 [rank4] INFO:   ✓ case668: 22 chunks saved in 21.1s
2026-07-27 16:04:42 [rank4] INFO: [PROCESS] case676
2026-07-27 16:04:46 [rank4] INFO:   case676: 1797 frames, 192x352
2026-07-27 16:05:03 [rank4] INFO:   ✓ case676: 22 chunks saved in 21.2s
2026-07-27 16:05:03 [rank4] INFO: [PROCESS] case684
2026-07-27 16:05:08 [rank4] INFO:   case684: 1797 frames, 192x352
2026-07-27 16:05:25 [rank4] INFO:   ✓ case684: 22 chunks saved in 21.6s
2026-07-27 16:05:25 [rank4] INFO: [PROCESS] case692
2026-07-27 16:05:29 [rank4] INFO:   case692: 1797 frames, 192x352
2026-07-27 16:05:45 [rank4] INFO:   ✓ case692: 22 chunks saved in 20.4s
2026-07-27 16:05:45 [rank4] INFO: [PROCESS] case700
2026-07-27 16:05:49 [rank4] INFO:   case700: 1797 frames, 192x352
2026-07-27 16:06:06 [rank4] INFO:   ✓ case700: 22 chunks saved in 20.7s
2026-07-27 16:06:06 [rank4] INFO: [PROCESS] case708
2026-07-27 16:06:11 [rank4] INFO:   case708: 1797 frames, 192x352
2026-07-27 16:06:27 [rank4] INFO:   ✓ case708: 22 chunks saved in 21.0s
2026-07-27 16:06:27 [rank4] INFO: [PROCESS] case716
2026-07-27 16:06:32 [rank4] INFO:   case716: 1797 frames, 192x352
2026-07-27 16:06:49 [rank4] INFO:   ✓ case716: 22 chunks saved in 21.6s
2026-07-27 16:06:49 [rank4] INFO: [PROCESS] case724
2026-07-27 16:06:55 [rank4] INFO:   case724: 1797 frames, 192x352
2026-07-27 16:07:11 [rank4] INFO:   ✓ case724: 22 chunks saved in 22.1s
2026-07-27 16:07:11 [rank4] INFO: [PROCESS] case732
2026-07-27 16:07:17 [rank4] INFO:   case732: 1797 frames, 192x352
2026-07-27 16:07:33 [rank4] INFO:   ✓ case732: 22 chunks saved in 21.9s
2026-07-27 16:07:33 [rank4] INFO: [PROCESS] case740
2026-07-27 16:07:39 [rank4] INFO:   case740: 1797 frames, 192x352
2026-07-27 16:07:56 [rank4] INFO:   ✓ case740: 22 chunks saved in 22.4s
2026-07-27 16:07:56 [rank4] INFO: [PROCESS] case748
2026-07-27 16:08:02 [rank4] INFO:   case748: 1797 frames, 192x352
2026-07-27 16:08:18 [rank4] INFO:   ✓ case748: 22 chunks saved in 22.6s
2026-07-27 16:08:18 [rank4] INFO: [PROCESS] case756
2026-07-27 16:08:25 [rank4] INFO:   case756: 1797 frames, 192x352
2026-07-27 16:08:41 [rank4] INFO:   ✓ case756: 22 chunks saved in 23.0s
2026-07-27 16:08:42 [rank4] INFO: [PROCESS] case764
2026-07-27 16:08:48 [rank4] INFO:   case764: 1797 frames, 192x352
2026-07-27 16:09:05 [rank4] INFO:   ✓ case764: 22 chunks saved in 23.1s
2026-07-27 16:09:05 [rank4] INFO: [PROCESS] case772
2026-07-27 16:09:12 [rank4] INFO:   case772: 1797 frames, 192x352
2026-07-27 16:09:28 [rank4] INFO:   ✓ case772: 22 chunks saved in 23.4s
2026-07-27 16:09:28 [rank4] INFO: [PROCESS] case780
2026-07-27 16:09:35 [rank4] INFO:   case780: 1797 frames, 192x352
2026-07-27 16:09:52 [rank4] INFO:   ✓ case780: 22 chunks saved in 23.3s
2026-07-27 16:09:52 [rank4] INFO: [PROCESS] case788
2026-07-27 16:09:59 [rank4] INFO:   case788: 1797 frames, 192x352
2026-07-27 16:10:15 [rank4] INFO:   ✓ case788: 22 chunks saved in 23.4s
2026-07-27 16:10:15 [rank4] INFO: [PROCESS] case796
2026-07-27 16:10:19 [rank4] INFO:   case796: 1797 frames, 192x352
2026-07-27 16:10:36 [rank4] INFO:   ✓ case796: 22 chunks saved in 20.8s
2026-07-27 16:10:36 [rank4] INFO: [PROCESS] case804
2026-07-27 16:10:41 [rank4] INFO:   case804: 1797 frames, 192x352
2026-07-27 16:10:57 [rank4] INFO:   ✓ case804: 22 chunks saved in 21.4s
2026-07-27 16:10:58 [rank4] INFO: [PROCESS] case812
2026-07-27 16:11:03 [rank4] INFO:   case812: 1797 frames, 192x352
2026-07-27 16:11:19 [rank4] INFO:   ✓ case812: 22 chunks saved in 21.6s
2026-07-27 16:11:19 [rank4] INFO: [PROCESS] case820
2026-07-27 16:11:23 [rank4] INFO:   case820: 1797 frames, 192x352
2026-07-27 16:11:40 [rank4] INFO:   ✓ case820: 22 chunks saved in 20.3s
2026-07-27 16:11:40 [rank4] INFO: [PROCESS] case828
2026-07-27 16:11:44 [rank4] INFO:   case828: 1797 frames, 192x352
2026-07-27 16:12:00 [rank4] INFO:   ✓ case828: 22 chunks saved in 20.6s
2026-07-27 16:12:00 [rank4] INFO: [PROCESS] case836
2026-07-27 16:12:05 [rank4] INFO:   case836: 1797 frames, 192x352
2026-07-27 16:12:21 [rank4] INFO:   ✓ case836: 22 chunks saved in 20.6s
2026-07-27 16:12:21 [rank4] INFO: [PROCESS] case844
2026-07-27 16:12:25 [rank4] INFO:   case844: 1797 frames, 192x352
2026-07-27 16:12:42 [rank4] INFO:   ✓ case844: 22 chunks saved in 20.6s
2026-07-27 16:12:42 [rank4] INFO: [PROCESS] case852
2026-07-27 16:12:46 [rank4] INFO:   case852: 1797 frames, 192x352
2026-07-27 16:13:03 [rank4] INFO:   ✓ case852: 22 chunks saved in 20.8s
2026-07-27 16:13:03 [rank4] INFO: [PROCESS] case860
2026-07-27 16:13:08 [rank4] INFO:   case860: 1797 frames, 192x352
2026-07-27 16:13:24 [rank4] INFO:   ✓ case860: 22 chunks saved in 21.2s
2026-07-27 16:13:24 [rank4] INFO: [PROCESS] case868
2026-07-27 16:13:29 [rank4] INFO:   case868: 1797 frames, 192x352
2026-07-27 16:13:46 [rank4] INFO:   ✓ case868: 22 chunks saved in 21.7s
2026-07-27 16:13:46 [rank4] INFO: [PROCESS] case876
2026-07-27 16:13:50 [rank4] INFO:   case876: 1797 frames, 192x352
2026-07-27 16:14:06 [rank4] INFO:   ✓ case876: 22 chunks saved in 20.5s
2026-07-27 16:14:07 [rank4] INFO: [PROCESS] case884
2026-07-27 16:14:10 [rank4] INFO:   case884: 1797 frames, 192x352
2026-07-27 16:14:27 [rank4] INFO:   ✓ case884: 22 chunks saved in 20.3s
2026-07-27 16:14:27 [rank4] INFO: [PROCESS] case892
2026-07-27 16:14:31 [rank4] INFO:   case892: 1797 frames, 192x352
2026-07-27 16:14:47 [rank4] INFO:   ✓ case892: 22 chunks saved in 20.2s
2026-07-27 16:14:47 [rank4] INFO: [PROCESS] case900
2026-07-27 16:14:52 [rank4] INFO:   case900: 1797 frames, 192x352
2026-07-27 16:15:08 [rank4] INFO:   ✓ case900: 22 chunks saved in 20.8s
2026-07-27 16:15:08 [rank4] INFO: [PROCESS] case908
2026-07-27 16:15:12 [rank4] INFO:   case908: 1797 frames, 192x352
2026-07-27 16:15:29 [rank4] INFO:   ✓ case908: 22 chunks saved in 20.4s
2026-07-27 16:15:29 [rank4] INFO: [PROCESS] case916
2026-07-27 16:15:33 [rank4] INFO:   case916: 1797 frames, 192x352
2026-07-27 16:15:49 [rank4] INFO:   ✓ case916: 22 chunks saved in 20.6s
2026-07-27 16:15:50 [rank4] INFO: [PROCESS] case924
2026-07-27 16:15:54 [rank4] INFO:   case924: 1797 frames, 192x352
2026-07-27 16:16:10 [rank4] INFO:   ✓ case924: 22 chunks saved in 20.8s
2026-07-27 16:16:10 [rank4] INFO: [PROCESS] case932
2026-07-27 16:16:14 [rank4] INFO:   case932: 1797 frames, 192x352
2026-07-27 16:16:31 [rank4] INFO:   ✓ case932: 22 chunks saved in 20.4s
2026-07-27 16:16:31 [rank4] INFO: [PROCESS] case940
2026-07-27 16:16:35 [rank4] INFO:   case940: 1797 frames, 192x352
2026-07-27 16:16:52 [rank4] INFO:   ✓ case940: 22 chunks saved in 20.9s
2026-07-27 16:16:52 [rank4] INFO: [PROCESS] case948
2026-07-27 16:16:56 [rank4] INFO:   case948: 1797 frames, 192x352
2026-07-27 16:17:12 [rank4] INFO:   ✓ case948: 22 chunks saved in 20.5s
2026-07-27 16:17:13 [rank4] INFO: [PROCESS] case956
2026-07-27 16:17:17 [rank4] INFO:   case956: 1797 frames, 192x352
2026-07-27 16:17:33 [rank4] INFO:   ✓ case956: 22 chunks saved in 20.6s
2026-07-27 16:17:33 [rank4] INFO: [PROCESS] case964
2026-07-27 16:17:37 [rank4] INFO:   case964: 1797 frames, 192x352
2026-07-27 16:17:54 [rank4] INFO:   ✓ case964: 22 chunks saved in 20.4s
2026-07-27 16:17:54 [rank4] INFO: [PROCESS] case972
2026-07-27 16:17:58 [rank4] INFO:   case972: 1797 frames, 192x352
2026-07-27 16:18:15 [rank4] INFO:   ✓ case972: 22 chunks saved in 20.7s
2026-07-27 16:18:15 [rank4] INFO: [PROCESS] case980
2026-07-27 16:18:19 [rank4] INFO:   case980: 1797 frames, 192x352
2026-07-27 16:18:36 [rank4] INFO:   ✓ case980: 22 chunks saved in 21.1s
2026-07-27 16:18:36 [rank4] INFO: [PROCESS] case988
2026-07-27 16:18:41 [rank4] INFO:   case988: 1797 frames, 192x352
2026-07-27 16:18:57 [rank4] INFO:   ✓ case988: 22 chunks saved in 21.3s
2026-07-27 16:18:57 [rank4] INFO: [PROCESS] case996
2026-07-27 16:19:03 [rank4] INFO:   case996: 1797 frames, 192x352
2026-07-27 16:19:21 [rank4] INFO:   ✓ case996: 22 chunks saved in 23.3s
2026-07-27 16:19:21 [rank4] INFO: [PROCESS] case1004
2026-07-27 16:19:27 [rank4] INFO:   case1004: 1797 frames, 192x352
2026-07-27 16:19:43 [rank4] INFO:   ✓ case1004: 22 chunks saved in 22.8s
2026-07-27 16:19:44 [rank4] INFO: [PROCESS] case1012
2026-07-27 16:19:50 [rank4] INFO:   case1012: 1797 frames, 192x352
2026-07-27 16:20:07 [rank4] INFO:   ✓ case1012: 22 chunks saved in 23.0s
2026-07-27 16:20:07 [rank4] INFO: [PROCESS] case1020
2026-07-27 16:20:12 [rank4] INFO:   case1020: 1797 frames, 192x352
2026-07-27 16:20:28 [rank4] INFO:   ✓ case1020: 22 chunks saved in 21.3s
2026-07-27 16:20:28 [rank4] INFO: [PROCESS] case1028
2026-07-27 16:20:33 [rank4] INFO:   case1028: 1797 frames, 192x352
2026-07-27 16:20:49 [rank4] INFO:   ✓ case1028: 22 chunks saved in 21.2s
2026-07-27 16:20:50 [rank4] INFO: [PROCESS] case1036
2026-07-27 16:20:54 [rank4] INFO:   case1036: 1797 frames, 192x352
2026-07-27 16:21:11 [rank4] INFO:   ✓ case1036: 22 chunks saved in 21.0s
2026-07-27 16:21:11 [rank4] INFO: [PROCESS] case1044
2026-07-27 16:21:15 [rank4] INFO:   case1044: 1797 frames, 192x352
2026-07-27 16:21:31 [rank4] INFO:   ✓ case1044: 22 chunks saved in 20.7s
2026-07-27 16:21:32 [rank4] INFO: [PROCESS] case1052
2026-07-27 16:21:36 [rank4] INFO:   case1052: 1797 frames, 192x352
2026-07-27 16:21:52 [rank4] INFO:   ✓ case1052: 22 chunks saved in 20.8s
2026-07-27 16:21:52 [rank4] INFO: [PROCESS] case1060
2026-07-27 16:21:57 [rank4] INFO:   case1060: 1797 frames, 192x352
2026-07-27 16:22:14 [rank4] INFO:   ✓ case1060: 22 chunks saved in 21.5s
2026-07-27 16:22:14 [rank4] INFO: [PROCESS] case1068
2026-07-27 16:22:19 [rank4] INFO:   case1068: 1797 frames, 192x352
2026-07-27 16:22:35 [rank4] INFO:   ✓ case1068: 22 chunks saved in 21.2s
2026-07-27 16:22:35 [rank4] INFO: [PROCESS] case1076
2026-07-27 16:22:39 [rank4] INFO:   case1076: 1797 frames, 192x352
2026-07-27 16:22:56 [rank4] INFO:   ✓ case1076: 22 chunks saved in 20.5s
2026-07-27 16:22:56 [rank4] INFO: [PROCESS] case1084
2026-07-27 16:23:01 [rank4] INFO:   case1084: 1797 frames, 192x352
2026-07-27 16:23:17 [rank4] INFO:   ✓ case1084: 22 chunks saved in 21.1s
2026-07-27 16:23:17 [rank4] INFO: [PROCESS] case1092
2026-07-27 16:23:22 [rank4] INFO:   case1092: 1797 frames, 192x352
2026-07-27 16:23:38 [rank4] INFO:   ✓ case1092: 22 chunks saved in 21.0s
2026-07-27 16:23:38 [rank4] INFO: [PROCESS] case1100
2026-07-27 16:23:43 [rank4] INFO:   case1100: 1797 frames, 192x352
2026-07-27 16:23:59 [rank4] INFO:   ✓ case1100: 22 chunks saved in 20.9s
2026-07-27 16:24:00 [rank4] INFO: [PROCESS] case1108
2026-07-27 16:24:04 [rank4] INFO:   case1108: 1797 frames, 192x352
2026-07-27 16:24:21 [rank4] INFO:   ✓ case1108: 22 chunks saved in 21.4s
2026-07-27 16:24:21 [rank4] INFO: [PROCESS] case1116
2026-07-27 16:24:25 [rank4] INFO:   case1116: 1797 frames, 192x352
2026-07-27 16:24:42 [rank4] INFO:   ✓ case1116: 22 chunks saved in 20.6s
2026-07-27 16:24:42 [rank4] INFO: [PROCESS] case1124
2026-07-27 16:24:46 [rank4] INFO:   case1124: 1797 frames, 192x352
2026-07-27 16:25:03 [rank4] INFO:   ✓ case1124: 22 chunks saved in 20.8s
2026-07-27 16:25:03 [rank4] INFO: [PROCESS] case1132
2026-07-27 16:25:07 [rank4] INFO:   case1132: 1797 frames, 192x352
2026-07-27 16:25:24 [rank4] INFO:   ✓ case1132: 22 chunks saved in 20.8s
2026-07-27 16:25:24 [rank4] INFO: [PROCESS] case1140
2026-07-27 16:25:28 [rank4] INFO:   case1140: 1797 frames, 192x352
2026-07-27 16:25:44 [rank4] INFO:   ✓ case1140: 22 chunks saved in 20.7s
2026-07-27 16:25:45 [rank4] INFO: [PROCESS] case1148
2026-07-27 16:25:49 [rank4] INFO:   case1148: 1797 frames, 192x352
2026-07-27 16:26:05 [rank4] INFO:   ✓ case1148: 22 chunks saved in 20.7s
2026-07-27 16:26:05 [rank4] INFO: [PROCESS] case1156
2026-07-27 16:26:10 [rank4] INFO:   case1156: 1797 frames, 192x352
2026-07-27 16:26:26 [rank4] INFO:   ✓ case1156: 22 chunks saved in 20.9s
2026-07-27 16:26:26 [rank4] INFO: [PROCESS] case1164
2026-07-27 16:26:31 [rank4] INFO:   case1164: 1797 frames, 192x352
2026-07-27 16:26:47 [rank4] INFO:   ✓ case1164: 22 chunks saved in 20.9s
2026-07-27 16:26:47 [rank4] INFO: [PROCESS] case1172
2026-07-27 16:26:52 [rank4] INFO:   case1172: 1797 frames, 192x352
2026-07-27 16:27:09 [rank4] INFO:   ✓ case1172: 22 chunks saved in 21.2s
2026-07-27 16:27:09 [rank4] INFO: [PROCESS] case1180
2026-07-27 16:27:13 [rank4] INFO:   case1180: 1797 frames, 192x352
2026-07-27 16:27:29 [rank4] INFO:   ✓ case1180: 22 chunks saved in 20.6s
2026-07-27 16:27:29 [rank4] INFO: [PROCESS] case1188
2026-07-27 16:27:34 [rank4] INFO:   case1188: 1797 frames, 192x352
2026-07-27 16:27:51 [rank4] INFO:   ✓ case1188: 22 chunks saved in 21.1s
2026-07-27 16:27:51 [rank4] INFO: [PROCESS] case1196
2026-07-27 16:27:55 [rank4] INFO:   case1196: 1797 frames, 192x352
2026-07-27 16:28:13 [rank4] INFO:   ✓ case1196: 22 chunks saved in 22.0s
2026-07-27 16:28:13 [rank4] INFO: [PROCESS] case1204
2026-07-27 16:28:17 [rank4] INFO:   case1204: 1797 frames, 192x352
2026-07-27 16:28:34 [rank4] INFO:   ✓ case1204: 22 chunks saved in 21.3s
2026-07-27 16:28:34 [rank4] INFO: [PROCESS] case1212
2026-07-27 16:28:39 [rank4] INFO:   case1212: 1797 frames, 192x352
2026-07-27 16:28:56 [rank4] INFO:   ✓ case1212: 22 chunks saved in 21.3s
2026-07-27 16:28:56 [rank4] INFO: [PROCESS] case1220
2026-07-27 16:29:00 [rank4] INFO:   case1220: 1797 frames, 192x352
2026-07-27 16:29:17 [rank4] INFO:   ✓ case1220: 22 chunks saved in 21.1s
2026-07-27 16:29:17 [rank4] INFO: [PROCESS] case1228
2026-07-27 16:29:22 [rank4] INFO:   case1228: 1797 frames, 192x352
2026-07-27 16:29:38 [rank4] INFO:   ✓ case1228: 22 chunks saved in 21.2s
2026-07-27 16:29:38 [rank4] INFO: [PROCESS] case1236
2026-07-27 16:29:44 [rank4] INFO:   case1236: 1797 frames, 192x352
2026-07-27 16:30:00 [rank4] INFO:   ✓ case1236: 22 chunks saved in 21.7s
2026-07-27 16:30:00 [rank4] INFO: [PROCESS] case1244
2026-07-27 16:30:04 [rank4] INFO:   case1244: 1797 frames, 192x352
2026-07-27 16:30:21 [rank4] INFO:   ✓ case1244: 22 chunks saved in 20.8s
2026-07-27 16:30:21 [rank4] INFO: [PROCESS] case1252
2026-07-27 16:30:25 [rank4] INFO:   case1252: 1797 frames, 192x352
2026-07-27 16:30:42 [rank4] INFO:   ✓ case1252: 22 chunks saved in 20.8s
2026-07-27 16:30:42 [rank4] INFO: [PROCESS] case1260
2026-07-27 16:30:46 [rank4] INFO:   case1260: 1797 frames, 192x352
2026-07-27 16:31:03 [rank4] INFO:   ✓ case1260: 22 chunks saved in 20.7s
2026-07-27 16:31:03 [rank4] INFO: [PROCESS] case1268
2026-07-27 16:31:07 [rank4] INFO:   case1268: 1797 frames, 192x352
2026-07-27 16:31:24 [rank4] INFO:   ✓ case1268: 22 chunks saved in 20.9s
2026-07-27 16:31:24 [rank4] INFO: [PROCESS] case1276
2026-07-27 16:31:28 [rank4] INFO:   case1276: 1797 frames, 192x352
2026-07-27 16:31:44 [rank4] INFO:   ✓ case1276: 22 chunks saved in 20.4s
2026-07-27 16:31:44 [rank4] INFO: [PROCESS] case1284
2026-07-27 16:31:49 [rank4] INFO:   case1284: 1797 frames, 192x352
2026-07-27 16:32:05 [rank4] INFO:   ✓ case1284: 22 chunks saved in 20.9s
2026-07-27 16:32:05 [rank4] INFO: [PROCESS] case1292
2026-07-27 16:32:10 [rank4] INFO:   case1292: 1797 frames, 192x352
2026-07-27 16:32:26 [rank4] INFO:   ✓ case1292: 22 chunks saved in 20.7s
2026-07-27 16:32:26 [rank4] INFO: [PROCESS] case1300
2026-07-27 16:32:31 [rank4] INFO:   case1300: 1797 frames, 192x352
2026-07-27 16:32:47 [rank4] INFO:   ✓ case1300: 22 chunks saved in 20.9s
2026-07-27 16:32:47 [rank4] INFO: [PROCESS] case1308
2026-07-27 16:32:52 [rank4] INFO:   case1308: 1797 frames, 192x352
2026-07-27 16:33:09 [rank4] INFO:   ✓ case1308: 22 chunks saved in 21.5s
2026-07-27 16:33:09 [rank4] INFO: [PROCESS] case1316
2026-07-27 16:33:14 [rank4] INFO:   case1316: 1797 frames, 192x352
2026-07-27 16:33:30 [rank4] INFO:   ✓ case1316: 22 chunks saved in 21.3s
2026-07-27 16:33:30 [rank4] INFO: [PROCESS] case1324
2026-07-27 16:33:35 [rank4] INFO:   case1324: 1797 frames, 192x352
2026-07-27 16:33:52 [rank4] INFO:   ✓ case1324: 22 chunks saved in 21.4s
2026-07-27 16:33:52 [rank4] INFO: [PROCESS] case1332
2026-07-27 16:33:57 [rank4] INFO:   case1332: 1797 frames, 192x352
2026-07-27 16:34:13 [rank4] INFO:   ✓ case1332: 22 chunks saved in 21.4s
2026-07-27 16:34:13 [rank4] INFO: [PROCESS] case1340
2026-07-27 16:34:17 [rank4] INFO:   case1340: 1797 frames, 192x352
2026-07-27 16:34:34 [rank4] INFO:   ✓ case1340: 22 chunks saved in 20.3s
2026-07-27 16:34:34 [rank4] INFO: [PROCESS] case1348
2026-07-27 16:34:38 [rank4] INFO:   case1348: 1797 frames, 192x352
2026-07-27 16:34:55 [rank4] INFO:   ✓ case1348: 22 chunks saved in 20.6s
2026-07-27 16:34:55 [rank4] INFO: [PROCESS] case1356
2026-07-27 16:35:00 [rank4] INFO:   case1356: 1797 frames, 192x352
2026-07-27 16:35:16 [rank4] INFO:   ✓ case1356: 22 chunks saved in 21.4s
2026-07-27 16:35:16 [rank4] INFO: [PROCESS] case1364
2026-07-27 16:35:21 [rank4] INFO:   case1364: 1797 frames, 192x352
2026-07-27 16:35:38 [rank4] INFO:   ✓ case1364: 22 chunks saved in 21.3s
2026-07-27 16:35:38 [rank4] INFO: [PROCESS] case1372
2026-07-27 16:35:43 [rank4] INFO:   case1372: 1797 frames, 192x352
2026-07-27 16:36:00 [rank4] INFO:   ✓ case1372: 22 chunks saved in 22.1s
2026-07-27 16:36:00 [rank4] INFO: [PROCESS] case1380
2026-07-27 16:36:06 [rank4] INFO:   case1380: 1797 frames, 192x352
2026-07-27 16:36:23 [rank4] INFO:   ✓ case1380: 22 chunks saved in 23.0s
2026-07-27 16:36:23 [rank4] INFO: [PROCESS] case1388
2026-07-27 16:36:30 [rank4] INFO:   case1388: 1797 frames, 192x352
2026-07-27 16:36:46 [rank4] INFO:   ✓ case1388: 22 chunks saved in 23.1s
2026-07-27 16:36:46 [rank4] INFO: [PROCESS] case1396
2026-07-27 16:36:53 [rank4] INFO:   case1396: 1797 frames, 192x352
2026-07-27 16:37:10 [rank4] INFO:   ✓ case1396: 22 chunks saved in 23.3s
2026-07-27 16:37:10 [rank4] INFO: [PROCESS] case1404
2026-07-27 16:37:14 [rank4] INFO:   case1404: 1797 frames, 192x352
2026-07-27 16:37:31 [rank4] INFO:   ✓ case1404: 22 chunks saved in 20.9s
2026-07-27 16:37:31 [rank4] INFO: [PROCESS] case1412
2026-07-27 16:37:35 [rank4] INFO:   case1412: 1797 frames, 192x352
2026-07-27 16:37:52 [rank4] INFO:   ✓ case1412: 22 chunks saved in 20.9s
2026-07-27 16:37:52 [rank4] INFO: [PROCESS] case1420
2026-07-27 16:37:57 [rank4] INFO:   case1420: 1797 frames, 192x352
2026-07-27 16:38:14 [rank4] INFO:   ✓ case1420: 22 chunks saved in 21.8s
2026-07-27 16:38:14 [rank4] INFO: [PROCESS] case1428
2026-07-27 16:38:19 [rank4] INFO:   case1428: 1797 frames, 192x352
2026-07-27 16:38:36 [rank4] INFO:   ✓ case1428: 22 chunks saved in 21.9s
2026-07-27 16:38:36 [rank4] INFO: [PROCESS] case1436
2026-07-27 16:38:41 [rank4] INFO:   case1436: 1797 frames, 192x352
2026-07-27 16:38:58 [rank4] INFO:   ✓ case1436: 22 chunks saved in 22.1s
2026-07-27 16:38:58 [rank4] INFO: [PROCESS] case1444
2026-07-27 16:39:04 [rank4] INFO:   case1444: 1797 frames, 192x352
2026-07-27 16:39:21 [rank4] INFO:   ✓ case1444: 22 chunks saved in 22.6s
2026-07-27 16:39:21 [rank4] INFO: [PROCESS] case1452
2026-07-27 16:39:28 [rank4] INFO:   case1452: 1797 frames, 192x352
2026-07-27 16:39:44 [rank4] INFO:   ✓ case1452: 22 chunks saved in 23.2s
2026-07-27 16:39:44 [rank4] INFO: [PROCESS] case1460
2026-07-27 16:39:51 [rank4] INFO:   case1460: 1797 frames, 192x352
2026-07-27 16:40:07 [rank4] INFO:   ✓ case1460: 22 chunks saved in 23.1s
2026-07-27 16:40:07 [rank4] INFO: [PROCESS] case1468
2026-07-27 16:40:14 [rank4] INFO:   case1468: 1797 frames, 192x352
2026-07-27 16:40:31 [rank4] INFO:   ✓ case1468: 22 chunks saved in 23.5s
2026-07-27 16:40:31 [rank4] INFO: [PROCESS] case1476
2026-07-27 16:40:38 [rank4] INFO:   case1476: 1797 frames, 192x352
2026-07-27 16:40:54 [rank4] INFO:   ✓ case1476: 22 chunks saved in 23.4s
2026-07-27 16:40:55 [rank4] INFO: [PROCESS] case1484
2026-07-27 16:41:02 [rank4] INFO:   case1484: 1797 frames, 192x352
2026-07-27 16:41:18 [rank4] INFO:   ✓ case1484: 22 chunks saved in 23.7s
2026-07-27 16:41:18 [rank4] INFO: [PROCESS] case1492
2026-07-27 16:41:25 [rank4] INFO:   case1492: 1797 frames, 192x352
2026-07-27 16:41:42 [rank4] INFO:   ✓ case1492: 22 chunks saved in 23.4s
2026-07-27 16:41:42 [rank4] INFO: [PROCESS] case1500
2026-07-27 16:41:49 [rank4] INFO:   case1500: 1797 frames, 192x352
2026-07-27 16:42:06 [rank4] INFO:   ✓ case1500: 22 chunks saved in 23.7s
2026-07-27 16:42:06 [rank4] INFO: [PROCESS] case1508
2026-07-27 16:42:10 [rank4] INFO:   case1508: 1797 frames, 192x352
2026-07-27 16:42:27 [rank4] INFO:   ✓ case1508: 22 chunks saved in 21.2s
2026-07-27 16:42:27 [rank4] INFO: [PROCESS] case1516
2026-07-27 16:42:31 [rank4] INFO:   case1516: 1797 frames, 192x352
2026-07-27 16:42:48 [rank4] INFO:   ✓ case1516: 22 chunks saved in 20.6s
2026-07-27 16:42:48 [rank4] INFO: [PROCESS] case1524
2026-07-27 16:42:52 [rank4] INFO:   case1524: 1797 frames, 192x352
2026-07-27 16:43:08 [rank4] INFO:   ✓ case1524: 22 chunks saved in 20.3s
2026-07-27 16:43:08 [rank4] INFO: [PROCESS] case1532
2026-07-27 16:43:12 [rank4] INFO:   case1532: 1797 frames, 192x352
2026-07-27 16:43:29 [rank4] INFO:   ✓ case1532: 22 chunks saved in 20.8s
2026-07-27 16:43:29 [rank4] INFO: [PROCESS] case1540
2026-07-27 16:43:34 [rank4] INFO:   case1540: 1797 frames, 192x352
2026-07-27 16:43:51 [rank4] INFO:   ✓ case1540: 22 chunks saved in 21.6s
2026-07-27 16:43:51 [rank4] INFO: [PROCESS] case1548
2026-07-27 16:43:56 [rank4] INFO:   case1548: 1797 frames, 192x352
2026-07-27 16:44:13 [rank4] INFO:   ✓ case1548: 22 chunks saved in 21.9s
2026-07-27 16:44:13 [rank4] INFO: [PROCESS] case1556
2026-07-27 16:44:17 [rank4] INFO:   case1556: 1797 frames, 192x352
2026-07-27 16:44:34 [rank4] INFO:   ✓ case1556: 22 chunks saved in 20.8s
2026-07-27 16:44:34 [rank4] INFO: [PROCESS] case1564
2026-07-27 16:44:40 [rank4] INFO:   case1564: 1797 frames, 192x352
2026-07-27 16:44:56 [rank4] INFO:   ✓ case1564: 22 chunks saved in 22.8s
2026-07-27 16:44:57 [rank4] INFO: [PROCESS] case1572
2026-07-27 16:45:02 [rank4] INFO:   case1572: 1797 frames, 192x352
2026-07-27 16:45:19 [rank4] INFO:   ✓ case1572: 22 chunks saved in 22.2s
2026-07-27 16:45:19 [rank4] INFO: [PROCESS] case1580
2026-07-27 16:45:25 [rank4] INFO:   case1580: 1797 frames, 192x352
2026-07-27 16:45:42 [rank4] INFO:   ✓ case1580: 22 chunks saved in 22.9s
2026-07-27 16:45:42 [rank4] INFO: [PROCESS] case1588
2026-07-27 16:45:46 [rank4] INFO:   case1588: 1797 frames, 192x352
2026-07-27 16:46:03 [rank4] INFO:   ✓ case1588: 22 chunks saved in 20.8s
2026-07-27 16:46:03 [rank4] INFO: [PROCESS] case1596
2026-07-27 16:46:07 [rank4] INFO:   case1596: 1797 frames, 192x352
2026-07-27 16:46:24 [rank4] INFO:   ✓ case1596: 22 chunks saved in 20.9s
2026-07-27 16:46:24 [rank4] INFO: [PROCESS] case1604
2026-07-27 16:46:29 [rank4] INFO:   case1604: 1797 frames, 192x352
2026-07-27 16:46:46 [rank4] INFO:   ✓ case1604: 22 chunks saved in 21.6s
2026-07-27 16:46:46 [rank4] INFO: [PROCESS] case1612
2026-07-27 16:46:50 [rank4] INFO:   case1612: 1797 frames, 192x352
2026-07-27 16:47:07 [rank4] INFO:   ✓ case1612: 22 chunks saved in 21.2s
2026-07-27 16:47:07 [rank4] INFO: [DONE] Rank 4: 192 success, 0 failed in 67.9 min
