2026-07-27 15:21:32 [rank7] INFO: Device: cuda:7 (rank 7)
2026-07-27 15:21:32 [rank7] INFO: [LOAD] VAE...
2026-07-27 15:21:33 [rank7] INFO: [LOAD] Text Encoder...
2026-07-27 15:21:44 [rank7] INFO: [DISTRIBUTE] Rank 7 assigned 202/1618 cases
2026-07-27 15:21:44 [rank7] INFO: [SKIP] case7: already preprocessed
2026-07-27 15:21:44 [rank7] INFO: [PROCESS] case15
2026-07-27 15:23:27 [rank7] INFO:   case15: 1797 frames, 192x352
2026-07-27 15:23:45 [rank7] INFO:   ✓ case15: 22 chunks saved in 120.5s
2026-07-27 15:23:45 [rank7] INFO: [PROCESS] case23
2026-07-27 15:25:40 [rank7] INFO:   case23: 1797 frames, 192x352
2026-07-27 15:25:57 [rank7] INFO:   ✓ case23: 22 chunks saved in 131.6s
2026-07-27 15:25:57 [rank7] INFO: [PROCESS] case31
2026-07-27 15:26:53 [rank7] INFO:   case31: 1797 frames, 192x352
2026-07-27 15:27:10 [rank7] INFO:   ✓ case31: 22 chunks saved in 72.9s
2026-07-27 15:27:10 [rank7] INFO: [PROCESS] case39
2026-07-27 15:28:05 [rank7] INFO:   case39: 1797 frames, 192x352
2026-07-27 15:28:22 [rank7] INFO:   ✓ case39: 22 chunks saved in 72.4s
2026-07-27 15:28:22 [rank7] INFO: [PROCESS] case47
2026-07-27 15:30:20 [rank7] INFO:   case47: 1797 frames, 192x352
2026-07-27 15:30:37 [rank7] INFO:   ✓ case47: 22 chunks saved in 134.7s
2026-07-27 15:30:37 [rank7] INFO: [PROCESS] case55
2026-07-27 15:31:55 [rank7] INFO:   case55: 1797 frames, 192x352
2026-07-27 15:32:12 [rank7] INFO:   ✓ case55: 22 chunks saved in 94.8s
2026-07-27 15:32:12 [rank7] INFO: [PROCESS] case63
2026-07-27 15:34:25 [rank7] INFO:   case63: 1797 frames, 192x352
2026-07-27 15:34:42 [rank7] INFO:   ✓ case63: 22 chunks saved in 150.5s
2026-07-27 15:34:43 [rank7] INFO: [PROCESS] case71
2026-07-27 15:35:35 [rank7] INFO:   case71: 1797 frames, 192x352
2026-07-27 15:35:52 [rank7] INFO:   ✓ case71: 22 chunks saved in 69.2s
2026-07-27 15:35:52 [rank7] INFO: [PROCESS] case79
2026-07-27 15:36:59 [rank7] INFO:   case79: 1797 frames, 192x352
2026-07-27 15:37:16 [rank7] INFO:   ✓ case79: 22 chunks saved in 83.8s
2026-07-27 15:37:16 [rank7] INFO: [PROCESS] case87
2026-07-27 15:38:56 [rank7] INFO: Device: cuda:7 (rank 7)
2026-07-27 15:38:57 [rank7] INFO: [LOAD] VAE...
2026-07-27 15:38:57 [rank7] INFO: [LOAD] Text Encoder...
2026-07-27 15:39:11 [rank7] INFO: [DISTRIBUTE] Rank 7 assigned 202/1618 cases
2026-07-27 15:39:11 [rank7] INFO: [SKIP] case7: already preprocessed
2026-07-27 15:39:11 [rank7] INFO: [SKIP] case15: already preprocessed
2026-07-27 15:39:11 [rank7] INFO: [SKIP] case23: already preprocessed
2026-07-27 15:39:11 [rank7] INFO: [SKIP] case31: already preprocessed
2026-07-27 15:39:11 [rank7] INFO: [SKIP] case39: already preprocessed
2026-07-27 15:39:11 [rank7] INFO: [SKIP] case47: already preprocessed
2026-07-27 15:39:11 [rank7] INFO: [SKIP] case55: already preprocessed
2026-07-27 15:39:11 [rank7] INFO: [SKIP] case63: already preprocessed
2026-07-27 15:39:11 [rank7] INFO: [SKIP] case71: already preprocessed
2026-07-27 15:39:11 [rank7] INFO: [SKIP] case79: already preprocessed
2026-07-27 15:39:11 [rank7] INFO: [PROCESS] case87
2026-07-27 15:39:15 [rank7] INFO:   case87: 1797 frames, 192x352
2026-07-27 15:39:34 [rank7] INFO:   ✓ case87: 22 chunks saved in 22.9s
2026-07-27 15:39:34 [rank7] INFO: [PROCESS] case95
2026-07-27 15:39:38 [rank7] INFO:   case95: 1797 frames, 192x352
2026-07-27 15:39:55 [rank7] INFO:   ✓ case95: 22 chunks saved in 21.2s
2026-07-27 15:39:55 [rank7] INFO: [PROCESS] case103
2026-07-27 15:39:59 [rank7] INFO:   case103: 1797 frames, 192x352
2026-07-27 15:40:16 [rank7] INFO:   ✓ case103: 22 chunks saved in 20.4s
2026-07-27 15:40:16 [rank7] INFO: [PROCESS] case111
2026-07-27 15:40:20 [rank7] INFO:   case111: 1797 frames, 192x352
2026-07-27 15:40:37 [rank7] INFO:   ✓ case111: 22 chunks saved in 21.3s
2026-07-27 15:40:37 [rank7] INFO: [PROCESS] case119
2026-07-27 15:40:41 [rank7] INFO:   case119: 1797 frames, 192x352
2026-07-27 15:40:58 [rank7] INFO:   ✓ case119: 22 chunks saved in 20.8s
2026-07-27 15:40:58 [rank7] INFO: [PROCESS] case127
2026-07-27 15:41:02 [rank7] INFO:   case127: 1797 frames, 192x352
2026-07-27 15:41:19 [rank7] INFO:   ✓ case127: 22 chunks saved in 20.6s
2026-07-27 15:41:19 [rank7] INFO: [PROCESS] case135
2026-07-27 15:41:23 [rank7] INFO:   case135: 1797 frames, 192x352
2026-07-27 15:41:39 [rank7] INFO:   ✓ case135: 22 chunks saved in 20.6s
2026-07-27 15:41:39 [rank7] INFO: [PROCESS] case143
2026-07-27 15:41:43 [rank7] INFO:   case143: 1797 frames, 192x352
2026-07-27 15:42:00 [rank7] INFO:   ✓ case143: 22 chunks saved in 20.2s
2026-07-27 15:42:00 [rank7] INFO: [PROCESS] case151
2026-07-27 15:42:04 [rank7] INFO:   case151: 1797 frames, 192x352
2026-07-27 15:42:20 [rank7] INFO:   ✓ case151: 22 chunks saved in 20.4s
2026-07-27 15:42:20 [rank7] INFO: [PROCESS] case159
2026-07-27 15:42:24 [rank7] INFO:   case159: 1797 frames, 192x352
2026-07-27 15:42:41 [rank7] INFO:   ✓ case159: 22 chunks saved in 20.4s
2026-07-27 15:42:41 [rank7] INFO: [PROCESS] case167
2026-07-27 15:42:44 [rank7] INFO:   case167: 1797 frames, 192x352
2026-07-27 15:43:02 [rank7] INFO:   ✓ case167: 22 chunks saved in 20.9s
2026-07-27 15:43:02 [rank7] INFO: [PROCESS] case175
2026-07-27 15:43:06 [rank7] INFO:   case175: 1797 frames, 192x352
2026-07-27 15:43:23 [rank7] INFO:   ✓ case175: 22 chunks saved in 21.0s
2026-07-27 15:43:23 [rank7] INFO: [PROCESS] case183
2026-07-27 15:43:27 [rank7] INFO:   case183: 1797 frames, 192x352
2026-07-27 15:43:44 [rank7] INFO:   ✓ case183: 22 chunks saved in 20.7s
2026-07-27 15:43:44 [rank7] INFO: [PROCESS] case191
2026-07-27 15:43:48 [rank7] INFO:   case191: 1797 frames, 192x352
2026-07-27 15:44:05 [rank7] INFO:   ✓ case191: 22 chunks saved in 20.9s
2026-07-27 15:44:05 [rank7] INFO: [PROCESS] case199
2026-07-27 15:44:09 [rank7] INFO:   case199: 1797 frames, 192x352
2026-07-27 15:44:25 [rank7] INFO:   ✓ case199: 22 chunks saved in 20.4s
2026-07-27 15:44:25 [rank7] INFO: [PROCESS] case207
2026-07-27 15:44:29 [rank7] INFO:   case207: 1797 frames, 192x352
2026-07-27 15:44:46 [rank7] INFO:   ✓ case207: 22 chunks saved in 20.7s
2026-07-27 15:44:46 [rank7] INFO: [PROCESS] case215
2026-07-27 15:44:50 [rank7] INFO:   case215: 1797 frames, 192x352
2026-07-27 15:45:07 [rank7] INFO:   ✓ case215: 22 chunks saved in 20.5s
2026-07-27 15:45:07 [rank7] INFO: [PROCESS] case223
2026-07-27 15:45:11 [rank7] INFO:   case223: 1797 frames, 192x352
2026-07-27 15:45:27 [rank7] INFO:   ✓ case223: 22 chunks saved in 20.3s
2026-07-27 15:45:27 [rank7] INFO: [PROCESS] case231
2026-07-27 15:45:31 [rank7] INFO:   case231: 1797 frames, 192x352
2026-07-27 15:45:47 [rank7] INFO:   ✓ case231: 22 chunks saved in 20.3s
2026-07-27 15:45:48 [rank7] INFO: [PROCESS] case239
2026-07-27 15:45:52 [rank7] INFO:   case239: 1797 frames, 192x352
2026-07-27 15:46:08 [rank7] INFO:   ✓ case239: 22 chunks saved in 20.4s
2026-07-27 15:46:08 [rank7] INFO: [PROCESS] case247
2026-07-27 15:46:12 [rank7] INFO:   case247: 1797 frames, 192x352
2026-07-27 15:46:29 [rank7] INFO:   ✓ case247: 22 chunks saved in 20.5s
2026-07-27 15:46:29 [rank7] INFO: [PROCESS] case255
2026-07-27 15:46:33 [rank7] INFO:   case255: 1797 frames, 192x352
2026-07-27 15:46:49 [rank7] INFO:   ✓ case255: 22 chunks saved in 20.5s
2026-07-27 15:46:49 [rank7] INFO: [PROCESS] case263
2026-07-27 15:46:53 [rank7] INFO:   case263: 1797 frames, 192x352
2026-07-27 15:47:11 [rank7] INFO:   ✓ case263: 22 chunks saved in 21.1s
2026-07-27 15:47:11 [rank7] INFO: [PROCESS] case271
2026-07-27 15:47:14 [rank7] INFO:   case271: 1797 frames, 192x352
2026-07-27 15:47:31 [rank7] INFO:   ✓ case271: 22 chunks saved in 20.7s
2026-07-27 15:47:31 [rank7] INFO: [PROCESS] case279
2026-07-27 15:47:36 [rank7] INFO:   case279: 1797 frames, 192x352
2026-07-27 15:47:52 [rank7] INFO:   ✓ case279: 22 chunks saved in 20.9s
2026-07-27 15:47:52 [rank7] INFO: [PROCESS] case287
2026-07-27 15:47:56 [rank7] INFO:   case287: 1797 frames, 192x352
2026-07-27 15:48:13 [rank7] INFO:   ✓ case287: 22 chunks saved in 20.5s
2026-07-27 15:48:13 [rank7] INFO: [PROCESS] case295
2026-07-27 15:48:17 [rank7] INFO:   case295: 1797 frames, 192x352
2026-07-27 15:48:33 [rank7] INFO:   ✓ case295: 22 chunks saved in 20.4s
2026-07-27 15:48:34 [rank7] INFO: [PROCESS] case303
2026-07-27 15:48:37 [rank7] INFO:   case303: 1797 frames, 192x352
2026-07-27 15:48:54 [rank7] INFO:   ✓ case303: 22 chunks saved in 20.4s
2026-07-27 15:48:54 [rank7] INFO: [PROCESS] case311
2026-07-27 15:48:58 [rank7] INFO:   case311: 1797 frames, 192x352
2026-07-27 15:49:15 [rank7] INFO:   ✓ case311: 22 chunks saved in 20.5s
2026-07-27 15:49:15 [rank7] INFO: [PROCESS] case319
2026-07-27 15:49:18 [rank7] INFO:   case319: 1797 frames, 192x352
2026-07-27 15:49:35 [rank7] INFO:   ✓ case319: 22 chunks saved in 20.4s
2026-07-27 15:49:35 [rank7] INFO: [PROCESS] case327
2026-07-27 15:49:39 [rank7] INFO:   case327: 1797 frames, 192x352
2026-07-27 15:49:55 [rank7] INFO:   ✓ case327: 22 chunks saved in 20.3s
2026-07-27 15:49:56 [rank7] INFO: [PROCESS] case335
2026-07-27 15:50:00 [rank7] INFO:   case335: 1797 frames, 192x352
2026-07-27 15:50:16 [rank7] INFO:   ✓ case335: 22 chunks saved in 20.6s
2026-07-27 15:50:16 [rank7] INFO: [PROCESS] case343
2026-07-27 15:50:20 [rank7] INFO:   case343: 1797 frames, 192x352
2026-07-27 15:50:37 [rank7] INFO:   ✓ case343: 22 chunks saved in 20.5s
2026-07-27 15:50:37 [rank7] INFO: [PROCESS] case351
2026-07-27 15:50:41 [rank7] INFO:   case351: 1797 frames, 192x352
2026-07-27 15:50:58 [rank7] INFO:   ✓ case351: 22 chunks saved in 20.8s
2026-07-27 15:50:58 [rank7] INFO: [PROCESS] case359
2026-07-27 15:51:02 [rank7] INFO:   case359: 1797 frames, 192x352
2026-07-27 15:51:18 [rank7] INFO:   ✓ case359: 22 chunks saved in 20.6s
2026-07-27 15:51:19 [rank7] INFO: [PROCESS] case367
2026-07-27 15:51:23 [rank7] INFO:   case367: 1797 frames, 192x352
2026-07-27 15:51:39 [rank7] INFO:   ✓ case367: 22 chunks saved in 20.7s
2026-07-27 15:51:39 [rank7] INFO: [PROCESS] case375
2026-07-27 15:51:44 [rank7] INFO:   case375: 1797 frames, 192x352
2026-07-27 15:52:00 [rank7] INFO:   ✓ case375: 22 chunks saved in 20.8s
2026-07-27 15:52:00 [rank7] INFO: [PROCESS] case383
2026-07-27 15:52:05 [rank7] INFO:   case383: 1797 frames, 192x352
2026-07-27 15:52:21 [rank7] INFO:   ✓ case383: 22 chunks saved in 20.8s
2026-07-27 15:52:21 [rank7] INFO: [PROCESS] case391
2026-07-27 15:52:25 [rank7] INFO:   case391: 1797 frames, 192x352
2026-07-27 15:52:42 [rank7] INFO:   ✓ case391: 22 chunks saved in 20.3s
2026-07-27 15:52:42 [rank7] INFO: [PROCESS] case399
2026-07-27 15:52:46 [rank7] INFO:   case399: 1797 frames, 192x352
2026-07-27 15:53:02 [rank7] INFO:   ✓ case399: 22 chunks saved in 20.7s
2026-07-27 15:53:02 [rank7] INFO: [PROCESS] case407
2026-07-27 15:53:06 [rank7] INFO:   case407: 1797 frames, 192x352
2026-07-27 15:53:23 [rank7] INFO:   ✓ case407: 22 chunks saved in 20.4s
2026-07-27 15:53:23 [rank7] INFO: [PROCESS] case415
2026-07-27 15:53:27 [rank7] INFO:   case415: 1797 frames, 192x352
2026-07-27 15:53:43 [rank7] INFO:   ✓ case415: 22 chunks saved in 20.4s
2026-07-27 15:53:43 [rank7] INFO: [PROCESS] case423
2026-07-27 15:53:47 [rank7] INFO:   case423: 1797 frames, 192x352
2026-07-27 15:54:04 [rank7] INFO:   ✓ case423: 22 chunks saved in 20.4s
2026-07-27 15:54:04 [rank7] INFO: [PROCESS] case431
2026-07-27 15:54:08 [rank7] INFO:   case431: 1797 frames, 192x352
2026-07-27 15:54:24 [rank7] INFO:   ✓ case431: 22 chunks saved in 20.4s
2026-07-27 15:54:24 [rank7] INFO: [PROCESS] case439
2026-07-27 15:54:28 [rank7] INFO:   case439: 1797 frames, 192x352
2026-07-27 15:54:45 [rank7] INFO:   ✓ case439: 22 chunks saved in 20.3s
2026-07-27 15:54:45 [rank7] INFO: [PROCESS] case447
2026-07-27 15:54:49 [rank7] INFO:   case447: 1797 frames, 192x352
2026-07-27 15:55:05 [rank7] INFO:   ✓ case447: 22 chunks saved in 20.5s
2026-07-27 15:55:05 [rank7] INFO: [PROCESS] case455
2026-07-27 15:55:09 [rank7] INFO:   case455: 1797 frames, 192x352
2026-07-27 15:55:26 [rank7] INFO:   ✓ case455: 22 chunks saved in 20.4s
2026-07-27 15:55:26 [rank7] INFO: [PROCESS] case463
2026-07-27 15:55:30 [rank7] INFO:   case463: 1797 frames, 192x352
2026-07-27 15:55:46 [rank7] INFO:   ✓ case463: 22 chunks saved in 20.4s
2026-07-27 15:55:46 [rank7] INFO: [PROCESS] case471
2026-07-27 15:55:51 [rank7] INFO:   case471: 1797 frames, 192x352
2026-07-27 15:56:07 [rank7] INFO:   ✓ case471: 22 chunks saved in 20.5s
2026-07-27 15:56:07 [rank7] INFO: [PROCESS] case479
2026-07-27 15:56:11 [rank7] INFO:   case479: 1797 frames, 192x352
2026-07-27 15:56:27 [rank7] INFO:   ✓ case479: 22 chunks saved in 20.3s
2026-07-27 15:56:28 [rank7] INFO: [PROCESS] case487
2026-07-27 15:56:32 [rank7] INFO:   case487: 1797 frames, 192x352
2026-07-27 15:56:48 [rank7] INFO:   ✓ case487: 22 chunks saved in 20.7s
2026-07-27 15:56:48 [rank7] INFO: [PROCESS] case495
2026-07-27 15:56:52 [rank7] INFO:   case495: 1797 frames, 192x352
2026-07-27 15:57:09 [rank7] INFO:   ✓ case495: 22 chunks saved in 20.5s
2026-07-27 15:57:09 [rank7] INFO: [PROCESS] case503
2026-07-27 15:57:13 [rank7] INFO:   case503: 1797 frames, 192x352
2026-07-27 15:57:29 [rank7] INFO:   ✓ case503: 22 chunks saved in 20.4s
2026-07-27 15:57:30 [rank7] INFO: [PROCESS] case511
2026-07-27 15:57:34 [rank7] INFO:   case511: 1797 frames, 192x352
2026-07-27 15:57:50 [rank7] INFO:   ✓ case511: 22 chunks saved in 20.8s
2026-07-27 15:57:50 [rank7] INFO: [PROCESS] case519
2026-07-27 15:57:54 [rank7] INFO:   case519: 1797 frames, 192x352
2026-07-27 15:58:11 [rank7] INFO:   ✓ case519: 22 chunks saved in 20.5s
2026-07-27 15:58:11 [rank7] INFO: [PROCESS] case527
2026-07-27 15:58:15 [rank7] INFO:   case527: 1797 frames, 192x352
2026-07-27 15:58:32 [rank7] INFO:   ✓ case527: 22 chunks saved in 20.5s
2026-07-27 15:58:32 [rank7] INFO: [PROCESS] case535
2026-07-27 15:58:36 [rank7] INFO:   case535: 1797 frames, 192x352
2026-07-27 15:58:52 [rank7] INFO:   ✓ case535: 22 chunks saved in 20.4s
2026-07-27 15:58:52 [rank7] INFO: [PROCESS] case543
2026-07-27 15:58:56 [rank7] INFO:   case543: 1797 frames, 192x352
2026-07-27 15:59:13 [rank7] INFO:   ✓ case543: 22 chunks saved in 20.7s
2026-07-27 15:59:13 [rank7] INFO: [PROCESS] case551
2026-07-27 15:59:17 [rank7] INFO:   case551: 1797 frames, 192x352
2026-07-27 15:59:33 [rank7] INFO:   ✓ case551: 22 chunks saved in 20.4s
2026-07-27 15:59:34 [rank7] INFO: [PROCESS] case559
2026-07-27 15:59:37 [rank7] INFO:   case559: 1797 frames, 192x352
2026-07-27 15:59:54 [rank7] INFO:   ✓ case559: 22 chunks saved in 20.4s
2026-07-27 15:59:54 [rank7] INFO: [PROCESS] case567
2026-07-27 15:59:59 [rank7] INFO:   case567: 1797 frames, 192x352
2026-07-27 16:00:15 [rank7] INFO:   ✓ case567: 22 chunks saved in 21.0s
2026-07-27 16:00:15 [rank7] INFO: [PROCESS] case575
2026-07-27 16:00:20 [rank7] INFO:   case575: 1797 frames, 192x352
2026-07-27 16:00:37 [rank7] INFO:   ✓ case575: 22 chunks saved in 21.3s
2026-07-27 16:00:37 [rank7] INFO: [PROCESS] case583
2026-07-27 16:00:41 [rank7] INFO:   case583: 1797 frames, 192x352
2026-07-27 16:00:58 [rank7] INFO:   ✓ case583: 22 chunks saved in 21.1s
2026-07-27 16:00:58 [rank7] INFO: [PROCESS] case591
2026-07-27 16:01:02 [rank7] INFO:   case591: 1797 frames, 192x352
2026-07-27 16:01:19 [rank7] INFO:   ✓ case591: 22 chunks saved in 21.0s
2026-07-27 16:01:19 [rank7] INFO: [PROCESS] case599
2026-07-27 16:01:23 [rank7] INFO:   case599: 1797 frames, 192x352
2026-07-27 16:01:40 [rank7] INFO:   ✓ case599: 22 chunks saved in 20.5s
2026-07-27 16:01:40 [rank7] INFO: [PROCESS] case607
2026-07-27 16:01:44 [rank7] INFO:   case607: 1797 frames, 192x352
2026-07-27 16:02:00 [rank7] INFO:   ✓ case607: 22 chunks saved in 20.5s
2026-07-27 16:02:00 [rank7] INFO: [PROCESS] case615
2026-07-27 16:02:04 [rank7] INFO:   case615: 1797 frames, 192x352
2026-07-27 16:02:21 [rank7] INFO:   ✓ case615: 22 chunks saved in 20.4s
2026-07-27 16:02:21 [rank7] INFO: [PROCESS] case623
2026-07-27 16:02:25 [rank7] INFO:   case623: 1797 frames, 192x352
2026-07-27 16:02:41 [rank7] INFO:   ✓ case623: 22 chunks saved in 20.4s
2026-07-27 16:02:41 [rank7] INFO: [PROCESS] case631
2026-07-27 16:02:45 [rank7] INFO:   case631: 1797 frames, 192x352
2026-07-27 16:03:02 [rank7] INFO:   ✓ case631: 22 chunks saved in 20.5s
2026-07-27 16:03:02 [rank7] INFO: [PROCESS] case639
2026-07-27 16:03:06 [rank7] INFO:   case639: 1797 frames, 192x352
2026-07-27 16:03:22 [rank7] INFO:   ✓ case639: 22 chunks saved in 20.5s
2026-07-27 16:03:23 [rank7] INFO: [PROCESS] case647
2026-07-27 16:03:26 [rank7] INFO:   case647: 1797 frames, 192x352
2026-07-27 16:03:43 [rank7] INFO:   ✓ case647: 22 chunks saved in 20.5s
2026-07-27 16:03:43 [rank7] INFO: [PROCESS] case655
2026-07-27 16:03:47 [rank7] INFO:   case655: 1797 frames, 192x352
2026-07-27 16:04:04 [rank7] INFO:   ✓ case655: 22 chunks saved in 20.5s
2026-07-27 16:04:04 [rank7] INFO: [PROCESS] case663
2026-07-27 16:04:08 [rank7] INFO:   case663: 1797 frames, 192x352
2026-07-27 16:04:24 [rank7] INFO:   ✓ case663: 22 chunks saved in 20.6s
2026-07-27 16:04:25 [rank7] INFO: [PROCESS] case671
2026-07-27 16:04:29 [rank7] INFO:   case671: 1797 frames, 192x352
2026-07-27 16:04:46 [rank7] INFO:   ✓ case671: 22 chunks saved in 21.1s
2026-07-27 16:04:46 [rank7] INFO: [PROCESS] case679
2026-07-27 16:04:51 [rank7] INFO:   case679: 1797 frames, 192x352
2026-07-27 16:05:07 [rank7] INFO:   ✓ case679: 22 chunks saved in 21.5s
2026-07-27 16:05:07 [rank7] INFO: [PROCESS] case687
2026-07-27 16:05:13 [rank7] INFO:   case687: 1797 frames, 192x352
2026-07-27 16:05:29 [rank7] INFO:   ✓ case687: 22 chunks saved in 22.1s
2026-07-27 16:05:30 [rank7] INFO: [PROCESS] case695
2026-07-27 16:05:33 [rank7] INFO:   case695: 1797 frames, 192x352
2026-07-27 16:05:50 [rank7] INFO:   ✓ case695: 22 chunks saved in 20.5s
2026-07-27 16:05:50 [rank7] INFO: [PROCESS] case703
2026-07-27 16:05:54 [rank7] INFO:   case703: 1797 frames, 192x352
2026-07-27 16:06:11 [rank7] INFO:   ✓ case703: 22 chunks saved in 20.8s
2026-07-27 16:06:11 [rank7] INFO: [PROCESS] case711
2026-07-27 16:06:16 [rank7] INFO:   case711: 1797 frames, 192x352
2026-07-27 16:06:32 [rank7] INFO:   ✓ case711: 22 chunks saved in 21.2s
2026-07-27 16:06:32 [rank7] INFO: [PROCESS] case719
2026-07-27 16:06:37 [rank7] INFO:   case719: 1797 frames, 192x352
2026-07-27 16:06:54 [rank7] INFO:   ✓ case719: 22 chunks saved in 21.7s
2026-07-27 16:06:54 [rank7] INFO: [PROCESS] case727
2026-07-27 16:07:00 [rank7] INFO:   case727: 1797 frames, 192x352
2026-07-27 16:07:16 [rank7] INFO:   ✓ case727: 22 chunks saved in 22.1s
2026-07-27 16:07:16 [rank7] INFO: [PROCESS] case735
2026-07-27 16:07:22 [rank7] INFO:   case735: 1797 frames, 192x352
2026-07-27 16:07:39 [rank7] INFO:   ✓ case735: 22 chunks saved in 22.4s
2026-07-27 16:07:39 [rank7] INFO: [PROCESS] case743
2026-07-27 16:07:45 [rank7] INFO:   case743: 1797 frames, 192x352
2026-07-27 16:08:02 [rank7] INFO:   ✓ case743: 22 chunks saved in 22.9s
2026-07-27 16:08:02 [rank7] INFO: [PROCESS] case751
2026-07-27 16:08:08 [rank7] INFO:   case751: 1797 frames, 192x352
2026-07-27 16:08:25 [rank7] INFO:   ✓ case751: 22 chunks saved in 23.1s
2026-07-27 16:08:25 [rank7] INFO: [PROCESS] case759
2026-07-27 16:08:32 [rank7] INFO:   case759: 1797 frames, 192x352
2026-07-27 16:08:49 [rank7] INFO:   ✓ case759: 22 chunks saved in 23.4s
2026-07-27 16:08:49 [rank7] INFO: [PROCESS] case767
2026-07-27 16:08:56 [rank7] INFO:   case767: 1797 frames, 192x352
2026-07-27 16:09:12 [rank7] INFO:   ✓ case767: 22 chunks saved in 23.6s
2026-07-27 16:09:12 [rank7] INFO: [PROCESS] case775
2026-07-27 16:09:19 [rank7] INFO:   case775: 1797 frames, 192x352
2026-07-27 16:09:36 [rank7] INFO:   ✓ case775: 22 chunks saved in 23.6s
2026-07-27 16:09:36 [rank7] INFO: [PROCESS] case783
2026-07-27 16:09:43 [rank7] INFO:   case783: 1797 frames, 192x352
2026-07-27 16:10:00 [rank7] INFO:   ✓ case783: 22 chunks saved in 24.0s
2026-07-27 16:10:00 [rank7] INFO: [PROCESS] case791
2026-07-27 16:10:04 [rank7] INFO:   case791: 1797 frames, 192x352
2026-07-27 16:10:21 [rank7] INFO:   ✓ case791: 22 chunks saved in 20.7s
2026-07-27 16:10:21 [rank7] INFO: [PROCESS] case799
2026-07-27 16:10:25 [rank7] INFO:   case799: 1797 frames, 192x352
2026-07-27 16:10:42 [rank7] INFO:   ✓ case799: 22 chunks saved in 21.0s
2026-07-27 16:10:42 [rank7] INFO: [PROCESS] case807
2026-07-27 16:10:48 [rank7] INFO:   case807: 1797 frames, 192x352
2026-07-27 16:11:05 [rank7] INFO:   ✓ case807: 22 chunks saved in 22.5s
2026-07-27 16:11:05 [rank7] INFO: [PROCESS] case815
2026-07-27 16:11:09 [rank7] INFO:   case815: 1797 frames, 192x352
2026-07-27 16:11:26 [rank7] INFO:   ✓ case815: 22 chunks saved in 20.9s
2026-07-27 16:11:26 [rank7] INFO: [PROCESS] case823
2026-07-27 16:11:30 [rank7] INFO:   case823: 1797 frames, 192x352
2026-07-27 16:11:46 [rank7] INFO:   ✓ case823: 22 chunks saved in 20.4s
2026-07-27 16:11:46 [rank7] INFO: [PROCESS] case831
2026-07-27 16:11:51 [rank7] INFO:   case831: 1797 frames, 192x352
2026-07-27 16:12:07 [rank7] INFO:   ✓ case831: 22 chunks saved in 21.1s
2026-07-27 16:12:08 [rank7] INFO: [PROCESS] case839
2026-07-27 16:12:12 [rank7] INFO:   case839: 1797 frames, 192x352
2026-07-27 16:12:28 [rank7] INFO:   ✓ case839: 22 chunks saved in 20.7s
2026-07-27 16:12:28 [rank7] INFO: [PROCESS] case847
2026-07-27 16:12:33 [rank7] INFO:   case847: 1797 frames, 192x352
2026-07-27 16:12:49 [rank7] INFO:   ✓ case847: 22 chunks saved in 20.9s
2026-07-27 16:12:49 [rank7] INFO: [PROCESS] case855
2026-07-27 16:12:54 [rank7] INFO:   case855: 1797 frames, 192x352
2026-07-27 16:13:10 [rank7] INFO:   ✓ case855: 22 chunks saved in 20.8s
2026-07-27 16:13:10 [rank7] INFO: [PROCESS] case863
2026-07-27 16:13:15 [rank7] INFO:   case863: 1797 frames, 192x352
2026-07-27 16:13:32 [rank7] INFO:   ✓ case863: 22 chunks saved in 21.5s
2026-07-27 16:13:32 [rank7] INFO: [PROCESS] case871
2026-07-27 16:13:38 [rank7] INFO:   case871: 1797 frames, 192x352
2026-07-27 16:13:54 [rank7] INFO:   ✓ case871: 22 chunks saved in 22.4s
2026-07-27 16:13:54 [rank7] INFO: [PROCESS] case879
2026-07-27 16:13:59 [rank7] INFO:   case879: 1797 frames, 192x352
2026-07-27 16:14:15 [rank7] INFO:   ✓ case879: 22 chunks saved in 20.6s
2026-07-27 16:14:15 [rank7] INFO: [PROCESS] case887
2026-07-27 16:14:20 [rank7] INFO:   case887: 1797 frames, 192x352
2026-07-27 16:14:36 [rank7] INFO:   ✓ case887: 22 chunks saved in 20.8s
2026-07-27 16:14:36 [rank7] INFO: [PROCESS] case895
2026-07-27 16:14:40 [rank7] INFO:   case895: 1797 frames, 192x352
2026-07-27 16:14:57 [rank7] INFO:   ✓ case895: 22 chunks saved in 20.3s
2026-07-27 16:14:57 [rank7] INFO: [PROCESS] case903
2026-07-27 16:15:01 [rank7] INFO:   case903: 1797 frames, 192x352
2026-07-27 16:15:18 [rank7] INFO:   ✓ case903: 22 chunks saved in 21.5s
2026-07-27 16:15:18 [rank7] INFO: [PROCESS] case911
2026-07-27 16:15:22 [rank7] INFO:   case911: 1797 frames, 192x352
2026-07-27 16:15:39 [rank7] INFO:   ✓ case911: 22 chunks saved in 21.0s
2026-07-27 16:15:39 [rank7] INFO: [PROCESS] case919
2026-07-27 16:15:44 [rank7] INFO:   case919: 1797 frames, 192x352
2026-07-27 16:16:00 [rank7] INFO:   ✓ case919: 22 chunks saved in 20.9s
2026-07-27 16:16:00 [rank7] INFO: [PROCESS] case927
2026-07-27 16:16:05 [rank7] INFO:   case927: 1797 frames, 192x352
2026-07-27 16:16:21 [rank7] INFO:   ✓ case927: 22 chunks saved in 21.1s
2026-07-27 16:16:22 [rank7] INFO: [PROCESS] case935
2026-07-27 16:16:26 [rank7] INFO:   case935: 1797 frames, 192x352
2026-07-27 16:16:42 [rank7] INFO:   ✓ case935: 22 chunks saved in 20.9s
2026-07-27 16:16:43 [rank7] INFO: [PROCESS] case943
2026-07-27 16:16:47 [rank7] INFO:   case943: 1797 frames, 192x352
2026-07-27 16:17:04 [rank7] INFO:   ✓ case943: 22 chunks saved in 21.1s
2026-07-27 16:17:04 [rank7] INFO: [PROCESS] case951
2026-07-27 16:17:08 [rank7] INFO:   case951: 1797 frames, 192x352
2026-07-27 16:17:25 [rank7] INFO:   ✓ case951: 22 chunks saved in 21.0s
2026-07-27 16:17:25 [rank7] INFO: [PROCESS] case959
2026-07-27 16:17:30 [rank7] INFO:   case959: 1797 frames, 192x352
2026-07-27 16:17:46 [rank7] INFO:   ✓ case959: 22 chunks saved in 21.4s
2026-07-27 16:17:46 [rank7] INFO: [PROCESS] case967
2026-07-27 16:17:50 [rank7] INFO:   case967: 1797 frames, 192x352
2026-07-27 16:18:07 [rank7] INFO:   ✓ case967: 22 chunks saved in 20.7s
2026-07-27 16:18:07 [rank7] INFO: [PROCESS] case975
2026-07-27 16:18:11 [rank7] INFO:   case975: 1797 frames, 192x352
2026-07-27 16:18:28 [rank7] INFO:   ✓ case975: 22 chunks saved in 20.9s
2026-07-27 16:18:28 [rank7] INFO: [PROCESS] case983
2026-07-27 16:18:33 [rank7] INFO:   case983: 1797 frames, 192x352
2026-07-27 16:18:51 [rank7] INFO:   ✓ case983: 22 chunks saved in 22.7s
2026-07-27 16:18:51 [rank7] INFO: [PROCESS] case991
2026-07-27 16:18:56 [rank7] INFO:   case991: 1797 frames, 192x352
2026-07-27 16:19:13 [rank7] INFO:   ✓ case991: 22 chunks saved in 21.9s
2026-07-27 16:19:13 [rank7] INFO: [PROCESS] case999
2026-07-27 16:19:19 [rank7] INFO:   case999: 1797 frames, 192x352
2026-07-27 16:19:35 [rank7] INFO:   ✓ case999: 22 chunks saved in 22.3s
2026-07-27 16:19:35 [rank7] INFO: [PROCESS] case1007
2026-07-27 16:19:42 [rank7] INFO:   case1007: 1797 frames, 192x352
2026-07-27 16:19:58 [rank7] INFO:   ✓ case1007: 22 chunks saved in 22.9s
2026-07-27 16:19:58 [rank7] INFO: [PROCESS] case1015
2026-07-27 16:20:05 [rank7] INFO:   case1015: 1797 frames, 192x352
2026-07-27 16:20:21 [rank7] INFO:   ✓ case1015: 22 chunks saved in 23.1s
2026-07-27 16:20:22 [rank7] INFO: [PROCESS] case1023
2026-07-27 16:20:26 [rank7] INFO:   case1023: 1797 frames, 192x352
2026-07-27 16:20:42 [rank7] INFO:   ✓ case1023: 22 chunks saved in 20.8s
2026-07-27 16:20:43 [rank7] INFO: [PROCESS] case1031
2026-07-27 16:20:47 [rank7] INFO:   case1031: 1797 frames, 192x352
2026-07-27 16:21:03 [rank7] INFO:   ✓ case1031: 22 chunks saved in 20.7s
2026-07-27 16:21:03 [rank7] INFO: [PROCESS] case1039
2026-07-27 16:21:08 [rank7] INFO:   case1039: 1797 frames, 192x352
2026-07-27 16:21:24 [rank7] INFO:   ✓ case1039: 22 chunks saved in 20.9s
2026-07-27 16:21:24 [rank7] INFO: [PROCESS] case1047
2026-07-27 16:21:29 [rank7] INFO:   case1047: 1797 frames, 192x352
2026-07-27 16:21:46 [rank7] INFO:   ✓ case1047: 22 chunks saved in 21.4s
2026-07-27 16:21:46 [rank7] INFO: [PROCESS] case1055
2026-07-27 16:21:52 [rank7] INFO:   case1055: 1797 frames, 192x352
2026-07-27 16:22:09 [rank7] INFO:   ✓ case1055: 22 chunks saved in 22.8s
2026-07-27 16:22:09 [rank7] INFO: [PROCESS] case1063
2026-07-27 16:22:14 [rank7] INFO:   case1063: 1797 frames, 192x352
2026-07-27 16:22:30 [rank7] INFO:   ✓ case1063: 22 chunks saved in 21.5s
2026-07-27 16:22:30 [rank7] INFO: [PROCESS] case1071
2026-07-27 16:22:36 [rank7] INFO:   case1071: 1797 frames, 192x352
2026-07-27 16:22:52 [rank7] INFO:   ✓ case1071: 22 chunks saved in 21.9s
2026-07-27 16:22:52 [rank7] INFO: [PROCESS] case1079
2026-07-27 16:22:57 [rank7] INFO:   case1079: 1797 frames, 192x352
2026-07-27 16:23:14 [rank7] INFO:   ✓ case1079: 22 chunks saved in 21.5s
2026-07-27 16:23:14 [rank7] INFO: [PROCESS] case1087
2026-07-27 16:23:19 [rank7] INFO:   case1087: 1797 frames, 192x352
2026-07-27 16:23:36 [rank7] INFO:   ✓ case1087: 22 chunks saved in 21.8s
2026-07-27 16:23:36 [rank7] INFO: [PROCESS] case1095
2026-07-27 16:23:40 [rank7] INFO:   case1095: 1797 frames, 192x352
2026-07-27 16:23:57 [rank7] INFO:   ✓ case1095: 22 chunks saved in 21.0s
2026-07-27 16:23:57 [rank7] INFO: [PROCESS] case1103
2026-07-27 16:24:02 [rank7] INFO:   case1103: 1797 frames, 192x352
2026-07-27 16:24:18 [rank7] INFO:   ✓ case1103: 22 chunks saved in 21.2s
2026-07-27 16:24:18 [rank7] INFO: [PROCESS] case1111
2026-07-27 16:24:22 [rank7] INFO:   case1111: 1797 frames, 192x352
2026-07-27 16:24:39 [rank7] INFO:   ✓ case1111: 22 chunks saved in 20.8s
2026-07-27 16:24:39 [rank7] INFO: [PROCESS] case1119
2026-07-27 16:24:44 [rank7] INFO:   case1119: 1797 frames, 192x352
2026-07-27 16:25:01 [rank7] INFO:   ✓ case1119: 22 chunks saved in 21.5s
2026-07-27 16:25:01 [rank7] INFO: [PROCESS] case1127
2026-07-27 16:25:05 [rank7] INFO:   case1127: 1797 frames, 192x352
2026-07-27 16:25:22 [rank7] INFO:   ✓ case1127: 22 chunks saved in 21.3s
2026-07-27 16:25:22 [rank7] INFO: [PROCESS] case1135
2026-07-27 16:25:27 [rank7] INFO:   case1135: 1797 frames, 192x352
2026-07-27 16:25:43 [rank7] INFO:   ✓ case1135: 22 chunks saved in 21.0s
2026-07-27 16:25:43 [rank7] INFO: [PROCESS] case1143
2026-07-27 16:25:48 [rank7] INFO:   case1143: 1797 frames, 192x352
2026-07-27 16:26:05 [rank7] INFO:   ✓ case1143: 22 chunks saved in 21.1s
2026-07-27 16:26:05 [rank7] INFO: [PROCESS] case1151
2026-07-27 16:26:09 [rank7] INFO:   case1151: 1797 frames, 192x352
2026-07-27 16:26:26 [rank7] INFO:   ✓ case1151: 22 chunks saved in 21.0s
2026-07-27 16:26:26 [rank7] INFO: [PROCESS] case1159
2026-07-27 16:26:30 [rank7] INFO:   case1159: 1797 frames, 192x352
2026-07-27 16:26:47 [rank7] INFO:   ✓ case1159: 22 chunks saved in 20.9s
2026-07-27 16:26:47 [rank7] INFO: [PROCESS] case1167
2026-07-27 16:26:52 [rank7] INFO:   case1167: 1797 frames, 192x352
2026-07-27 16:27:08 [rank7] INFO:   ✓ case1167: 22 chunks saved in 21.4s
2026-07-27 16:27:08 [rank7] INFO: [PROCESS] case1175
2026-07-27 16:27:13 [rank7] INFO:   case1175: 1797 frames, 192x352
2026-07-27 16:27:30 [rank7] INFO:   ✓ case1175: 22 chunks saved in 21.1s
2026-07-27 16:27:30 [rank7] INFO: [PROCESS] case1183
2026-07-27 16:27:35 [rank7] INFO:   case1183: 1797 frames, 192x352
2026-07-27 16:27:51 [rank7] INFO:   ✓ case1183: 22 chunks saved in 21.5s
2026-07-27 16:27:51 [rank7] INFO: [PROCESS] case1191
2026-07-27 16:27:56 [rank7] INFO:   case1191: 1797 frames, 192x352
2026-07-27 16:28:13 [rank7] INFO:   ✓ case1191: 22 chunks saved in 21.7s
2026-07-27 16:28:13 [rank7] INFO: [PROCESS] case1199
2026-07-27 16:28:18 [rank7] INFO:   case1199: 1797 frames, 192x352
2026-07-27 16:28:35 [rank7] INFO:   ✓ case1199: 22 chunks saved in 21.4s
2026-07-27 16:28:35 [rank7] INFO: [PROCESS] case1207
2026-07-27 16:28:39 [rank7] INFO:   case1207: 1797 frames, 192x352
2026-07-27 16:28:56 [rank7] INFO:   ✓ case1207: 22 chunks saved in 21.1s
2026-07-27 16:28:56 [rank7] INFO: [PROCESS] case1215
2026-07-27 16:29:00 [rank7] INFO:   case1215: 1797 frames, 192x352
2026-07-27 16:29:17 [rank7] INFO:   ✓ case1215: 22 chunks saved in 20.9s
2026-07-27 16:29:17 [rank7] INFO: [PROCESS] case1223
2026-07-27 16:29:22 [rank7] INFO:   case1223: 1797 frames, 192x352
2026-07-27 16:29:39 [rank7] INFO:   ✓ case1223: 22 chunks saved in 21.6s
2026-07-27 16:29:39 [rank7] INFO: [PROCESS] case1231
2026-07-27 16:29:44 [rank7] INFO:   case1231: 1797 frames, 192x352
2026-07-27 16:30:01 [rank7] INFO:   ✓ case1231: 22 chunks saved in 21.8s
2026-07-27 16:30:01 [rank7] INFO: [PROCESS] case1239
2026-07-27 16:30:08 [rank7] INFO:   case1239: 1797 frames, 192x352
2026-07-27 16:30:24 [rank7] INFO:   ✓ case1239: 22 chunks saved in 23.4s
2026-07-27 16:30:24 [rank7] INFO: [PROCESS] case1247
2026-07-27 16:30:29 [rank7] INFO:   case1247: 1797 frames, 192x352
2026-07-27 16:30:45 [rank7] INFO:   ✓ case1247: 22 chunks saved in 21.1s
2026-07-27 16:30:46 [rank7] INFO: [PROCESS] case1255
2026-07-27 16:30:50 [rank7] INFO:   case1255: 1797 frames, 192x352
2026-07-27 16:31:06 [rank7] INFO:   ✓ case1255: 22 chunks saved in 20.7s
2026-07-27 16:31:06 [rank7] INFO: [PROCESS] case1263
2026-07-27 16:31:11 [rank7] INFO:   case1263: 1797 frames, 192x352
2026-07-27 16:31:28 [rank7] INFO:   ✓ case1263: 22 chunks saved in 21.5s
2026-07-27 16:31:28 [rank7] INFO: [PROCESS] case1271
2026-07-27 16:31:35 [rank7] INFO:   case1271: 1797 frames, 192x352
2026-07-27 16:31:52 [rank7] INFO:   ✓ case1271: 22 chunks saved in 23.5s
2026-07-27 16:31:52 [rank7] INFO: [PROCESS] case1279
2026-07-27 16:31:56 [rank7] INFO:   case1279: 1797 frames, 192x352
2026-07-27 16:32:12 [rank7] INFO:   ✓ case1279: 22 chunks saved in 20.5s
2026-07-27 16:32:12 [rank7] INFO: [PROCESS] case1287
2026-07-27 16:32:17 [rank7] INFO:   case1287: 1797 frames, 192x352
2026-07-27 16:32:34 [rank7] INFO:   ✓ case1287: 22 chunks saved in 21.5s
2026-07-27 16:32:34 [rank7] INFO: [PROCESS] case1295
2026-07-27 16:32:39 [rank7] INFO:   case1295: 1797 frames, 192x352
2026-07-27 16:32:55 [rank7] INFO:   ✓ case1295: 22 chunks saved in 21.4s
2026-07-27 16:32:56 [rank7] INFO: [PROCESS] case1303
2026-07-27 16:33:00 [rank7] INFO:   case1303: 1797 frames, 192x352
2026-07-27 16:33:16 [rank7] INFO:   ✓ case1303: 22 chunks saved in 20.7s
2026-07-27 16:33:16 [rank7] INFO: [PROCESS] case1311
2026-07-27 16:33:22 [rank7] INFO:   case1311: 1797 frames, 192x352
2026-07-27 16:33:38 [rank7] INFO:   ✓ case1311: 22 chunks saved in 22.1s
2026-07-27 16:33:39 [rank7] INFO: [PROCESS] case1319
2026-07-27 16:33:44 [rank7] INFO:   case1319: 1797 frames, 192x352
2026-07-27 16:34:00 [rank7] INFO:   ✓ case1319: 22 chunks saved in 21.7s
2026-07-27 16:34:00 [rank7] INFO: [PROCESS] case1327
2026-07-27 16:34:05 [rank7] INFO:   case1327: 1797 frames, 192x352
2026-07-27 16:34:21 [rank7] INFO:   ✓ case1327: 22 chunks saved in 20.9s
2026-07-27 16:34:21 [rank7] INFO: [PROCESS] case1335
2026-07-27 16:34:26 [rank7] INFO:   case1335: 1797 frames, 192x352
2026-07-27 16:34:42 [rank7] INFO:   ✓ case1335: 22 chunks saved in 20.7s
2026-07-27 16:34:42 [rank7] INFO: [PROCESS] case1343
2026-07-27 16:34:47 [rank7] INFO:   case1343: 1797 frames, 192x352
2026-07-27 16:35:04 [rank7] INFO:   ✓ case1343: 22 chunks saved in 21.3s
2026-07-27 16:35:04 [rank7] INFO: [PROCESS] case1351
2026-07-27 16:35:09 [rank7] INFO:   case1351: 1797 frames, 192x352
2026-07-27 16:35:25 [rank7] INFO:   ✓ case1351: 22 chunks saved in 21.4s
2026-07-27 16:35:25 [rank7] INFO: [PROCESS] case1359
2026-07-27 16:35:31 [rank7] INFO:   case1359: 1797 frames, 192x352
2026-07-27 16:35:48 [rank7] INFO:   ✓ case1359: 22 chunks saved in 22.5s
2026-07-27 16:35:48 [rank7] INFO: [PROCESS] case1367
2026-07-27 16:35:54 [rank7] INFO:   case1367: 1797 frames, 192x352
2026-07-27 16:36:11 [rank7] INFO:   ✓ case1367: 22 chunks saved in 22.6s
2026-07-27 16:36:11 [rank7] INFO: [PROCESS] case1375
2026-07-27 16:36:17 [rank7] INFO:   case1375: 1797 frames, 192x352
2026-07-27 16:36:33 [rank7] INFO:   ✓ case1375: 22 chunks saved in 22.8s
2026-07-27 16:36:34 [rank7] INFO: [PROCESS] case1383
2026-07-27 16:36:41 [rank7] INFO:   case1383: 1797 frames, 192x352
2026-07-27 16:36:57 [rank7] INFO:   ✓ case1383: 22 chunks saved in 23.5s
2026-07-27 16:36:57 [rank7] INFO: [PROCESS] case1391
2026-07-27 16:37:03 [rank7] INFO:   case1391: 1797 frames, 192x352
2026-07-27 16:37:19 [rank7] INFO:   ✓ case1391: 22 chunks saved in 22.1s
2026-07-27 16:37:19 [rank7] INFO: [PROCESS] case1399
2026-07-27 16:37:26 [rank7] INFO:   case1399: 1797 frames, 192x352
2026-07-27 16:37:42 [rank7] INFO:   ✓ case1399: 22 chunks saved in 22.6s
2026-07-27 16:37:42 [rank7] INFO: [PROCESS] case1407
2026-07-27 16:37:48 [rank7] INFO:   case1407: 1797 frames, 192x352
2026-07-27 16:38:04 [rank7] INFO:   ✓ case1407: 22 chunks saved in 22.0s
2026-07-27 16:38:04 [rank7] INFO: [PROCESS] case1415
2026-07-27 16:38:09 [rank7] INFO:   case1415: 1797 frames, 192x352
2026-07-27 16:38:25 [rank7] INFO:   ✓ case1415: 22 chunks saved in 20.8s
2026-07-27 16:38:25 [rank7] INFO: [PROCESS] case1423
2026-07-27 16:38:32 [rank7] INFO:   case1423: 1797 frames, 192x352
2026-07-27 16:38:49 [rank7] INFO:   ✓ case1423: 22 chunks saved in 23.6s
2026-07-27 16:38:49 [rank7] INFO: [PROCESS] case1431
2026-07-27 16:38:56 [rank7] INFO:   case1431: 1797 frames, 192x352
2026-07-27 16:39:13 [rank7] INFO:   ✓ case1431: 22 chunks saved in 23.8s
2026-07-27 16:39:13 [rank7] INFO: [PROCESS] case1439
2026-07-27 16:39:20 [rank7] INFO:   case1439: 1797 frames, 192x352
2026-07-27 16:39:36 [rank7] INFO:   ✓ case1439: 22 chunks saved in 23.4s
2026-07-27 16:39:37 [rank7] INFO: [PROCESS] case1447
2026-07-27 16:39:42 [rank7] INFO:   case1447: 1797 frames, 192x352
2026-07-27 16:39:59 [rank7] INFO:   ✓ case1447: 22 chunks saved in 22.3s
2026-07-27 16:39:59 [rank7] INFO: [PROCESS] case1455
2026-07-27 16:40:06 [rank7] INFO:   case1455: 1797 frames, 192x352
2026-07-27 16:40:22 [rank7] INFO:   ✓ case1455: 22 chunks saved in 23.4s
2026-07-27 16:40:22 [rank7] INFO: [PROCESS] case1463
2026-07-27 16:40:30 [rank7] INFO:   case1463: 1797 frames, 192x352
2026-07-27 16:40:46 [rank7] INFO:   ✓ case1463: 22 chunks saved in 23.9s
2026-07-27 16:40:46 [rank7] INFO: [PROCESS] case1471
2026-07-27 16:40:54 [rank7] INFO:   case1471: 1797 frames, 192x352
2026-07-27 16:41:10 [rank7] INFO:   ✓ case1471: 22 chunks saved in 23.6s
2026-07-27 16:41:10 [rank7] INFO: [PROCESS] case1479
2026-07-27 16:41:17 [rank7] INFO:   case1479: 1797 frames, 192x352
2026-07-27 16:41:34 [rank7] INFO:   ✓ case1479: 22 chunks saved in 23.5s
2026-07-27 16:41:34 [rank7] INFO: [PROCESS] case1487
2026-07-27 16:41:41 [rank7] INFO:   case1487: 1797 frames, 192x352
2026-07-27 16:41:58 [rank7] INFO:   ✓ case1487: 22 chunks saved in 23.7s
2026-07-27 16:41:58 [rank7] INFO: [PROCESS] case1495
2026-07-27 16:42:04 [rank7] INFO:   case1495: 1797 frames, 192x352
2026-07-27 16:42:20 [rank7] INFO:   ✓ case1495: 22 chunks saved in 22.6s
2026-07-27 16:42:20 [rank7] INFO: [PROCESS] case1503
2026-07-27 16:42:26 [rank7] INFO:   case1503: 1797 frames, 192x352
2026-07-27 16:42:43 [rank7] INFO:   ✓ case1503: 22 chunks saved in 22.6s
2026-07-27 16:42:43 [rank7] INFO: [PROCESS] case1511
2026-07-27 16:42:47 [rank7] INFO:   case1511: 1797 frames, 192x352
2026-07-27 16:43:04 [rank7] INFO:   ✓ case1511: 22 chunks saved in 20.7s
2026-07-27 16:43:04 [rank7] INFO: [PROCESS] case1519
2026-07-27 16:43:08 [rank7] INFO:   case1519: 1797 frames, 192x352
2026-07-27 16:43:25 [rank7] INFO:   ✓ case1519: 22 chunks saved in 20.8s
2026-07-27 16:43:25 [rank7] INFO: [PROCESS] case1527
2026-07-27 16:43:30 [rank7] INFO:   case1527: 1797 frames, 192x352
2026-07-27 16:43:46 [rank7] INFO:   ✓ case1527: 22 chunks saved in 21.2s
2026-07-27 16:43:46 [rank7] INFO: [PROCESS] case1535
2026-07-27 16:43:52 [rank7] INFO:   case1535: 1797 frames, 192x352
2026-07-27 16:44:08 [rank7] INFO:   ✓ case1535: 22 chunks saved in 21.8s
2026-07-27 16:44:08 [rank7] INFO: [PROCESS] case1543
2026-07-27 16:44:14 [rank7] INFO:   case1543: 1797 frames, 192x352
2026-07-27 16:44:31 [rank7] INFO:   ✓ case1543: 22 chunks saved in 22.8s
2026-07-27 16:44:31 [rank7] INFO: [PROCESS] case1551
2026-07-27 16:44:36 [rank7] INFO:   case1551: 1797 frames, 192x352
2026-07-27 16:44:53 [rank7] INFO:   ✓ case1551: 22 chunks saved in 22.0s
2026-07-27 16:44:53 [rank7] INFO: [PROCESS] case1559
2026-07-27 16:44:59 [rank7] INFO:   case1559: 1797 frames, 192x352
2026-07-27 16:45:15 [rank7] INFO:   ✓ case1559: 22 chunks saved in 22.1s
2026-07-27 16:45:16 [rank7] INFO: [PROCESS] case1567
2026-07-27 16:45:22 [rank7] INFO:   case1567: 1797 frames, 192x352
2026-07-27 16:45:38 [rank7] INFO:   ✓ case1567: 22 chunks saved in 22.9s
2026-07-27 16:45:39 [rank7] INFO: [PROCESS] case1575
2026-07-27 16:45:43 [rank7] INFO:   case1575: 1797 frames, 192x352
2026-07-27 16:45:59 [rank7] INFO:   ✓ case1575: 22 chunks saved in 20.8s
2026-07-27 16:45:59 [rank7] INFO: [PROCESS] case1583
2026-07-27 16:46:04 [rank7] INFO:   case1583: 1797 frames, 192x352
2026-07-27 16:46:20 [rank7] INFO:   ✓ case1583: 22 chunks saved in 20.6s
2026-07-27 16:46:20 [rank7] INFO: [PROCESS] case1591
2026-07-27 16:46:25 [rank7] INFO:   case1591: 1797 frames, 192x352
2026-07-27 16:46:42 [rank7] INFO:   ✓ case1591: 22 chunks saved in 21.6s
2026-07-27 16:46:42 [rank7] INFO: [PROCESS] case1599
2026-07-27 16:46:47 [rank7] INFO:   case1599: 1797 frames, 192x352
2026-07-27 16:47:03 [rank7] INFO:   ✓ case1599: 22 chunks saved in 21.2s
2026-07-27 16:47:03 [rank7] INFO: [PROCESS] case1607
2026-07-27 16:47:08 [rank7] INFO:   case1607: 1797 frames, 192x352
2026-07-27 16:47:25 [rank7] INFO:   ✓ case1607: 22 chunks saved in 21.4s
2026-07-27 16:47:25 [rank7] INFO: [PROCESS] case1615
2026-07-27 16:47:31 [rank7] INFO:   case1615: 1797 frames, 192x352
2026-07-27 16:47:47 [rank7] INFO:   ✓ case1615: 22 chunks saved in 22.5s
2026-07-27 16:47:47 [rank7] INFO: [DONE] Rank 7: 192 success, 0 failed in 68.6 min
