2026-07-27 15:21:33 [rank1] INFO: Device: cuda:1 (rank 1)
2026-07-27 15:21:33 [rank1] INFO: [LOAD] VAE...
2026-07-27 15:21:33 [rank1] INFO: [LOAD] Text Encoder...
2026-07-27 15:21:44 [rank1] INFO: [DISTRIBUTE] Rank 1 assigned 203/1618 cases
2026-07-27 15:21:44 [rank1] INFO: [SKIP] case1: already preprocessed
2026-07-27 15:21:44 [rank1] INFO: [SKIP] case9: already preprocessed
2026-07-27 15:21:44 [rank1] INFO: [PROCESS] case17
2026-07-27 15:22:20 [rank1] INFO:   case17: 1797 frames, 192x352
2026-07-27 15:22:46 [rank1] INFO:   ✓ case17: 22 chunks saved in 61.5s
2026-07-27 15:22:46 [rank1] INFO: [PROCESS] case25
2026-07-27 15:23:48 [rank1] INFO:   case25: 1797 frames, 192x352
2026-07-27 15:24:13 [rank1] INFO:   ✓ case25: 22 chunks saved in 87.2s
2026-07-27 15:24:13 [rank1] INFO: [PROCESS] case33
2026-07-27 15:25:21 [rank1] INFO:   case33: 1797 frames, 192x352
2026-07-27 15:25:46 [rank1] INFO:   ✓ case33: 22 chunks saved in 92.2s
2026-07-27 15:25:46 [rank1] INFO: [PROCESS] case41
2026-07-27 15:27:44 [rank1] INFO:   case41: 1797 frames, 192x352
2026-07-27 15:28:10 [rank1] INFO:   ✓ case41: 22 chunks saved in 144.5s
2026-07-27 15:28:10 [rank1] INFO: [PROCESS] case49
2026-07-27 15:30:05 [rank1] INFO:   case49: 1797 frames, 192x352
2026-07-27 15:30:31 [rank1] INFO:   ✓ case49: 22 chunks saved in 140.4s
2026-07-27 15:30:31 [rank1] INFO: [PROCESS] case57
2026-07-27 15:31:08 [rank1] INFO:   case57: 1797 frames, 192x352
2026-07-27 15:31:32 [rank1] INFO:   ✓ case57: 22 chunks saved in 61.6s
2026-07-27 15:31:32 [rank1] INFO: [PROCESS] case65
2026-07-27 15:32:42 [rank1] INFO:   case65: 1797 frames, 192x352
2026-07-27 15:33:08 [rank1] INFO:   ✓ case65: 22 chunks saved in 95.6s
2026-07-27 15:33:08 [rank1] INFO: [PROCESS] case73
2026-07-27 15:34:21 [rank1] INFO:   case73: 1797 frames, 192x352
2026-07-27 15:34:47 [rank1] INFO:   ✓ case73: 22 chunks saved in 98.9s
2026-07-27 15:34:47 [rank1] INFO: [PROCESS] case81
2026-07-27 15:37:01 [rank1] INFO:   case81: 1797 frames, 192x352
2026-07-27 15:37:26 [rank1] INFO:   ✓ case81: 22 chunks saved in 158.7s
2026-07-27 15:37:26 [rank1] INFO: [PROCESS] case89
2026-07-27 15:38:57 [rank1] INFO: Device: cuda:1 (rank 1)
2026-07-27 15:38:57 [rank1] INFO: [LOAD] VAE...
2026-07-27 15:38:57 [rank1] INFO: [LOAD] Text Encoder...
2026-07-27 15:39:12 [rank1] INFO: [DISTRIBUTE] Rank 1 assigned 203/1618 cases
2026-07-27 15:39:12 [rank1] INFO: [SKIP] case1: already preprocessed
2026-07-27 15:39:12 [rank1] INFO: [SKIP] case9: already preprocessed
2026-07-27 15:39:12 [rank1] INFO: [SKIP] case17: already preprocessed
2026-07-27 15:39:12 [rank1] INFO: [SKIP] case25: already preprocessed
2026-07-27 15:39:12 [rank1] INFO: [SKIP] case33: already preprocessed
2026-07-27 15:39:12 [rank1] INFO: [SKIP] case41: already preprocessed
2026-07-27 15:39:12 [rank1] INFO: [SKIP] case49: already preprocessed
2026-07-27 15:39:12 [rank1] INFO: [SKIP] case57: already preprocessed
2026-07-27 15:39:12 [rank1] INFO: [SKIP] case65: already preprocessed
2026-07-27 15:39:12 [rank1] INFO: [SKIP] case73: already preprocessed
2026-07-27 15:39:12 [rank1] INFO: [SKIP] case81: already preprocessed
2026-07-27 15:39:12 [rank1] INFO: [PROCESS] case89
2026-07-27 15:39:16 [rank1] INFO:   case89: 1797 frames, 192x352
2026-07-27 15:39:45 [rank1] INFO:   ✓ case89: 22 chunks saved in 33.5s
2026-07-27 15:39:45 [rank1] INFO: [PROCESS] case97
2026-07-27 15:39:49 [rank1] INFO:   case97: 1797 frames, 192x352
2026-07-27 15:40:18 [rank1] INFO:   ✓ case97: 22 chunks saved in 32.6s
2026-07-27 15:40:18 [rank1] INFO: [PROCESS] case105
2026-07-27 15:40:22 [rank1] INFO:   case105: 1797 frames, 192x352
2026-07-27 15:40:50 [rank1] INFO:   ✓ case105: 22 chunks saved in 32.6s
2026-07-27 15:40:51 [rank1] INFO: [PROCESS] case113
2026-07-27 15:40:54 [rank1] INFO:   case113: 1797 frames, 192x352
2026-07-27 15:41:24 [rank1] INFO:   ✓ case113: 22 chunks saved in 32.9s
2026-07-27 15:41:24 [rank1] INFO: [PROCESS] case121
2026-07-27 15:41:28 [rank1] INFO:   case121: 1797 frames, 192x352
2026-07-27 15:41:56 [rank1] INFO:   ✓ case121: 22 chunks saved in 32.5s
2026-07-27 15:41:56 [rank1] INFO: [PROCESS] case129
2026-07-27 15:42:00 [rank1] INFO:   case129: 1797 frames, 192x352
2026-07-27 15:42:29 [rank1] INFO:   ✓ case129: 22 chunks saved in 32.4s
2026-07-27 15:42:29 [rank1] INFO: [PROCESS] case137
2026-07-27 15:42:32 [rank1] INFO:   case137: 1797 frames, 192x352
2026-07-27 15:43:01 [rank1] INFO:   ✓ case137: 22 chunks saved in 32.5s
2026-07-27 15:43:01 [rank1] INFO: [PROCESS] case145
2026-07-27 15:43:05 [rank1] INFO:   case145: 1797 frames, 192x352
2026-07-27 15:43:34 [rank1] INFO:   ✓ case145: 22 chunks saved in 32.5s
2026-07-27 15:43:34 [rank1] INFO: [PROCESS] case153
2026-07-27 15:43:38 [rank1] INFO:   case153: 1797 frames, 192x352
2026-07-27 15:44:07 [rank1] INFO:   ✓ case153: 22 chunks saved in 32.6s
2026-07-27 15:44:07 [rank1] INFO: [PROCESS] case161
2026-07-27 15:44:10 [rank1] INFO:   case161: 1797 frames, 192x352
2026-07-27 15:44:39 [rank1] INFO:   ✓ case161: 22 chunks saved in 32.3s
2026-07-27 15:44:39 [rank1] INFO: [PROCESS] case169
2026-07-27 15:44:43 [rank1] INFO:   case169: 1797 frames, 192x352
2026-07-27 15:45:11 [rank1] INFO:   ✓ case169: 22 chunks saved in 32.4s
2026-07-27 15:45:12 [rank1] INFO: [PROCESS] case177
2026-07-27 15:45:15 [rank1] INFO:   case177: 1797 frames, 192x352
2026-07-27 15:45:44 [rank1] INFO:   ✓ case177: 22 chunks saved in 32.4s
2026-07-27 15:45:44 [rank1] INFO: [PROCESS] case185
2026-07-27 15:45:48 [rank1] INFO:   case185: 1797 frames, 192x352
2026-07-27 15:46:16 [rank1] INFO:   ✓ case185: 22 chunks saved in 32.2s
2026-07-27 15:46:16 [rank1] INFO: [PROCESS] case193
2026-07-27 15:46:20 [rank1] INFO:   case193: 1797 frames, 192x352
2026-07-27 15:46:49 [rank1] INFO:   ✓ case193: 22 chunks saved in 32.7s
2026-07-27 15:46:49 [rank1] INFO: [PROCESS] case201
2026-07-27 15:46:53 [rank1] INFO:   case201: 1797 frames, 192x352
2026-07-27 15:47:22 [rank1] INFO:   ✓ case201: 22 chunks saved in 32.8s
2026-07-27 15:47:22 [rank1] INFO: [PROCESS] case209
2026-07-27 15:47:26 [rank1] INFO:   case209: 1797 frames, 192x352
2026-07-27 15:47:55 [rank1] INFO:   ✓ case209: 22 chunks saved in 32.8s
2026-07-27 15:47:55 [rank1] INFO: [PROCESS] case217
2026-07-27 15:47:59 [rank1] INFO:   case217: 1797 frames, 192x352
2026-07-27 15:48:27 [rank1] INFO:   ✓ case217: 22 chunks saved in 32.5s
2026-07-27 15:48:28 [rank1] INFO: [PROCESS] case225
2026-07-27 15:48:32 [rank1] INFO:   case225: 1797 frames, 192x352
2026-07-27 15:49:00 [rank1] INFO:   ✓ case225: 22 chunks saved in 32.6s
2026-07-27 15:49:00 [rank1] INFO: [PROCESS] case233
2026-07-27 15:49:04 [rank1] INFO:   case233: 1797 frames, 192x352
2026-07-27 15:49:33 [rank1] INFO:   ✓ case233: 22 chunks saved in 32.8s
2026-07-27 15:49:33 [rank1] INFO: [PROCESS] case241
2026-07-27 15:49:37 [rank1] INFO:   case241: 1797 frames, 192x352
2026-07-27 15:50:05 [rank1] INFO:   ✓ case241: 22 chunks saved in 32.2s
2026-07-27 15:50:06 [rank1] INFO: [PROCESS] case249
2026-07-27 15:50:09 [rank1] INFO:   case249: 1797 frames, 192x352
2026-07-27 15:50:38 [rank1] INFO:   ✓ case249: 22 chunks saved in 32.5s
2026-07-27 15:50:38 [rank1] INFO: [PROCESS] case257
2026-07-27 15:50:42 [rank1] INFO:   case257: 1797 frames, 192x352
2026-07-27 15:51:10 [rank1] INFO:   ✓ case257: 22 chunks saved in 32.2s
2026-07-27 15:51:10 [rank1] INFO: [PROCESS] case265
2026-07-27 15:51:14 [rank1] INFO:   case265: 1797 frames, 192x352
2026-07-27 15:51:43 [rank1] INFO:   ✓ case265: 22 chunks saved in 32.2s
2026-07-27 15:51:43 [rank1] INFO: [PROCESS] case273
2026-07-27 15:51:46 [rank1] INFO:   case273: 1797 frames, 192x352
2026-07-27 15:52:15 [rank1] INFO:   ✓ case273: 22 chunks saved in 32.1s
2026-07-27 15:52:15 [rank1] INFO: [PROCESS] case281
2026-07-27 15:52:19 [rank1] INFO:   case281: 1797 frames, 192x352
2026-07-27 15:52:47 [rank1] INFO:   ✓ case281: 22 chunks saved in 32.2s
2026-07-27 15:52:47 [rank1] INFO: [PROCESS] case289
2026-07-27 15:52:51 [rank1] INFO:   case289: 1797 frames, 192x352
2026-07-27 15:53:19 [rank1] INFO:   ✓ case289: 22 chunks saved in 32.3s
2026-07-27 15:53:20 [rank1] INFO: [PROCESS] case297
2026-07-27 15:53:23 [rank1] INFO:   case297: 1797 frames, 192x352
2026-07-27 15:53:51 [rank1] INFO:   ✓ case297: 22 chunks saved in 31.9s
2026-07-27 15:53:52 [rank1] INFO: [PROCESS] case305
2026-07-27 15:53:55 [rank1] INFO:   case305: 1797 frames, 192x352
2026-07-27 15:54:24 [rank1] INFO:   ✓ case305: 22 chunks saved in 32.0s
2026-07-27 15:54:24 [rank1] INFO: [PROCESS] case313
2026-07-27 15:54:28 [rank1] INFO:   case313: 1797 frames, 192x352
2026-07-27 15:54:56 [rank1] INFO:   ✓ case313: 22 chunks saved in 32.4s
2026-07-27 15:54:56 [rank1] INFO: [PROCESS] case321
2026-07-27 15:55:00 [rank1] INFO:   case321: 1797 frames, 192x352
2026-07-27 15:55:28 [rank1] INFO:   ✓ case321: 22 chunks saved in 31.9s
2026-07-27 15:55:28 [rank1] INFO: [PROCESS] case329
2026-07-27 15:55:32 [rank1] INFO:   case329: 1797 frames, 192x352
2026-07-27 15:56:00 [rank1] INFO:   ✓ case329: 22 chunks saved in 32.0s
2026-07-27 15:56:00 [rank1] INFO: [PROCESS] case337
2026-07-27 15:56:04 [rank1] INFO:   case337: 1797 frames, 192x352
2026-07-27 15:56:33 [rank1] INFO:   ✓ case337: 22 chunks saved in 32.4s
2026-07-27 15:56:33 [rank1] INFO: [PROCESS] case345
2026-07-27 15:56:37 [rank1] INFO:   case345: 1797 frames, 192x352
2026-07-27 15:57:05 [rank1] INFO:   ✓ case345: 22 chunks saved in 31.7s
2026-07-27 15:57:05 [rank1] INFO: [PROCESS] case353
2026-07-27 15:57:08 [rank1] INFO:   case353: 1797 frames, 192x352
2026-07-27 15:57:36 [rank1] INFO:   ✓ case353: 22 chunks saved in 31.6s
2026-07-27 15:57:36 [rank1] INFO: [PROCESS] case361
2026-07-27 15:57:40 [rank1] INFO:   case361: 1797 frames, 192x352
2026-07-27 15:58:08 [rank1] INFO:   ✓ case361: 22 chunks saved in 31.8s
2026-07-27 15:58:08 [rank1] INFO: [PROCESS] case369
2026-07-27 15:58:12 [rank1] INFO:   case369: 1797 frames, 192x352
2026-07-27 15:58:40 [rank1] INFO:   ✓ case369: 22 chunks saved in 32.3s
2026-07-27 15:58:41 [rank1] INFO: [PROCESS] case377
2026-07-27 15:58:45 [rank1] INFO:   case377: 1797 frames, 192x352
2026-07-27 15:59:13 [rank1] INFO:   ✓ case377: 22 chunks saved in 32.0s
2026-07-27 15:59:13 [rank1] INFO: [PROCESS] case385
2026-07-27 15:59:16 [rank1] INFO:   case385: 1797 frames, 192x352
2026-07-27 15:59:44 [rank1] INFO:   ✓ case385: 22 chunks saved in 31.8s
2026-07-27 15:59:45 [rank1] INFO: [PROCESS] case393
2026-07-27 15:59:48 [rank1] INFO:   case393: 1797 frames, 192x352
2026-07-27 16:00:16 [rank1] INFO:   ✓ case393: 22 chunks saved in 31.9s
2026-07-27 16:00:17 [rank1] INFO: [PROCESS] case401
2026-07-27 16:00:21 [rank1] INFO:   case401: 1797 frames, 192x352
2026-07-27 16:00:49 [rank1] INFO:   ✓ case401: 22 chunks saved in 32.0s
2026-07-27 16:00:49 [rank1] INFO: [PROCESS] case409
2026-07-27 16:00:52 [rank1] INFO:   case409: 1797 frames, 192x352
2026-07-27 16:01:20 [rank1] INFO:   ✓ case409: 22 chunks saved in 31.7s
2026-07-27 16:01:21 [rank1] INFO: [PROCESS] case417
2026-07-27 16:01:24 [rank1] INFO:   case417: 1797 frames, 192x352
2026-07-27 16:01:53 [rank1] INFO:   ✓ case417: 22 chunks saved in 32.0s
2026-07-27 16:01:53 [rank1] INFO: [PROCESS] case425
2026-07-27 16:01:57 [rank1] INFO:   case425: 1797 frames, 192x352
2026-07-27 16:02:25 [rank1] INFO:   ✓ case425: 22 chunks saved in 31.8s
2026-07-27 16:02:25 [rank1] INFO: [PROCESS] case433
2026-07-27 16:02:28 [rank1] INFO:   case433: 1797 frames, 192x352
2026-07-27 16:02:56 [rank1] INFO:   ✓ case433: 22 chunks saved in 31.9s
2026-07-27 16:02:57 [rank1] INFO: [PROCESS] case441
2026-07-27 16:03:00 [rank1] INFO:   case441: 1797 frames, 192x352
2026-07-27 16:03:28 [rank1] INFO:   ✓ case441: 22 chunks saved in 31.9s
2026-07-27 16:03:29 [rank1] INFO: [PROCESS] case449
2026-07-27 16:03:32 [rank1] INFO:   case449: 1797 frames, 192x352
2026-07-27 16:04:01 [rank1] INFO:   ✓ case449: 22 chunks saved in 32.0s
2026-07-27 16:04:01 [rank1] INFO: [PROCESS] case457
2026-07-27 16:04:05 [rank1] INFO:   case457: 1797 frames, 192x352
2026-07-27 16:04:33 [rank1] INFO:   ✓ case457: 22 chunks saved in 32.4s
2026-07-27 16:04:33 [rank1] INFO: [PROCESS] case465
2026-07-27 16:04:37 [rank1] INFO:   case465: 1797 frames, 192x352
2026-07-27 16:05:05 [rank1] INFO:   ✓ case465: 22 chunks saved in 32.1s
2026-07-27 16:05:05 [rank1] INFO: [PROCESS] case473
2026-07-27 16:05:10 [rank1] INFO:   case473: 1797 frames, 192x352
2026-07-27 16:05:38 [rank1] INFO:   ✓ case473: 22 chunks saved in 32.4s
2026-07-27 16:05:38 [rank1] INFO: [PROCESS] case481
2026-07-27 16:05:42 [rank1] INFO:   case481: 1797 frames, 192x352
2026-07-27 16:06:10 [rank1] INFO:   ✓ case481: 22 chunks saved in 31.8s
2026-07-27 16:06:10 [rank1] INFO: [PROCESS] case489
2026-07-27 16:06:14 [rank1] INFO:   case489: 1797 frames, 192x352
2026-07-27 16:06:42 [rank1] INFO:   ✓ case489: 22 chunks saved in 31.8s
2026-07-27 16:06:42 [rank1] INFO: [PROCESS] case497
2026-07-27 16:06:46 [rank1] INFO:   case497: 1797 frames, 192x352
2026-07-27 16:07:14 [rank1] INFO:   ✓ case497: 22 chunks saved in 31.8s
2026-07-27 16:07:14 [rank1] INFO: [PROCESS] case505
2026-07-27 16:07:17 [rank1] INFO:   case505: 1797 frames, 192x352
2026-07-27 16:07:45 [rank1] INFO:   ✓ case505: 22 chunks saved in 31.7s
2026-07-27 16:07:45 [rank1] INFO: [PROCESS] case513
2026-07-27 16:07:49 [rank1] INFO:   case513: 1797 frames, 192x352
2026-07-27 16:08:18 [rank1] INFO:   ✓ case513: 22 chunks saved in 32.1s
2026-07-27 16:08:18 [rank1] INFO: [PROCESS] case521
2026-07-27 16:08:21 [rank1] INFO:   case521: 1797 frames, 192x352
2026-07-27 16:08:50 [rank1] INFO:   ✓ case521: 22 chunks saved in 32.0s
2026-07-27 16:08:50 [rank1] INFO: [PROCESS] case529
2026-07-27 16:08:54 [rank1] INFO:   case529: 1797 frames, 192x352
2026-07-27 16:09:22 [rank1] INFO:   ✓ case529: 22 chunks saved in 31.9s
2026-07-27 16:09:22 [rank1] INFO: [PROCESS] case537
2026-07-27 16:09:26 [rank1] INFO:   case537: 1797 frames, 192x352
2026-07-27 16:09:54 [rank1] INFO:   ✓ case537: 22 chunks saved in 32.3s
2026-07-27 16:09:54 [rank1] INFO: [PROCESS] case545
2026-07-27 16:09:58 [rank1] INFO:   case545: 1797 frames, 192x352
2026-07-27 16:10:26 [rank1] INFO:   ✓ case545: 22 chunks saved in 32.0s
2026-07-27 16:10:26 [rank1] INFO: [PROCESS] case553
2026-07-27 16:10:30 [rank1] INFO:   case553: 1797 frames, 192x352
2026-07-27 16:10:58 [rank1] INFO:   ✓ case553: 22 chunks saved in 32.2s
2026-07-27 16:10:59 [rank1] INFO: [PROCESS] case561
2026-07-27 16:11:03 [rank1] INFO:   case561: 1797 frames, 192x352
2026-07-27 16:11:31 [rank1] INFO:   ✓ case561: 22 chunks saved in 32.1s
2026-07-27 16:11:31 [rank1] INFO: [PROCESS] case569
2026-07-27 16:11:35 [rank1] INFO:   case569: 1797 frames, 192x352
2026-07-27 16:12:03 [rank1] INFO:   ✓ case569: 22 chunks saved in 32.0s
2026-07-27 16:12:03 [rank1] INFO: [PROCESS] case577
2026-07-27 16:12:07 [rank1] INFO:   case577: 1797 frames, 192x352
2026-07-27 16:12:35 [rank1] INFO:   ✓ case577: 22 chunks saved in 31.9s
2026-07-27 16:12:35 [rank1] INFO: [PROCESS] case585
2026-07-27 16:12:39 [rank1] INFO:   case585: 1797 frames, 192x352
2026-07-27 16:13:07 [rank1] INFO:   ✓ case585: 22 chunks saved in 31.9s
2026-07-27 16:13:07 [rank1] INFO: [PROCESS] case593
2026-07-27 16:13:11 [rank1] INFO:   case593: 1797 frames, 192x352
2026-07-27 16:13:39 [rank1] INFO:   ✓ case593: 22 chunks saved in 32.1s
2026-07-27 16:13:39 [rank1] INFO: [PROCESS] case601
2026-07-27 16:13:43 [rank1] INFO:   case601: 1797 frames, 192x352
2026-07-27 16:14:11 [rank1] INFO:   ✓ case601: 22 chunks saved in 32.0s
2026-07-27 16:14:11 [rank1] INFO: [PROCESS] case609
2026-07-27 16:14:15 [rank1] INFO:   case609: 1797 frames, 192x352
2026-07-27 16:14:43 [rank1] INFO:   ✓ case609: 22 chunks saved in 31.8s
2026-07-27 16:14:43 [rank1] INFO: [PROCESS] case617
2026-07-27 16:14:47 [rank1] INFO:   case617: 1797 frames, 192x352
2026-07-27 16:15:15 [rank1] INFO:   ✓ case617: 22 chunks saved in 31.8s
2026-07-27 16:15:15 [rank1] INFO: [PROCESS] case625
2026-07-27 16:15:19 [rank1] INFO:   case625: 1797 frames, 192x352
2026-07-27 16:15:47 [rank1] INFO:   ✓ case625: 22 chunks saved in 31.6s
2026-07-27 16:15:47 [rank1] INFO: [PROCESS] case633
2026-07-27 16:15:51 [rank1] INFO:   case633: 1797 frames, 192x352
2026-07-27 16:16:18 [rank1] INFO:   ✓ case633: 22 chunks saved in 31.5s
2026-07-27 16:16:18 [rank1] INFO: [PROCESS] case641
2026-07-27 16:16:23 [rank1] INFO:   case641: 1797 frames, 192x352
2026-07-27 16:16:50 [rank1] INFO:   ✓ case641: 22 chunks saved in 31.9s
2026-07-27 16:16:51 [rank1] INFO: [PROCESS] case649
2026-07-27 16:16:54 [rank1] INFO:   case649: 1797 frames, 192x352
2026-07-27 16:17:22 [rank1] INFO:   ✓ case649: 22 chunks saved in 31.9s
2026-07-27 16:17:23 [rank1] INFO: [PROCESS] case657
2026-07-27 16:17:26 [rank1] INFO:   case657: 1797 frames, 192x352
2026-07-27 16:17:54 [rank1] INFO:   ✓ case657: 22 chunks saved in 31.6s
2026-07-27 16:17:54 [rank1] INFO: [PROCESS] case665
2026-07-27 16:17:58 [rank1] INFO:   case665: 1797 frames, 192x352
2026-07-27 16:18:26 [rank1] INFO:   ✓ case665: 22 chunks saved in 31.9s
2026-07-27 16:18:26 [rank1] INFO: [PROCESS] case673
2026-07-27 16:18:30 [rank1] INFO:   case673: 1797 frames, 192x352
2026-07-27 16:18:58 [rank1] INFO:   ✓ case673: 22 chunks saved in 31.9s
2026-07-27 16:18:58 [rank1] INFO: [PROCESS] case681
2026-07-27 16:19:02 [rank1] INFO:   case681: 1797 frames, 192x352
2026-07-27 16:19:30 [rank1] INFO:   ✓ case681: 22 chunks saved in 31.4s
2026-07-27 16:19:30 [rank1] INFO: [PROCESS] case689
2026-07-27 16:19:34 [rank1] INFO:   case689: 1797 frames, 192x352
2026-07-27 16:20:02 [rank1] INFO:   ✓ case689: 22 chunks saved in 31.8s
2026-07-27 16:20:02 [rank1] INFO: [PROCESS] case697
2026-07-27 16:20:06 [rank1] INFO:   case697: 1797 frames, 192x352
2026-07-27 16:20:34 [rank1] INFO:   ✓ case697: 22 chunks saved in 31.7s
2026-07-27 16:20:34 [rank1] INFO: [PROCESS] case705
2026-07-27 16:20:38 [rank1] INFO:   case705: 1797 frames, 192x352
2026-07-27 16:21:05 [rank1] INFO:   ✓ case705: 22 chunks saved in 31.7s
2026-07-27 16:21:05 [rank1] INFO: [PROCESS] case713
2026-07-27 16:21:10 [rank1] INFO:   case713: 1797 frames, 192x352
2026-07-27 16:21:37 [rank1] INFO:   ✓ case713: 22 chunks saved in 31.7s
2026-07-27 16:21:37 [rank1] INFO: [PROCESS] case721
2026-07-27 16:21:41 [rank1] INFO:   case721: 1797 frames, 192x352
2026-07-27 16:22:09 [rank1] INFO:   ✓ case721: 22 chunks saved in 31.5s
2026-07-27 16:22:09 [rank1] INFO: [PROCESS] case729
2026-07-27 16:22:13 [rank1] INFO:   case729: 1797 frames, 192x352
2026-07-27 16:22:41 [rank1] INFO:   ✓ case729: 22 chunks saved in 31.8s
2026-07-27 16:22:41 [rank1] INFO: [PROCESS] case737
2026-07-27 16:22:45 [rank1] INFO:   case737: 1797 frames, 192x352
2026-07-27 16:23:12 [rank1] INFO:   ✓ case737: 22 chunks saved in 31.7s
2026-07-27 16:23:13 [rank1] INFO: [PROCESS] case745
2026-07-27 16:23:17 [rank1] INFO:   case745: 1797 frames, 192x352
2026-07-27 16:23:44 [rank1] INFO:   ✓ case745: 22 chunks saved in 31.8s
2026-07-27 16:23:45 [rank1] INFO: [PROCESS] case753
2026-07-27 16:23:49 [rank1] INFO:   case753: 1797 frames, 192x352
2026-07-27 16:24:17 [rank1] INFO:   ✓ case753: 22 chunks saved in 32.3s
2026-07-27 16:24:17 [rank1] INFO: [PROCESS] case761
2026-07-27 16:24:21 [rank1] INFO:   case761: 1797 frames, 192x352
2026-07-27 16:24:48 [rank1] INFO:   ✓ case761: 22 chunks saved in 31.4s
2026-07-27 16:24:49 [rank1] INFO: [PROCESS] case769
2026-07-27 16:24:52 [rank1] INFO:   case769: 1797 frames, 192x352
2026-07-27 16:25:20 [rank1] INFO:   ✓ case769: 22 chunks saved in 31.6s
2026-07-27 16:25:20 [rank1] INFO: [PROCESS] case777
2026-07-27 16:25:24 [rank1] INFO:   case777: 1797 frames, 192x352
2026-07-27 16:25:52 [rank1] INFO:   ✓ case777: 22 chunks saved in 32.1s
2026-07-27 16:25:53 [rank1] INFO: [PROCESS] case785
2026-07-27 16:25:57 [rank1] INFO:   case785: 1797 frames, 192x352
2026-07-27 16:26:25 [rank1] INFO:   ✓ case785: 22 chunks saved in 32.1s
2026-07-27 16:26:25 [rank1] INFO: [PROCESS] case793
2026-07-27 16:26:29 [rank1] INFO:   case793: 1797 frames, 192x352
2026-07-27 16:26:57 [rank1] INFO:   ✓ case793: 22 chunks saved in 32.7s
2026-07-27 16:26:58 [rank1] INFO: [PROCESS] case801
2026-07-27 16:27:02 [rank1] INFO:   case801: 1797 frames, 192x352
2026-07-27 16:27:30 [rank1] INFO:   ✓ case801: 22 chunks saved in 32.3s
2026-07-27 16:27:30 [rank1] INFO: [PROCESS] case809
2026-07-27 16:27:35 [rank1] INFO:   case809: 1797 frames, 192x352
2026-07-27 16:28:03 [rank1] INFO:   ✓ case809: 22 chunks saved in 33.1s
2026-07-27 16:28:03 [rank1] INFO: [PROCESS] case817
2026-07-27 16:28:08 [rank1] INFO:   case817: 1797 frames, 192x352
2026-07-27 16:28:35 [rank1] INFO:   ✓ case817: 22 chunks saved in 32.1s
2026-07-27 16:28:36 [rank1] INFO: [PROCESS] case825
2026-07-27 16:28:40 [rank1] INFO:   case825: 1797 frames, 192x352
2026-07-27 16:29:08 [rank1] INFO:   ✓ case825: 22 chunks saved in 32.2s
2026-07-27 16:29:08 [rank1] INFO: [PROCESS] case833
2026-07-27 16:29:12 [rank1] INFO:   case833: 1797 frames, 192x352
2026-07-27 16:29:40 [rank1] INFO:   ✓ case833: 22 chunks saved in 32.0s
2026-07-27 16:29:40 [rank1] INFO: [PROCESS] case841
2026-07-27 16:29:44 [rank1] INFO:   case841: 1797 frames, 192x352
2026-07-27 16:30:12 [rank1] INFO:   ✓ case841: 22 chunks saved in 31.9s
2026-07-27 16:30:12 [rank1] INFO: [PROCESS] case849
2026-07-27 16:30:16 [rank1] INFO:   case849: 1797 frames, 192x352
2026-07-27 16:30:44 [rank1] INFO:   ✓ case849: 22 chunks saved in 31.8s
2026-07-27 16:30:44 [rank1] INFO: [PROCESS] case857
2026-07-27 16:30:48 [rank1] INFO:   case857: 1797 frames, 192x352
2026-07-27 16:31:16 [rank1] INFO:   ✓ case857: 22 chunks saved in 32.1s
2026-07-27 16:31:16 [rank1] INFO: [PROCESS] case865
2026-07-27 16:31:20 [rank1] INFO:   case865: 1797 frames, 192x352
2026-07-27 16:31:48 [rank1] INFO:   ✓ case865: 22 chunks saved in 32.0s
2026-07-27 16:31:48 [rank1] INFO: [PROCESS] case873
2026-07-27 16:31:52 [rank1] INFO:   case873: 1797 frames, 192x352
2026-07-27 16:32:20 [rank1] INFO:   ✓ case873: 22 chunks saved in 31.7s
2026-07-27 16:32:20 [rank1] INFO: [PROCESS] case881
2026-07-27 16:32:24 [rank1] INFO:   case881: 1797 frames, 192x352
2026-07-27 16:32:52 [rank1] INFO:   ✓ case881: 22 chunks saved in 31.7s
2026-07-27 16:32:52 [rank1] INFO: [PROCESS] case889
2026-07-27 16:32:56 [rank1] INFO:   case889: 1797 frames, 192x352
2026-07-27 16:33:24 [rank1] INFO:   ✓ case889: 22 chunks saved in 32.2s
2026-07-27 16:33:24 [rank1] INFO: [PROCESS] case897
2026-07-27 16:33:28 [rank1] INFO:   case897: 1797 frames, 192x352
2026-07-27 16:33:56 [rank1] INFO:   ✓ case897: 22 chunks saved in 31.6s
2026-07-27 16:33:56 [rank1] INFO: [PROCESS] case905
2026-07-27 16:34:00 [rank1] INFO:   case905: 1797 frames, 192x352
2026-07-27 16:34:28 [rank1] INFO:   ✓ case905: 22 chunks saved in 31.9s
2026-07-27 16:34:28 [rank1] INFO: [PROCESS] case913
2026-07-27 16:34:32 [rank1] INFO:   case913: 1797 frames, 192x352
2026-07-27 16:35:00 [rank1] INFO:   ✓ case913: 22 chunks saved in 32.1s
2026-07-27 16:35:00 [rank1] INFO: [PROCESS] case921
2026-07-27 16:35:05 [rank1] INFO:   case921: 1797 frames, 192x352
2026-07-27 16:35:32 [rank1] INFO:   ✓ case921: 22 chunks saved in 32.2s
2026-07-27 16:35:32 [rank1] INFO: [PROCESS] case929
2026-07-27 16:35:37 [rank1] INFO:   case929: 1797 frames, 192x352
2026-07-27 16:36:04 [rank1] INFO:   ✓ case929: 22 chunks saved in 31.9s
2026-07-27 16:36:04 [rank1] INFO: [PROCESS] case937
2026-07-27 16:36:09 [rank1] INFO:   case937: 1797 frames, 192x352
2026-07-27 16:36:37 [rank1] INFO:   ✓ case937: 22 chunks saved in 32.1s
2026-07-27 16:36:37 [rank1] INFO: [PROCESS] case945
2026-07-27 16:36:41 [rank1] INFO:   case945: 1797 frames, 192x352
2026-07-27 16:37:09 [rank1] INFO:   ✓ case945: 22 chunks saved in 31.9s
2026-07-27 16:37:09 [rank1] INFO: [PROCESS] case953
2026-07-27 16:37:13 [rank1] INFO:   case953: 1797 frames, 192x352
2026-07-27 16:37:40 [rank1] INFO:   ✓ case953: 22 chunks saved in 31.7s
2026-07-27 16:37:41 [rank1] INFO: [PROCESS] case961
2026-07-27 16:37:45 [rank1] INFO:   case961: 1797 frames, 192x352
2026-07-27 16:38:12 [rank1] INFO:   ✓ case961: 22 chunks saved in 31.7s
2026-07-27 16:38:12 [rank1] INFO: [PROCESS] case969
2026-07-27 16:38:16 [rank1] INFO:   case969: 1797 frames, 192x352
2026-07-27 16:38:44 [rank1] INFO:   ✓ case969: 22 chunks saved in 31.8s
2026-07-27 16:38:44 [rank1] INFO: [PROCESS] case977
2026-07-27 16:38:48 [rank1] INFO:   case977: 1797 frames, 192x352
2026-07-27 16:39:16 [rank1] INFO:   ✓ case977: 22 chunks saved in 31.4s
2026-07-27 16:39:16 [rank1] INFO: [PROCESS] case985
2026-07-27 16:39:20 [rank1] INFO:   case985: 1797 frames, 192x352
2026-07-27 16:39:48 [rank1] INFO:   ✓ case985: 22 chunks saved in 31.7s
2026-07-27 16:39:48 [rank1] INFO: [PROCESS] case993
2026-07-27 16:39:55 [rank1] INFO:   case993: 1797 frames, 192x352
2026-07-27 16:40:23 [rank1] INFO:   ✓ case993: 22 chunks saved in 35.2s
2026-07-27 16:40:23 [rank1] INFO: [PROCESS] case1001
2026-07-27 16:40:27 [rank1] INFO:   case1001: 1797 frames, 192x352
2026-07-27 16:40:55 [rank1] INFO:   ✓ case1001: 22 chunks saved in 32.0s
2026-07-27 16:40:55 [rank1] INFO: [PROCESS] case1009
2026-07-27 16:40:59 [rank1] INFO:   case1009: 1797 frames, 192x352
2026-07-27 16:41:27 [rank1] INFO:   ✓ case1009: 22 chunks saved in 31.8s
2026-07-27 16:41:27 [rank1] INFO: [PROCESS] case1017
2026-07-27 16:41:31 [rank1] INFO:   case1017: 1797 frames, 192x352
2026-07-27 16:41:58 [rank1] INFO:   ✓ case1017: 22 chunks saved in 31.4s
2026-07-27 16:41:59 [rank1] INFO: [PROCESS] case1025
2026-07-27 16:42:04 [rank1] INFO:   case1025: 1797 frames, 192x352
2026-07-27 16:42:31 [rank1] INFO:   ✓ case1025: 22 chunks saved in 32.8s
2026-07-27 16:42:31 [rank1] INFO: [PROCESS] case1033
2026-07-27 16:42:35 [rank1] INFO:   case1033: 1797 frames, 192x352
2026-07-27 16:43:03 [rank1] INFO:   ✓ case1033: 22 chunks saved in 31.7s
2026-07-27 16:43:03 [rank1] INFO: [PROCESS] case1041
2026-07-27 16:43:08 [rank1] INFO:   case1041: 1797 frames, 192x352
2026-07-27 16:43:36 [rank1] INFO:   ✓ case1041: 22 chunks saved in 32.4s
2026-07-27 16:43:36 [rank1] INFO: [PROCESS] case1049
2026-07-27 16:43:40 [rank1] INFO:   case1049: 1797 frames, 192x352
2026-07-27 16:44:08 [rank1] INFO:   ✓ case1049: 22 chunks saved in 31.9s
2026-07-27 16:44:08 [rank1] INFO: [PROCESS] case1057
2026-07-27 16:44:13 [rank1] INFO:   case1057: 1797 frames, 192x352
2026-07-27 16:44:41 [rank1] INFO:   ✓ case1057: 22 chunks saved in 32.8s
2026-07-27 16:44:41 [rank1] INFO: [PROCESS] case1065
2026-07-27 16:44:45 [rank1] INFO:   case1065: 1797 frames, 192x352
2026-07-27 16:45:13 [rank1] INFO:   ✓ case1065: 22 chunks saved in 32.0s
2026-07-27 16:45:13 [rank1] INFO: [PROCESS] case1073
2026-07-27 16:45:17 [rank1] INFO:   case1073: 1797 frames, 192x352
2026-07-27 16:45:44 [rank1] INFO:   ✓ case1073: 22 chunks saved in 31.5s
2026-07-27 16:45:44 [rank1] INFO: [PROCESS] case1081
2026-07-27 16:45:49 [rank1] INFO:   case1081: 1797 frames, 192x352
2026-07-27 16:46:16 [rank1] INFO:   ✓ case1081: 22 chunks saved in 32.0s
2026-07-27 16:46:17 [rank1] INFO: [PROCESS] case1089
2026-07-27 16:46:21 [rank1] INFO:   case1089: 1797 frames, 192x352
2026-07-27 16:46:48 [rank1] INFO:   ✓ case1089: 22 chunks saved in 31.9s
2026-07-27 16:46:49 [rank1] INFO: [PROCESS] case1097
2026-07-27 16:46:53 [rank1] INFO:   case1097: 1797 frames, 192x352
2026-07-27 16:47:20 [rank1] INFO:   ✓ case1097: 22 chunks saved in 31.8s
2026-07-27 16:47:21 [rank1] INFO: [PROCESS] case1105
2026-07-27 16:47:25 [rank1] INFO:   case1105: 1797 frames, 192x352
2026-07-27 16:47:53 [rank1] INFO:   ✓ case1105: 22 chunks saved in 32.3s
2026-07-27 16:47:53 [rank1] INFO: [PROCESS] case1113
2026-07-27 16:47:57 [rank1] INFO:   case1113: 1797 frames, 192x352
2026-07-27 16:48:25 [rank1] INFO:   ✓ case1113: 22 chunks saved in 31.8s
2026-07-27 16:48:25 [rank1] INFO: [PROCESS] case1121
2026-07-27 16:48:30 [rank1] INFO:   case1121: 1797 frames, 192x352
2026-07-27 16:48:57 [rank1] INFO:   ✓ case1121: 22 chunks saved in 32.5s
2026-07-27 16:48:58 [rank1] INFO: [PROCESS] case1129
2026-07-27 16:49:02 [rank1] INFO:   case1129: 1797 frames, 192x352
2026-07-27 16:49:30 [rank1] INFO:   ✓ case1129: 22 chunks saved in 32.1s
2026-07-27 16:49:30 [rank1] INFO: [PROCESS] case1137
2026-07-27 16:49:35 [rank1] INFO:   case1137: 1797 frames, 192x352
2026-07-27 16:50:03 [rank1] INFO:   ✓ case1137: 22 chunks saved in 33.7s
2026-07-27 16:50:04 [rank1] INFO: [PROCESS] case1145
2026-07-27 16:50:09 [rank1] INFO:   case1145: 1797 frames, 192x352
2026-07-27 16:50:37 [rank1] INFO:   ✓ case1145: 22 chunks saved in 33.3s
2026-07-27 16:50:37 [rank1] INFO: [PROCESS] case1153
2026-07-27 16:50:42 [rank1] INFO:   case1153: 1797 frames, 192x352
2026-07-27 16:51:11 [rank1] INFO:   ✓ case1153: 22 chunks saved in 33.7s
2026-07-27 16:51:11 [rank1] INFO: [PROCESS] case1161
2026-07-27 16:51:15 [rank1] INFO:   case1161: 1797 frames, 192x352
2026-07-27 16:51:44 [rank1] INFO:   ✓ case1161: 22 chunks saved in 32.8s
2026-07-27 16:51:44 [rank1] INFO: [PROCESS] case1169
2026-07-27 16:51:49 [rank1] INFO:   case1169: 1797 frames, 192x352
2026-07-27 16:52:17 [rank1] INFO:   ✓ case1169: 22 chunks saved in 33.2s
2026-07-27 16:52:17 [rank1] INFO: [PROCESS] case1177
2026-07-27 16:52:22 [rank1] INFO:   case1177: 1797 frames, 192x352
2026-07-27 16:52:50 [rank1] INFO:   ✓ case1177: 22 chunks saved in 33.2s
2026-07-27 16:52:50 [rank1] INFO: [PROCESS] case1185
2026-07-27 16:52:55 [rank1] INFO:   case1185: 1797 frames, 192x352
2026-07-27 16:53:23 [rank1] INFO:   ✓ case1185: 22 chunks saved in 32.6s
2026-07-27 16:53:23 [rank1] INFO: [PROCESS] case1193
2026-07-27 16:53:28 [rank1] INFO:   case1193: 1797 frames, 192x352
2026-07-27 16:53:56 [rank1] INFO:   ✓ case1193: 22 chunks saved in 32.9s
2026-07-27 16:53:56 [rank1] INFO: [PROCESS] case1201
2026-07-27 16:54:02 [rank1] INFO:   case1201: 1797 frames, 192x352
2026-07-27 16:54:30 [rank1] INFO:   ✓ case1201: 22 chunks saved in 34.1s
2026-07-27 16:54:31 [rank1] INFO: [PROCESS] case1209
2026-07-27 16:54:35 [rank1] INFO:   case1209: 1797 frames, 192x352
2026-07-27 16:55:03 [rank1] INFO:   ✓ case1209: 22 chunks saved in 32.6s
2026-07-27 16:55:03 [rank1] INFO: [PROCESS] case1217
2026-07-27 16:55:08 [rank1] INFO:   case1217: 1797 frames, 192x352
